12-29 21:00:26.681  1676  2419 I AodResProviderClient: getAll sSpMap:{is_animationable=true, product_customized=false, animation_duration=0, bitmap_byte_count_dual=1660288, digit_dual_res=dual_number_0,dual_number_1,dual_number_2,dual_number_3,dual_number_4,dual_number_5,dual_number_6,dual_number_7,dual_number_8,dual_number_9,dual_colon, style_name=onlineClock, festival_name=, clip_start_index=0, preseted=false, bg_fg_type=4, analog_color=-1, vmall_customized=false, animation_num=53, theme_define=3, bitmap_byte_count=1660288, disabled_changeStyle=false, adapteritem_position_id=0, drawable_width=952, digit_single_res=single_number_0,single_number_1,single_number_2,single_number_3,single_number_4,single_number_5,single_number_6,single_number_7,single_number_8,single_number_9,single_colon, pre_on_cloud=false, animation_res=dynamic, pattern_bg_view_rect=0,0,0,0, mdmCustomized=false, font_color=-1710619, bg_res=digit_bg, name=digitclock, style=16, drawable_height=872}
12-29 21:00:26.681  1676  2419 I AodResProviderClient: getAll endSection
12-29 21:00:26.681  1676  2419 I AodThemeManager: parseThemeInfoFromSharedPreference with mIsResNameSolution : true
12-29 21:00:26.681  1676  2419 I AodThemeManager: dealWithBackgroundRes get mBackgroundResId : 2131231350
12-29 21:00:26.681  1676  2419 I HwAodManagerService: handleAnimationResource mAnimationBufferSize=1660288, maxAnimationCount=62, configAnimCount=53
12-29 21:00:26.681  1676  2581 W DevicePolicyManager: Unknown user type: UserInfo{128:分身应用:4000410}
12-29 21:00:26.683  1676  2103 I HwNormalizedAutomaticBrightnessController: setBrightnessNoLimit set auto Brightness=-1,time=500
12-29 21:00:26.683  1676  2103 I HwNormalizedManualBrightnessController: setBrightnessNoLimit set brightness=-1,time=500
12-29 21:00:26.683  1676  2103 I HwNormalizedAutomaticBrightnessController: isPowerOnEnable=false,mPowerPolicy=0,policy=0, mPowerState=2,state=1
12-29 21:00:26.683  1676  2103 I HwAmbientLuxFilterAlgo: clear buffer data and algo flags,mLastCloseScreenLux=155.0
12-29 21:00:26.683  1676  2103 I HwNormalizedAutomaticBrightnessController: Disable LightSensor starting...
12-29 21:00:26.685  1676  2468 I HwDualSensorEventListenerImpl: detachFusedSensorData start
12-29 21:00:26.685  1676  2468 I HwDualSensorEventListenerImpl: detachFusedSensorData,count=0
12-29 21:00:26.686  1676  2465 I HwDualSensorEventListenerImpl: back sensor disabling.
12-29 21:00:26.686  1676  2103 I HwBrightnessSceneController: updateLightSensorEnabled LightSensorEnabled=false
12-29 21:00:26.686  1676  2103 I DisplayPowerController[0]: Animating brightness: target=0.0,rate=0.0,brightnessTargetReal=0,targetReal=0.0,sdrTarget=0.0,AutoBrightness=true
12-29 21:00:26.686  1676  2103 I DisplayPowerState: setScreenBrightness: mScreenBrightness=0.05->brightness=0.0,mScreenState=1,mDisplayId=0
12-29 21:00:26.686  1676  2103 I DisplayPowerController[0]: update mPowerPolicyChangeFromDimming set screen_auto_brightness db=0 when poweroff from dim
12-29 21:00:26.686  1676  2103 I HwNormalizedRampAnimator: hbm_dimming target=0 rate=0 duration=0.0
12-29 21:00:26.687  1676  1904 I HwAudioServiceEx: ComponentInfo : className = com.huawei.android.launcher.unihome.UniHomeLauncher, flag = onPause, isHomeActivity = , isTop = false
12-29 21:00:26.687  1676  2354 W HwAudioServiceEx: SoundEffectState bundle get reserved is invalid
12-29 21:00:26.687  1676  2354 I HwAudioServiceEx: sendAppKilledIntentForKit, isKitPackageOnPause = false, isKitPackageKill = false, isKitPackageOnResume = false
12-29 21:00:26.687  1676  2103 I HwNormalizedRampAnimator: hbm_dimming target=0 rate=0 duration=0.0
12-29 21:00:26.688  1676  1961 I HwBrightnessSceneController: no updateBrightnessNit,brightness=0
12-29 21:00:26.693  1676  2465 I HwDualSensorEventListenerImpl: back sensor disabled.
12-29 21:00:26.696  1676  2103 V DisplayPowerController[0]: Brightness [-1.0] reason changing to: 'screen_off', previous reason: 'automatic'.
12-29 21:00:26.696  1676  2103 I DisplayPowerState: Requesting new brightnessState, mPendingBacklight=-1.0->brightnessState=-1.0,state=OFF,stateChanged=true,backlightChanged=false,mDisplayId=0
12-29 21:00:26.696  1676  2103 I DisplayPowerController[0]: mPowerState.mScreenChangedReason: 0 mPendingRequestLocked.mScreenChangeReason 0
12-29 21:00:26.696  1676  2461 I DisplayPowerState: Requesting new brightnessState, mActualBacklight=-1.0->brightnessState=-1.0,state=OFF,stateChanged=true,backlightChanged=false,mDisplayId=0
12-29 21:00:26.697  1676  2461 I DisplayPowerState: set screen turn off reason mScreenChangedReason: 0
12-29 21:00:26.697  1676  2461 D HwPhoneWindowManager: finish hwSetFeatureConfig with result: 0 reasonString: 0
12-29 21:00:26.697  1676  2461 I LocalDisplayAdapter: requestDisplayStateLocked stateChanged id=0,mState=2,state=1,mBrightnessState=-1.0,brightnessState=-1.0
12-29 21:00:26.698  1676  1890 V LocalDisplayAdapter: getDisplayDeviceInfoLocked called,1152x2376, 1344x2772displayCutout DisplayCutout{insets=Rect(0, 120 - 0, 0) waterfall=Insets{left=0, top=0, right=0, bottom=0} boundingRect={Bounds=[Rect(0, 0 - 0, 0), Rect(0, 0 - 370, 120), Rect(0, 0 - 0, 0), Rect(0, 0 - 0, 0)]} cutoutPathParserInfo={CutoutPathParserInfo{displayWidth=1152 displayHeight=2376 density={3.0} cutoutSpec={M-240,140l-432,0l0,-140l432,0z} rotation={0} scale={1.0}}}}
12-29 21:00:26.698  1676  1890 I DisplayDeviceRepository: Display device changed state: "内置屏幕", OFF
12-29 21:00:26.698  1676  2461 I DisplayManagerService: get runnbale end
12-29 21:00:26.698  1676  2461 I LocalDisplayAdapter: setDisplayState end
12-29 21:00:26.698  1676  2461 I LocalDisplayAdapter: set ForceSetPowerModeOnce start
12-29 21:00:26.698  1676  2461 I LocalDisplayAdapter: setDisplayState(id=0, state=OFF)
12-29 21:00:26.699  1676  1890 I DisplayManagerService: onDisplayNotFpsChanged displayId:0
12-29 21:00:26.700  1676  1890 I WindowManager: return DEFAULT_DISPLAY for non-DesktopMode.
12-29 21:00:26.703  1676  1961 D LightsService: updateDisplayState mDisplayState=2->1
12-29 21:00:26.703  1676  2693 I AlarmManager: remove Alarm{c65a8ed type 3 origWhen 869079989 whenElapsed 869079989 PendingIntent{c5ee975: PendingIntentRecord{5093d0a android broadcastIntent}} android procName system} according to PendingIntent: c5ee975 by reason: 1
12-29 21:00:26.703  1676  2693 I AlarmManager: set(PendingIntent{c5ee975: PendingIntentRecord{5093d0a android broadcastIntent}}) : type=3 triggerAtTime=869207432 win=3600000 tElapsed=869207432 maxElapsed=872807432 interval=0 flags=0x8 at=+86400000ms uid=1000 count=25 callingClass=com.android.server.NetworkTimeUpdateService.resetAlarm:269 
12-29 21:00:26.705  1676  1676 I HwMultiDisplayManager: onDisplayChanged: 0
12-29 21:00:26.709  1676  1888 I HwActivityTaskSupervisorEx: handleVrDisplayChanged displayId = 0
12-29 21:00:26.709  1676  1888 W HwActivityTaskSupervisorEx: handleVrDisplayChanged other vr mode displayId: 0
12-29 21:00:26.713  1676  2581 W ProcBatteryStats: timer is running , not start, name: com.android.phone, uid: 1001, tag: *telephony-radio*
12-29 21:00:26.714  1676  1891 D HwActivityTaskManagerServiceEx: isActivityVisiableInFingerBoost:ActivityRecord{cffb08d u0 com.huawei.android.launcher/.unihome.UniHomeLauncher t1002}
12-29 21:00:26.714  1676  1891 D HwActivityTaskManagerServiceEx: isActivityVisiableInFingerBoost:ActivityRecord{cffb08d u0 com.huawei.android.launcher/.unihome.UniHomeLauncher t1002}
12-29 21:00:26.715  1676  1891 D LogicalDisplay: configureDisplayLocked mTempLayerStackRect=Rect(0, 0 - 1152, 2376) mTempDisplayRect=Rect(0, 0 - 1344, 2772) orientation = 0
12-29 21:00:26.715  1676  1891 I DisplayDevice: setProjectionLocked displayId 0 isDefaultDisplay true orientation(0->0) LayerStackRect(Rect(0, 0 - 1152, 2376)->Rect(0, 0 - 1152, 2376)) DisplayRect(Rect(0, 0 - 1344, 2772)->Rect(0, 0 - 1344, 2772))
12-29 21:00:26.715  1676  1891 I DisplayDevice: isNeedRefreshOrientaion orientation 0
12-29 21:00:26.716  1676  1891 W VirtualDisplayAdapter: setRequestedColorModeLocked return because not supportcolormode.
12-29 21:00:26.716  1676  1891 D LogicalDisplay: configureDisplayLocked mTempLayerStackRect=Rect(0, 0 - 1344, 2772) mTempDisplayRect=Rect(0, 0 - 1344, 2772) orientation = 0
12-29 21:00:26.716  1676  1891 I DisplayDevice: setProjectionLocked displayId 800 isDefaultDisplay false orientation(0->0) LayerStackRect(Rect(0, 0 - 1344, 2772)->Rect(0, 0 - 1344, 2772)) DisplayRect(Rect(0, 0 - 1344, 2772)->Rect(0, 0 - 1344, 2772))
12-29 21:00:26.716  1676  1891 W DisplayManagerService: Display DisplayDeviceInfo{"AodVirtualDisplay": uniqueId="****", 1344 x 2772, modeId 800, defaultModeId 800, supportedModes [{id=800, width=1344, height=2772, fps=60.0, alternativeRefreshRates=[]}], colorMode 0, supportedColorModes [0], hdrCapabilities null, allmSupported false, gameContentTypeSupported false, density 560, 560.0 x 560.0 dpi, appVsyncOff 0, presDeadline 16666666, touch NONE, rotation 0, type VIRTUAL, deviceProductInfo null, state OFF, owner com.huawei.aod (uid 10241), frameRateOverride , brightnessMinimum 0.0, brightnessMaximum 0.0, brightnessDefault 0.0, FLAG_PRIVATE, FLAG_NEVER_BLANK, FLAG_OWN_CONTENT_ONLY} does not support input device matching.
12-29 21:00:26.718  1676  2581 I HwActivityManagerServiceEx: provider is prevented for not-prevent
12-29 21:00:26.718  1676  2581 I ContentProviderHelper: Successfully start provider ContentProviderRecord{c88f3ee u0 com.huawei.systemmanager/.power.provider.SmartProvider} launchingApp=null caller pid= 12832
12-29 21:00:26.727  1676  5181 I WindowManager: addWindowToken: displayid:800 binder:android.os.BinderProxy@380e6e9 token:WindowToken{5737f6e android.os.BinderProxy@380e6e9}
12-29 21:00:26.729  1676  5181 I WindowManager: addWindow: Window{14f60f u0 AodScreen_0} currentDisplayId:800 requestDisplayId:800 token:null appearance:0 fl_fullscreen=false vsysui_fullscreen=false
12-29 21:00:26.737  1676  5181 I WindowManager: addWindowToken: displayid:800 binder:android.os.BinderProxy@c4c7088 token:WindowToken{8058a21 android.os.BinderProxy@c4c7088}
12-29 21:00:26.739  1676  5181 I WindowManager: addWindow: Window{f80e46 u0 AodScreen_1} currentDisplayId:800 requestDisplayId:800 token:null appearance:0 fl_fullscreen=false vsysui_fullscreen=false
12-29 21:00:26.751  1676  1738 W ProcBatteryStats: timer is not running , not stop, name: com.android.phone, uid: 1001, tag: *telephony-radio*
12-29 21:00:26.754  1676  5181 I ActivityTaskManager: isDualCodeScene mLastPausedActivity.dualflag = false
12-29 21:00:26.757  1676  1738 I ActivityTaskManager: isDualCodeScene mLastPausedActivity.dualflag = false
12-29 21:00:26.791  1676  5181 D HwActivityTaskManagerServiceEx: isActivityVisiableInFingerBoost:ActivityRecord{cffb08d u0 com.huawei.android.launcher/.unihome.UniHomeLauncher t1002}
12-29 21:00:26.792  1676  5181 D HwActivityTaskManagerServiceEx: isActivityVisiableInFingerBoost:ActivityRecord{cffb08d u0 com.huawei.android.launcher/.unihome.UniHomeLauncher t1002}
12-29 21:00:26.793  1676  5181 I WindowManager: updateFocusedWindowLocked: newFocus is null for  displayId=800
12-29 21:00:26.793  1676  5181 I HwDisplayRotationEx: swingRotationForSensor desireRotation 0 swingRotation 100 sensorRotation -1 lastRotation 0
12-29 21:00:26.793  1676  5181 I WindowManager: Deferring rotation, rotation not changed, rotation=0
12-29 21:00:26.795  1676  1891 D CompatibilityChangeReporter: Compat change id reported: 158002302; UID 10241; state: ENABLED
12-29 21:00:26.833  1676  2581 D HwActivityTaskManagerServiceEx: isActivityVisiableInFingerBoost:ActivityRecord{cffb08d u0 com.huawei.android.launcher/.unihome.UniHomeLauncher t1002}
12-29 21:00:26.833  1676  2581 D HwActivityTaskManagerServiceEx: isActivityVisiableInFingerBoost:ActivityRecord{cffb08d u0 com.huawei.android.launcher/.unihome.UniHomeLauncher t1002}
12-29 21:00:26.834  1676  2581 I WindowManager: reportResized : win = Window{f80e46 u0 AodScreen_1} drawState = DRAW_PENDING
12-29 21:00:26.834  1676  2581 I WindowManager: updateFocusedWindowLocked: newFocus is null for  displayId=800
12-29 21:00:26.846  1676  1891 D HwActivityTaskManagerServiceEx: isActivityVisiableInFingerBoost:ActivityRecord{cffb08d u0 com.huawei.android.launcher/.unihome.UniHomeLauncher t1002}
12-29 21:00:26.846  1676  1891 D HwActivityTaskManagerServiceEx: isActivityVisiableInFingerBoost:ActivityRecord{cffb08d u0 com.huawei.android.launcher/.unihome.UniHomeLauncher t1002}
12-29 21:00:26.848  1676  1891 D HwActivityTaskManagerServiceEx: isActivityVisiableInFingerBoost:ActivityRecord{cffb08d u0 com.huawei.android.launcher/.unihome.UniHomeLauncher t1002}
12-29 21:00:26.848  1676  1891 D HwActivityTaskManagerServiceEx: isActivityVisiableInFingerBoost:ActivityRecord{cffb08d u0 com.huawei.android.launcher/.unihome.UniHomeLauncher t1002}
12-29 21:00:26.848  1676  1891 D LogicalDisplay: configureDisplayLocked mTempLayerStackRect=Rect(0, 0 - 1152, 2376) mTempDisplayRect=Rect(0, 0 - 1344, 2772) orientation = 0
12-29 21:00:26.848  1676  1891 I DisplayDevice: setProjectionLocked displayId 0 isDefaultDisplay true orientation(0->0) LayerStackRect(Rect(0, 0 - 1152, 2376)->Rect(0, 0 - 1152, 2376)) DisplayRect(Rect(0, 0 - 1344, 2772)->Rect(0, 0 - 1344, 2772))
12-29 21:00:26.848  1676  1891 I DisplayDevice: isNeedRefreshOrientaion orientation 0
12-29 21:00:26.849  1676  1891 W VirtualDisplayAdapter: setRequestedColorModeLocked return because not supportcolormode.
12-29 21:00:26.849  1676  1891 D LogicalDisplay: configureDisplayLocked mTempLayerStackRect=Rect(0, 0 - 1344, 2772) mTempDisplayRect=Rect(0, 0 - 1344, 2772) orientation = 0
12-29 21:00:26.849  1676  1891 I DisplayDevice: setProjectionLocked displayId 800 isDefaultDisplay false orientation(0->0) LayerStackRect(Rect(0, 0 - 1344, 2772)->Rect(0, 0 - 1344, 2772)) DisplayRect(Rect(0, 0 - 1344, 2772)->Rect(0, 0 - 1344, 2772))
12-29 21:00:26.849  1676  1891 W DisplayManagerService: Display DisplayDeviceInfo{"AodVirtualDisplay": uniqueId="****", 1344 x 2772, modeId 800, defaultModeId 800, supportedModes [{id=800, width=1344, height=2772, fps=60.0, alternativeRefreshRates=[]}], colorMode 0, supportedColorModes [0], hdrCapabilities null, allmSupported false, gameContentTypeSupported false, density 560, 560.0 x 560.0 dpi, appVsyncOff 0, presDeadline 16666666, touch NONE, rotation 0, type VIRTUAL, deviceProductInfo null, state OFF, owner com.huawei.aod (uid 10241), frameRateOverride , brightnessMinimum 0.0, brightnessMaximum 0.0, brightnessDefault 0.0, FLAG_PRIVATE, FLAG_NEVER_BLANK, FLAG_OWN_CONTENT_ONLY} does not support input device matching.
12-29 21:00:26.857  1676  2581 D HwActivityTaskManagerServiceEx: isActivityVisiableInFingerBoost:ActivityRecord{cffb08d u0 com.huawei.android.launcher/.unihome.UniHomeLauncher t1002}
12-29 21:00:26.857  1676  2581 D HwActivityTaskManagerServiceEx: isActivityVisiableInFingerBoost:ActivityRecord{cffb08d u0 com.huawei.android.launcher/.unihome.UniHomeLauncher t1002}
12-29 21:00:26.862  1676  2581 I WindowManager: updateFocusedWindowLocked: newFocus is null for  displayId=800
12-29 21:00:26.865  1676  1891 D HwActivityTaskManagerServiceEx: isActivityVisiableInFingerBoost:ActivityRecord{cffb08d u0 com.huawei.android.launcher/.unihome.UniHomeLauncher t1002}
12-29 21:00:26.865  1676  1891 D HwActivityTaskManagerServiceEx: isActivityVisiableInFingerBoost:ActivityRecord{cffb08d u0 com.huawei.android.launcher/.unihome.UniHomeLauncher t1002}
12-29 21:00:26.868  1676  1891 D HwActivityTaskManagerServiceEx: isActivityVisiableInFingerBoost:ActivityRecord{cffb08d u0 com.huawei.android.launcher/.unihome.UniHomeLauncher t1002}
12-29 21:00:26.868  1676  1891 D HwActivityTaskManagerServiceEx: isActivityVisiableInFingerBoost:ActivityRecord{cffb08d u0 com.huawei.android.launcher/.unihome.UniHomeLauncher t1002}
12-29 21:00:26.870  1676  1891 I WindowManager: performSurfacePlacementNoTrace: remove WINDOW_FREEZE_TIMEOUT message.
12-29 21:00:26.870  1676  2374 I HwDualSensorEventListenerImpl: SensorData.sendSensorData(): skip. mLastSensorLuxValue=-1 mLastSensorCctValue=-1
12-29 21:00:26.870  1676  2374 I HwDualSensorEventListenerImpl: SensorData.sendSensorData(): skip. mLastSensorLuxValue=-1 mLastSensorCctValue=-1
12-29 21:00:26.871  1676  2461 I LocalDisplayAdapter: set ForceSetPowerModeOnce end
12-29 21:00:26.871  1676  2461 I DisplayManagerService: runnable end
12-29 21:00:26.871  1676  2461 I DisplayManagerService: requestDisplayStateInternal start
12-29 21:00:26.871  1676  2461 I DisplayManagerService: requestDisplayStateInternal end
12-29 21:00:26.875  1676  1890 I HwWindowManagerServiceEx: window cast display added, secure windows size:0
12-29 21:00:26.879  1676  2581 W ActivityManager: Receiver with filter android.content.IntentFilter@d0694f6 already registered for pid 7758, callerPackage is com.huawei.aod
12-29 21:00:26.879  1676  2581 W ActivityManager: Receiver with filter android.content.IntentFilter@97490f7 already registered for pid 7758, callerPackage is com.huawei.aod
12-29 21:00:26.880  1676  2581 W DevicePolicyManager: Unknown user type: UserInfo{128:分身应用:4000410}
12-29 21:00:26.881  1676  2103 I DisplayPowerController[0]: mPowerState.mScreenChangedReason: 0 mPendingRequestLocked.mScreenChangeReason 0
12-29 21:00:26.881  1676  2103 I PowerManagerService: need release DisplaySuspendBlocker
12-29 21:00:26.889  1676  5181 D HwStorageManagerService: setScreenStateFlag
12-29 21:00:26.889   528  8335 D vold    : begin lockScreenPrepare
12-29 21:00:26.889   528  8335 D vold    : FscryptLockScreenPrepare flag is: 1 userId:0
12-29 21:00:26.891  1676  5181 W DevicePolicyManager: Unknown user type: UserInfo{128:分身应用:4000410}
12-29 21:00:26.891  1676  1676 I DE J DES: [effect] BroadcastReceiver.onReceive() action:android.intent.action.SCREEN_OFF
12-29 21:00:26.892  1676  1676 I DE J DES: [effect] In Qr Code:false, gray:false, window:false, Scene:false
12-29 21:00:26.892  1676  1676 I DE J HwBrightnessSceneRecognition: [effect] setHdrStatus,isHdrModeOpen=false
12-29 21:00:26.897  1676  1676 I SWAP_Scene: Entering notifySceneData notifySceneData. EventType:SCREEN_OFF pkg: uid:0 pid:0 proc: activity:null
12-29 21:00:26.899  1676  4568 I SWAP_AK : Event ScreenOff
12-29 21:00:26.899  1676  4490 I SWAP_JniComm: Begin call handleZswapd.
12-29 21:00:26.904  1676  1676 I HwBatteryService: intent = Intent { act=android.intent.action.SCREEN_OFF flg=0x58200010 }
12-29 21:00:26.904  1676  4670 I HwPhoneWindowManager: onShowingChangedL: true
12-29 21:00:26.904  1676  1890 I WindowManager: updateFocusedWindowLocked: newFocus is null for  displayId=800
12-29 21:00:26.906  1676  1676 I VibratorManagerService: Keep vibration on receive the screen off
12-29 21:00:26.907  1676  1676 W CameraService_proxy: mEventsMonitorListner is null
12-29 21:00:26.915  1676  2581 D HwActivityTaskManagerServiceEx: isActivityVisiableInFingerBoost:ActivityRecord{cffb08d u0 com.huawei.android.launcher/.unihome.UniHomeLauncher t1002}
12-29 21:00:26.915  1676  2581 D ActivityTaskManager: canShowActivityWhileKeyguardShowing true r=ActivityRecord{cffb08d u0 com.huawei.android.launcher/.unihome.UniHomeLauncher t1002}
12-29 21:00:26.915  1676  2581 D HwActivityTaskManagerServiceEx: isActivityVisiableInFingerBoost:ActivityRecord{cffb08d u0 com.huawei.android.launcher/.unihome.UniHomeLauncher t1002}
12-29 21:00:26.915  1676  1738 W DevicePolicyManager: Unknown user type: UserInfo{128:分身应用:4000410}
12-29 21:00:26.917  1676  3472 I KeyguardStateMonitor: onPendingLock pendingLock: false
12-29 21:00:26.917  1676  1890 I StorageManagerService: onKeyguardStateChanged true
12-29 21:00:26.921  1676  2315 I AlarmManager: remove Alarm{35df1e2 type 3 origWhen 784981968 whenElapsed 784981968 listener 5999fb1 android android procName system} according to listener: 5999fb1 by reason: 1
12-29 21:00:26.921  1676  1738 W DevicePolicyManager: Unknown user type: UserInfo{128:分身应用:4000410}
12-29 21:00:26.925  1676  2290 I WindowManager: tryStartExitingAnimation destroySurface win=Window{2b29077 u0 GestureNavLeft}
12-29 21:00:26.927  1676  1676 I AlarmManager: set(listener: dea4030) : type=2 triggerAtTime=784667655 win=300000 tElapsed=784667655 maxElapsed=784967655 interval=0 flags=0x8 at=+1859999ms uid=1000 count=25 callingClass=com.android.server.job.controllers.idle.DeviceIdlenessTracker.maybeScheduleIdlenessCheck:234 
12-29 21:00:26.927  1676  2290 I WindowManager: Policy visibility false: Window{c11e298 u0 ShellDropTarget}
12-29 21:00:26.928  1676  2581 W DevicePolicyManager: Unknown user type: UserInfo{128:分身应用:4000410}
12-29 21:00:26.928  1676  2290 I WindowManager: Policy visibility false: Window{a18930b u0 AssistPreviewPanel}
12-29 21:00:26.929  1676  2290 D HwActivityTaskManagerServiceEx: isActivityVisiableInFingerBoost:ActivityRecord{cffb08d u0 com.huawei.android.launcher/.unihome.UniHomeLauncher t1002}
12-29 21:00:26.929  1676  2290 D HwActivityTaskManagerServiceEx: isActivityVisiableInFingerBoost:ActivityRecord{cffb08d u0 com.huawei.android.launcher/.unihome.UniHomeLauncher t1002}
12-29 21:00:26.931  1676  2398 D HwStorageManagerService: getKeyDesc
12-29 21:00:26.932  1676  2290 I WindowManager: updateFocusedWindowLocked: newFocus is null for  displayId=800
12-29 21:00:26.934   528  8335 D vold    : begin getKeyDesc
12-29 21:00:26.935  1676  3472 I ActivityManager: sendIntentSender target:PendingIntentRecord{ad52d82 com.huawei.powergenie broadcastIntent}, intent:hwFlg=0x10
12-29 21:00:26.936  1676  2290 I WindowManager: tryStartExitingAnimation destroySurface win=Window{6a3ca4e u0 GestureNavRight}
12-29 21:00:26.938   528  8335 D vold    : GetFileEncryptionOptions, fscrypt version does not meet expectation
12-29 21:00:26.938  1676  2398 D HwStorageManagerService: getKeyDesc
12-29 21:00:26.938   528  8335 D vold    : begin getKeyDesc
12-29 21:00:26.938   528  8335 D vold    : GetFileEncryptionOptions, fscrypt version does not meet expectation
12-29 21:00:26.938  1676  2398 D HwStorageManagerService: getPreLoadPolicyFlag
12-29 21:00:26.938   528  8335 D vold    : begin getPrepareFlag
12-29 21:00:26.938   528  8335 D vold    : FscryptGetLockScreenPrepareFlag flag is: 1 userId:0
12-29 21:00:26.938  1676  2398 D HwStorageManagerService: getPreLoadPolicyFlag
12-29 21:00:26.939   528  8335 D vold    : begin getPrepareFlag
12-29 21:00:26.939  1676  2290 D HwActivityTaskManagerServiceEx: isActivityVisiableInFingerBoost:ActivityRecord{cffb08d u0 com.huawei.android.launcher/.unihome.UniHomeLauncher t1002}
12-29 21:00:26.939   528  8335 D vold    : FscryptGetLockScreenPrepareFlag flag is: 1 userId:0
12-29 21:00:26.939  1676  2290 D HwActivityTaskManagerServiceEx: isActivityVisiableInFingerBoost:ActivityRecord{cffb08d u0 com.huawei.android.launcher/.unihome.UniHomeLauncher t1002}
12-29 21:00:26.940  1676  2398 D HwStorageManagerService: getPreLoadPolicyFlag
12-29 21:00:26.940   528  8335 D vold    : begin getPrepareFlag
12-29 21:00:26.940   528  8335 D vold    : FscryptGetLockScreenPrepareFlag flag is: 1 userId:0
12-29 21:00:26.940  1676  2398 I AlarmManager: set(listener: eb96265) : type=2 triggerAtTime=782817669 win=0 tElapsed=782817669 maxElapsed=782817669 interval=0 flags=0x9 at=+10000ms uid=1000 count=26 callingClass=com.huawei.server.security.fileprotect.HwSfpService.startTimer:579 
12-29 21:00:26.941  1676  2290 I WindowManager: updateFocusedWindowLocked: newFocus is null for  displayId=800
12-29 21:00:26.944  1676  1738 W DevicePolicyManager: Unknown user type: UserInfo{128:分身应用:4000410}
12-29 21:00:26.944  1676  2290 I WindowManager: tryStartExitingAnimation destroySurface win=Window{b28567 u0 GestureNavBottom}
12-29 21:00:26.947  1676  3472 I ActivityManager: sendIntentSender target:PendingIntentRecord{ad52d82 com.huawei.powergenie broadcastIntent}, intent:hwFlg=0x10
12-29 21:00:26.947  1676  2290 D HwActivityTaskManagerServiceEx: isActivityVisiableInFingerBoost:ActivityRecord{cffb08d u0 com.huawei.android.launcher/.unihome.UniHomeLauncher t1002}
12-29 21:00:26.947  1676  2290 D HwActivityTaskManagerServiceEx: isActivityVisiableInFingerBoost:ActivityRecord{cffb08d u0 com.huawei.android.launcher/.unihome.UniHomeLauncher t1002}
12-29 21:00:26.949  1676  2290 I WindowManager: updateFocusedWindowLocked: newFocus is null for  displayId=800
12-29 21:00:26.951  1676  3472 I ActivityManager: sendIntentSender target:PendingIntentRecord{ad52d82 com.huawei.powergenie broadcastIntent}, intent:hwFlg=0x10
12-29 21:00:26.955  1676  1738 W DevicePolicyManager: Unknown user type: UserInfo{128:分身应用:4000410}
12-29 21:00:26.956  1676  5181 I ActivityManager: sendIntentSender target:PendingIntentRecord{ad52d82 com.huawei.powergenie broadcastIntent}, intent:hwFlg=0x10
12-29 21:00:26.958  1676  3472 I StatusBarDisable: setFlags what=3200000 which=1 pkg=com.android.systemui
12-29 21:00:26.958  1676  3472 I StatusBarDisable: disableLocked mBar.disable net1=3200000 net2=0 pkg=com.android.systemui what=3200000
12-29 21:00:26.959  1676  1738 W DevicePolicyManager: Unknown user type: UserInfo{128:分身应用:4000410}
12-29 21:00:26.961  1676  5181 I HwAodManagerService: setFullAodMsgToDE isFullAodStyle: false
12-29 21:00:26.961  1676  2383 I DE J HwBrightnessInterfaceData: [effect] setFullAodBrightnessDataToSystem, ambientLux=-1
12-29 21:00:26.961  1676  2383 I DE J HwBrightnessInterfaceData: [effect] setFullAodBrightnessDataToSystem ok, ambientLux=-1
12-29 21:00:26.963  1676  3472 I ActivityManager: sendIntentSender target:PendingIntentRecord{ad52d82 com.huawei.powergenie broadcastIntent}, intent:hwFlg=0x10
12-29 21:00:26.965  1676  2581 I HwActivityManagerServiceEx: provider is prevented for not-prevent
12-29 21:00:26.967  1676  2581 I ContentProviderHelper: Successfully start provider ContentProviderRecord{3f2d63 u0 com.huawei.android.launcher/.LauncherProvider} launchingApp=ProcessRecord{dc9164d 1037:com.huawei.android.launcher/u0a84} caller pid= 2519
12-29 21:00:26.968  1676  2581 I WindowManager: setActivityVisibleInFingerBoost callingPid: 1037
12-29 21:00:26.970  2743  4770 D FaceHidlAdapter: daemon init result val = 0 package = com.android.systemui
12-29 21:00:26.971  1676  3472 D HwActivityTaskManagerServiceEx: isActivityVisiableInFingerBoost:ActivityRecord{cffb08d u0 com.huawei.android.launcher/.unihome.UniHomeLauncher t1002}
12-29 21:00:26.971  1676  3472 D HwActivityTaskManagerServiceEx: isActivityVisiableInFingerBoost:ActivityRecord{cffb08d u0 com.huawei.android.launcher/.unihome.UniHomeLauncher t1002}
12-29 21:00:26.972  1676  3472 I WindowManager: Changing focus from Window{8c63db5 u0 com.huawei.android.launcher/com.huawei.android.launcher.unihome.UniHomeLauncher} to Window{4d464d0 u0 NotificationShade} displayId=0
12-29 21:00:26.972  1676  3472 D HwActivityTaskManagerServiceEx: getVisibleTasks() beginning running, callingPid = 1676 , callingUid = 1000
12-29 21:00:26.972  1676  3472 D HwActivityTaskManagerServiceEx: getVisibleTasks add visible task to list, topActivity : ActivityRecord{cffb08d u0 com.huawei.android.launcher/.unihome.UniHomeLauncher t1002}
12-29 21:00:26.972  1676  2281 E ProcessInfoCollector: getProcessInfo: proc should not less than zero.
12-29 21:00:26.972  1676  3472 I NavigationCallOut: focusChanged, focus=Window{4d464d0 u0 NotificationShade}, mIsFocusWinInBlackList=false
12-29 21:00:26.972  1676  3472 I HwPhoneWindowManager: StatusToSurfaceFlinger Window{4d464d0 u0 NotificationShade} sideMode = 1 notchMode = 0 dataIn val = 4
12-29 21:00:26.973  1676  2281 D HwActivityManagerServiceEx: notifyAppToTop pid:2519, enable:1
12-29 21:00:26.973  2743  4770 D FaceHidlAdapter: daemon init result val = 0 package = com.android.systemui
12-29 21:00:26.975  1676  3472 I HwDisplayContentEx: currentFocus windowstate not null
12-29 21:00:26.975  1676  1888 I StatusBarDisable: setFlags what=0 which=1 pkg=Window{4d464d0 u0 NotificationShade}
12-29 21:00:26.975  1676  3472 I HwDisplayContentEx: trans currentFocus windowstate not null
12-29 21:00:26.975  1676  3472 I WindowManager: updateFocusedWindowLocked: newFocus is null for  displayId=800
12-29 21:00:26.975  1676  3472 I HwDisplayRotationEx: swingRotationForSensor desireRotation 0 swingRotation -2 sensorRotation -1 lastRotation 0
12-29 21:00:26.975  1676  3472 I WindowManager: Deferring rotation, rotation not changed, rotation=0
12-29 21:00:26.976  1676  1891 I WindowManager: Focus requested for window=:4d464d0 NotificationShade
12-29 21:00:26.978  1676  1891 I WindowManager: wm_insets notifyInsetsControlChanged for:Window{8c63db5 u0 com.huawei.android.launcher/com.huawei.android.launcher.unihome.UniHomeLauncher}
12-29 21:00:26.978  1676  1891 I WindowManager: wm_insets notifyInsetsControlChanged for:Window{4d464d0 u0 NotificationShade}
12-29 21:00:26.978  1676  2581 I WindowManager: send SET_LAUNCHER_VISIBLE_IN_FINGER_BOOST visible: false,delay:200, handle:true, userId:0, callingPid: 1037
12-29 21:00:26.982  1676  5181 D HwActivityTaskManagerServiceEx: isActivityVisiableInFingerBoost:ActivityRecord{cffb08d u0 com.huawei.android.launcher/.unihome.UniHomeLauncher t1002}
12-29 21:00:26.982  1676  5181 D HwActivityTaskManagerServiceEx: isActivityVisiableInFingerBoost:ActivityRecord{cffb08d u0 com.huawei.android.launcher/.unihome.UniHomeLauncher t1002}
12-29 21:00:26.984  1676  3472 D HwActivityTaskManagerServiceEx: getVisibleTasks() beginning running, callingPid = 2764 , callingUid = 1000
12-29 21:00:26.984  1676  3472 D HwActivityTaskManagerServiceEx: getVisibleTasks add visible task to list, topActivity : ActivityRecord{cffb08d u0 com.huawei.android.launcher/.unihome.UniHomeLauncher t1002}
12-29 21:00:26.988  1676  1676 I BroadcastQueue: send to system uiIntent { act=android.intent.action.SCREEN_OFF flg=0x58200010 }
12-29 21:00:26.990  2519  4786 I ActivityThread: system ui recv msg Intent { act=android.intent.action.SCREEN_OFF flg=0x58200010 }
12-29 21:00:26.990  2519  4786 I ActivityThread: Enqueueing broadcast android.intent.action.SCREEN_OFF to com.android.systemui.volume.VolumeDialogControllerImpl$Receiver@b2ecf8d
12-29 21:00:26.990  2519  2830 I ActivityThread: Dispatching broadcast android.intent.action.SCREEN_OFF to com.android.systemui.volume.VolumeDialogControllerImpl$Receiver@b2ecf8d
12-29 21:00:26.995  1676  2581 I BroadcastQueue: send to system uiIntent { act=android.intent.action.SCREEN_OFF flg=0x58200010 }
12-29 21:00:26.995  2519  4786 I ActivityThread: system ui recv msg Intent { act=android.intent.action.SCREEN_OFF flg=0x58200010 }
12-29 21:00:26.995  2519  4786 I ActivityThread: Enqueueing broadcast android.intent.action.SCREEN_OFF to com.android.systemui.broadcast.ActionReceiver@69e6dbc
12-29 21:00:26.995  2519  2699 I ActivityThread: Dispatching broadcast android.intent.action.SCREEN_OFF to com.android.systemui.broadcast.ActionReceiver@69e6dbc
12-29 21:00:27.001  2842  3181 I KernelQoeChr: KernelQoeChrhandleMessage : msg = 2130903100
12-29 21:00:27.001  2842  3181 I KernelQoeChr: updateScreenState mIsScreenOn:false
12-29 21:00:27.004  2842  2842 I BoosterTelephonyCollector: ScreenStateChaned isNewState=false
12-29 21:00:27.005  1676  5181 I BroadcastQueue: send to system uiIntent { act=android.intent.action.SCREEN_OFF flg=0x58200010 }
12-29 21:00:27.005  2519  4786 I ActivityThread: system ui recv msg Intent { act=android.intent.action.SCREEN_OFF flg=0x58200010 }
12-29 21:00:27.005  2519  4786 I ActivityThread: Enqueueing broadcast android.intent.action.SCREEN_OFF to com.android.systemui.power.PowerUI$Receiver@70f27b2
12-29 21:00:27.017  2842  3181 I BoosterUtil: getMasterCardSubId slotId: 0, subId: 1
12-29 21:00:27.023  1676  4670 D HwActivityTaskManagerServiceEx: isActivityVisiableInFingerBoost:ActivityRecord{cffb08d u0 com.huawei.android.launcher/.unihome.UniHomeLauncher t1002}
12-29 21:00:27.023  1676  4670 D HwActivityTaskManagerServiceEx: isActivityVisiableInFingerBoost:ActivityRecord{cffb08d u0 com.huawei.android.launcher/.unihome.UniHomeLauncher t1002}
12-29 21:00:27.026  2842  3181 E OllieTelephony: sendFullData err:1
12-29 21:00:27.027  1676  1891 D HwActivityTaskManagerServiceEx: isActivityVisiableInFingerBoost:ActivityRecord{cffb08d u0 com.huawei.android.launcher/.unihome.UniHomeLauncher t1002}
12-29 21:00:27.027  1676  1891 D HwActivityTaskManagerServiceEx: isActivityVisiableInFingerBoost:ActivityRecord{cffb08d u0 com.huawei.android.launcher/.unihome.UniHomeLauncher t1002}
12-29 21:00:27.030  1676  4670 D HwActivityTaskManagerServiceEx: isActivityVisiableInFingerBoost:ActivityRecord{cffb08d u0 com.huawei.android.launcher/.unihome.UniHomeLauncher t1002}
12-29 21:00:27.030  1676  4670 D HwActivityTaskManagerServiceEx: isActivityVisiableInFingerBoost:ActivityRecord{cffb08d u0 com.huawei.android.launcher/.unihome.UniHomeLauncher t1002}
12-29 21:00:27.033  1676  1891 D HwActivityTaskManagerServiceEx: isActivityVisiableInFingerBoost:ActivityRecord{cffb08d u0 com.huawei.android.launcher/.unihome.UniHomeLauncher t1002}
12-29 21:00:27.033  1676  1891 D HwActivityTaskManagerServiceEx: isActivityVisiableInFingerBoost:ActivityRecord{cffb08d u0 com.huawei.android.launcher/.unihome.UniHomeLauncher t1002}
12-29 21:00:27.035  1676  1891 I WindowManager: performSurfacePlacementNoTrace: remove WINDOW_FREEZE_TIMEOUT message.
12-29 21:00:27.039  1676  2581 W DevicePolicyManager: Unknown user type: UserInfo{128:分身应用:4000410}
12-29 21:00:27.039  1676  5181 D HwActivityTaskManagerServiceEx: isActivityVisiableInFingerBoost:ActivityRecord{cffb08d u0 com.huawei.android.launcher/.unihome.UniHomeLauncher t1002}
12-29 21:00:27.039  1676  5181 D HwActivityTaskManagerServiceEx: isActivityVisiableInFingerBoost:ActivityRecord{cffb08d u0 com.huawei.android.launcher/.unihome.UniHomeLauncher t1002}
12-29 21:00:27.041  1676  2581 W DevicePolicyManager: Unknown user type: UserInfo{128:分身应用:4000410}
12-29 21:00:27.044  1676  5181 W DevicePolicyManager: Unknown user type: UserInfo{128:分身应用:4000410}
12-29 21:00:27.045  1676  2581 W DevicePolicyManager: Unknown user type: UserInfo{128:分身应用:4000410}
12-29 21:00:27.045  1676  5181 I ActivityManager: sendIntentSender target:PendingIntentRecord{e844973 com.huawei.nb.service broadcastIntent}, intent:hwFlg=0x10
12-29 21:00:27.052  1676  5181 W DevicePolicyManager: Unknown user type: UserInfo{128:分身应用:4000410}
12-29 21:00:27.054  2519  2519 I LoadedApk: makePaths: outLibPaths=[/hw_product/app/HwCamera2/lib/arm, /hw_product/app/HwCamera2/base-master.apk!/lib/armeabi-v7a, /system/priv-app/MediaLibrary/MediaLibrary.apk!/lib/armeabi-v7a, /system/lib64:/hw_product/lib64:/system/lib64/module/multimedia:/system/product/lib64]
12-29 21:00:27.082  1676  1888 I HwPhoneWindowManager: OverscanTimeout run
12-29 21:00:27.111  2842  3181 E Booster_BoosterdDelegate: [notifyScreenStateChange]notifyScreenStateChange, mService is null
12-29 21:00:27.115  2842  3181 E Booster_DcDeviceManager: [getLocalDeviceInfo]local device deviceName:风的季节的Mate 40 Pro deviceType:14 nodeId:8074******bda5 deviceId:8EE8******C32D
12-29 21:00:27.115  2842  3181 E BoosterGameP: inValidCQI:-1
12-29 21:00:27.115  2842  3181 I DeepNoDisturbSM: setScreenState isScreenOn=false
12-29 21:00:27.115  2842  3181 I NetworkQoeChr: updateAppUseOnScreen screen state: 2
12-29 21:00:27.115  2842  3181 I NetworkQoeChr: updateTopAppInfo: com.huawei.android.launcher, appState2, uid10084
12-29 21:00:27.116  2842  3181 I DeepNoDisturbSM: IdleState processMessage msg.what=EVENT_SCREEN_OFF
12-29 21:00:27.116  2842  3181 I DeepNoDisturbSM: IdleState: default msg.what=11
12-29 21:00:27.116  1676  1904 I HwActivityTaskManagerServiceEx: OverscanTimeout run
12-29 21:00:27.117  1676  2581 D HwActivityTaskManagerServiceEx: isActivityVisiableInFingerBoost:ActivityRecord{cffb08d u0 com.huawei.android.launcher/.unihome.UniHomeLauncher t1002}
12-29 21:00:27.117  1676  2581 D HwActivityTaskManagerServiceEx: isActivityVisiableInFingerBoost:ActivityRecord{cffb08d u0 com.huawei.android.launcher/.unihome.UniHomeLauncher t1002}
12-29 21:00:27.125  1676  3472 D HwActivityTaskManagerServiceEx: isActivityVisiableInFingerBoost:ActivityRecord{cffb08d u0 com.huawei.android.launcher/.unihome.UniHomeLauncher t1002}
12-29 21:00:27.125  1676  3472 D HwActivityTaskManagerServiceEx: isActivityVisiableInFingerBoost:ActivityRecord{cffb08d u0 com.huawei.android.launcher/.unihome.UniHomeLauncher t1002}
12-29 21:00:27.125  2519  2519 I ActivityThread: Dispatching broadcast android.intent.action.SCREEN_OFF to com.android.systemui.power.PowerUI$Receiver@70f27b2
12-29 21:00:27.126  1676  2581 I BroadcastQueue: send to system uiIntent { act=android.intent.action.SCREEN_OFF flg=0x58200010 }
12-29 21:00:27.127  2519  4786 I ActivityThread: system ui recv msg Intent { act=android.intent.action.SCREEN_OFF flg=0x58200010 }
12-29 21:00:27.129  1676  3472 W DevicePolicyManager: Unknown user type: UserInfo{128:分身应用:4000410}
12-29 21:00:27.133  1676  1738 D HwActivityTaskManagerServiceEx: isActivityVisiableInFingerBoost:ActivityRecord{cffb08d u0 com.huawei.android.launcher/.unihome.UniHomeLauncher t1002}
12-29 21:00:27.133  1676  1738 D HwActivityTaskManagerServiceEx: isActivityVisiableInFingerBoost:ActivityRecord{cffb08d u0 com.huawei.android.launcher/.unihome.UniHomeLauncher t1002}
12-29 21:00:27.137  1676  3472 D HwActivityTaskManagerServiceEx: isActivityVisiableInFingerBoost:ActivityRecord{cffb08d u0 com.huawei.android.launcher/.unihome.UniHomeLauncher t1002}
12-29 21:00:27.137  1676  3472 D HwActivityTaskManagerServiceEx: isActivityVisiableInFingerBoost:ActivityRecord{cffb08d u0 com.huawei.android.launcher/.unihome.UniHomeLauncher t1002}
12-29 21:00:27.144  1676  3472 I BroadcastQueue: send to system uiIntent { act=android.intent.action.SCREEN_OFF flg=0x58200010 }
12-29 21:00:27.145  2519  4786 I ActivityThread: system ui recv msg Intent { act=android.intent.action.SCREEN_OFF flg=0x58200010 }
12-29 21:00:27.145  2519  4786 I ActivityThread: Enqueueing broadcast android.intent.action.SCREEN_OFF to com.android.systemui.time.TimeManagerImpl$TimeBroadcastReceiver@a3ef4da
12-29 21:00:27.145  2519  2982 I ActivityThread: Dispatching broadcast android.intent.action.SCREEN_OFF to com.android.systemui.time.TimeManagerImpl$TimeBroadcastReceiver@a3ef4da
12-29 21:00:27.148  1676  2581 E ActivityManager: Try to startService, serviceRecord:processName: com.huawei.systemmanager:service; pkgName: com.huawei.systemmanager
12-29 21:00:27.163  1676  2581 W ActivityManager: Receiver with filter android.content.IntentFilter@7e2b916 already registered for pid 2764, callerPackage is com.huawei.systemmanager
12-29 21:00:27.164  1676  2581 W ActivityManager: Receiver with filter android.content.IntentFilter@cf1b297 already registered for pid 2764, callerPackage is com.huawei.systemmanager
12-29 21:00:27.165  1676  1901 I HWMW_HwMagicWindowManagerService: Handle screen off
12-29 21:00:27.166  1676  2581 W ActivityManager: Receiver with filter android.content.IntentFilter@f1d3c84 already registered for pid 2764, callerPackage is com.huawei.systemmanager
12-29 21:00:27.168  1676  2581 V ActivityManager: Bringing down ServiceRecord{a0b75bb u0 com.huawei.systemmanager/.autodetect.AutoDetectService} android.content.Intent$FilterComparison@8b8c975d
12-29 21:00:27.168  1676  2581 V ActivityManager: java.lang.RuntimeException
12-29 21:00:27.168  1676  2581 V ActivityManager: 	at com.android.server.am.ActiveServices.bringDownServiceLocked(ActiveServices.java:4740)
12-29 21:00:27.168  1676  2581 V ActivityManager: 	at com.android.server.am.ActiveServices.bringDownServiceIfNeededLocked(ActiveServices.java:4625)
12-29 21:00:27.168  1676  2581 V ActivityManager: 	at com.android.server.am.ActiveServices.stopServiceTokenLocked(ActiveServices.java:1510)
12-29 21:00:27.168  1676  2581 V ActivityManager: 	at com.android.server.am.ActivityManagerService.stopServiceToken(ActivityManagerService.java:13631)
12-29 21:00:27.168  1676  2581 V ActivityManager: 	at android.app.IActivityManager$Stub.onTransact(IActivityManager.java:2963)
12-29 21:00:27.168  1676  2581 V ActivityManager: 	at com.android.server.am.ActivityManagerService.onTransact(ActivityManagerService.java:2933)
12-29 21:00:27.168  1676  2581 V ActivityManager: 	at com.android.server.am.HwActivityManagerService.onTransact(HwActivityManagerService.java:410)
12-29 21:00:27.168  1676  2581 V ActivityManager: 	at android.os.Binder.execTransactInternal(Binder.java:1192)
12-29 21:00:27.168  1676  2581 V ActivityManager: 	at android.os.Binder.execTransact(Binder.java:1156)
12-29 21:00:27.178  1676  1890 I WindowManager: handle SET_LAUNCHER_VISIBLE_IN_FINGER_BOOST visible:false handle:trueuserId:0, currentUserId:0
12-29 21:00:27.178  1676  1890 D WindowManager: setLauncherVisibleInFingerBoost record=ActivityRecord{cffb08d u0 com.huawei.android.launcher/.unihome.UniHomeLauncher t1002}
12-29 21:00:27.178  1676  1890 I WindowManager: setLauncherVisible setAlpha to 0.0
12-29 21:00:27.179  1676  1890 D WindowManager: setLauncherVisible wallpaperScale=true
12-29 21:00:27.179  1676  1890 I WindowManager: WS setWallpaperScale mLastSurfacePosition=Point(-612, 0) isVisible=true mCurrentFocus=Window{4d464d0 u0 NotificationShade} isScreenOn=false
12-29 21:00:27.179  1676  1890 I WindowManager: WS setWallpaperScale dw=2376 dh=2376 scaleX=1.1 scaleY=1.1 transX=-730.80005 transY=-118.800026 mXOffset=-612 mYOffset=0 caller com.android.server.wm.WindowManagerService.lambda$setWallpaperScale$13:10929 com.android.server.wm.WindowManagerService$$ExternalSyntheticLambda15.accept:4 com.android.server.wm.WindowContainer$ForAllWindowsConsumerWrapper.apply:2595 com.android.server.wm.WindowContainer$ForAllWindowsConsumerWrapper.apply:2586 com.android.server.wm.WindowState.applyInOrderWithImeWindows:6533 com.android.server.wm.WindowState.forAllWindows:6419 
12-29 21:00:27.192  1676  6375 I SWAP_CmaScene: CmaSceneParse: get SMEM_SCREEN_OFF_TYPE
12-29 21:00:27.193  1676  6375 I SWAP_CmaScene: device screen off, set smem pool
12-29 21:00:27.194  1676  6375 I SWAP_CmaScene: smem_pool_watermark write value = 176160768
12-29 21:00:27.198  1676  1676 I BroadcastQueue: send to system uiIntent { act=android.intent.action.SCREEN_OFF flg=0x58200010 }
12-29 21:00:27.199  2519  4786 I ActivityThread: system ui recv msg Intent { act=android.intent.action.SCREEN_OFF flg=0x58200010 }
12-29 21:00:27.201  1676  1738 I BroadcastQueue: send to system uiIntent { act=android.intent.action.SCREEN_OFF flg=0x58200010 }
12-29 21:00:27.201  2519  4786 I ActivityThread: system ui recv msg Intent { act=android.intent.action.SCREEN_OFF flg=0x58200010 }
12-29 21:00:27.202  2519  4786 I ActivityThread: Enqueueing broadcast android.intent.action.SCREEN_OFF to com.android.systemui.smartsuggest.RecSysClient@7ac4b1e
12-29 21:00:27.202  2519  2519 I ActivityThread: Dispatching broadcast android.intent.action.SCREEN_OFF to com.android.systemui.smartsuggest.RecSysClient@7ac4b1e
12-29 21:00:27.216  1676  1992 I LowMemDetector: LowMemThread mPressureState:0 notifyTrimMemory: 0
12-29 21:00:27.217  1676  1676 I SpaceOptFWK:PeriodicallyAutomaticDecompression: SCREEN OFF
12-29 21:00:27.217  1676  1676 I SpaceOptFWK:PeriodicallyAutomaticDecompression: Call Schedule Decompression Task
12-29 21:00:27.219  1676  1676 I SpaceOptFWK:PeriodicallyAutomaticDecompression: Execute in 24 Hours!
12-29 21:00:27.219  1676  1676 I SpaceOptFWK:PeriodicallyAutomaticDecompression: Fail to meet the conditions in schedule! Do not execute Decompress!
12-29 21:00:27.221  1676  1676 I HwSwingEyeGazeHub: on receive action : android.intent.action.SCREEN_OFF
12-29 21:00:27.221  1676  1676 I HwSwingEyeGazeHub: unregisterEyeGazeFence mRegisteredFenceAction : 1
12-29 21:00:27.221  1676  1676 I HwSwingEyeGazeHub: unregisterPowerManagerCallback done !
12-29 21:00:27.221  1676 20222 I HwSwingEyeGazeHub: do unregisterEyeGazeFence thread
12-29 21:00:27.223  1676  2581 I ActivityManager: sendIntentSender target:PendingIntentRecord{e844973 com.huawei.nb.service broadcastIntent}, intent:hwFlg=0x10
12-29 21:00:27.225  1676  4670 I HwSwingEyeGazeHub: registerFence result = RequestResult{13, 3, 1, null, 0, 0, 100, android_1:1;13,3,1, 1, null, 5, 200000, null}
12-29 21:00:27.226  1676  2581 I AlarmManager: set(PendingIntent{18143ab: PendingIntentRecord{1df18b2 com.huawei.searchservice broadcastIntent}}) : type=3 triggerAtTime=784607955 win=300000 tElapsed=784607955 maxElapsed=784907955 interval=0 flags=0x8 at=+1800000ms uid=1000 count=27 callingClass=<bottom of call stack> 
12-29 21:00:27.228  1676  5181 I AlarmManager: set(PendingIntent{7ea1a08: PendingIntentRecord{1dc4b80 com.huawei.searchservice broadcastIntent}}) : type=3 triggerAtTime=783407957 win=300000 tElapsed=783407957 maxElapsed=783707957 interval=0 flags=0x8 at=+600000ms uid=1000 count=28 callingClass=<bottom of call stack> 
12-29 21:00:27.229  1676  3472 I AlarmManager: set(PendingIntent{ccbb5a1: PendingIntentRecord{fe49475 com.huawei.searchservice broadcastIntent}}) : type=3 triggerAtTime=784007958 win=300000 tElapsed=784007958 maxElapsed=784307958 interval=0 flags=0x8 at=+1200000ms uid=1000 count=29 callingClass=<bottom of call stack> 
12-29 21:00:27.230  1676  5181 I AlarmManager: set(PendingIntent{f9993c6: PendingIntentRecord{5f55c7b com.huawei.searchservice broadcastIntent}}) : type=3 triggerAtTime=783707959 win=300000 tElapsed=783707959 maxElapsed=784007959 interval=0 flags=0x8 at=+900000ms uid=1000 count=30 callingClass=<bottom of call stack> 
12-29 21:00:27.232  1676  3472 I InputMethodManagerService: hideMySoftInput, pid=0, token=android.os.Binder@b30011b
12-29 21:00:27.232  1676  3472 V InputMethodManagerService: hideCurrentInputLocked inputShown:false, imeWindowVis:0
12-29 21:00:27.232  1676  3472 I HwInputMethodManagerService: hideCurrentInputLocked res:false
12-29 21:00:27.233  1676  3472 I AlarmManager: set(PendingIntent{c0aceb4: PendingIntentRecord{af702f1 com.huawei.searchservice broadcastIntent}}) : type=3 triggerAtTime=787067962 win=300000 tElapsed=787067962 maxElapsed=787367962 interval=0 flags=0x8 at=+4260000ms uid=1000 count=31 callingClass=<bottom of call stack> 
12-29 21:00:27.235  1676  5181 I ActivityManager: sendIntentSender target:PendingIntentRecord{e844973 com.huawei.nb.service broadcastIntent}, intent:hwFlg=0x10
12-29 21:00:27.242  1676  2581 W DevicePolicyManager: Unknown user type: UserInfo{128:分身应用:4000410}
12-29 21:00:27.246  1676  5181 I ActivityManager: sendIntentSender target:PendingIntentRecord{e844973 com.huawei.nb.service broadcastIntent}, intent:hwFlg=0x10
12-29 21:00:27.257  1676  4670 I ActivityManager: sendIntentSender target:PendingIntentRecord{e844973 com.huawei.nb.service broadcastIntent}, intent:hwFlg=0x10
12-29 21:00:27.264  1676  4670 I ActivityManager: sendIntentSender target:PendingIntentRecord{e844973 com.huawei.nb.service broadcastIntent}, intent:hwFlg=0x10
12-29 21:00:27.268  1676  2581 I ActivityManager: sendIntentSender target:PendingIntentRecord{e844973 com.huawei.nb.service broadcastIntent}, intent:hwFlg=0x10
12-29 21:00:27.278  1676  3472 I ActivityManager: sendIntentSender target:PendingIntentRecord{e844973 com.huawei.nb.service broadcastIntent}, intent:hwFlg=0x10
12-29 21:00:27.303  2842  3181 E Booster_BoosterdDelegate: [bindService]bindService start
12-29 21:00:27.303  2842  3181 E Booster_BoosterdDelegate: [getBoosterdNativeService]Failed to get boosterd native service
12-29 21:00:27.303  2842  3181 E Booster_BoosterdDelegate: [bindService]mService is null
12-29 21:00:27.362  1676  1738 I HwActivityManagerServiceEx: provider is prevented for not-prevent
12-29 21:00:27.364  1676  1738 I ContentProviderHelper: Successfully start provider ContentProviderRecord{3f2d63 u0 com.huawei.android.launcher/.LauncherProvider} launchingApp=ProcessRecord{dc9164d 1037:com.huawei.android.launcher/u0a84} caller pid= 3184
12-29 21:00:27.378  1676  1961 D ActivityManager: setPrivilegeType serviceRecord: ServiceRecord{2392daa u0 com.huawei.hiai/.plugin.PluginService}, interfaceDescriptor: com.huawei.hiai.pdk.pluginservice.IPluginService, shouldSetPrivType: false
12-29 21:00:27.386  1676  2581 I HwActivityManagerServiceEx: provider is prevented for not-prevent
12-29 21:00:27.387  1676  2581 I ContentProviderHelper: Successfully start provider ContentProviderRecord{9b36b70 u0 com.huawei.hiai/.awareness.core.database.OperatingDatabaseProvider} launchingApp=null caller pid= 29178
12-29 21:00:27.429  1676  1738 W DevicePolicyManager: Unknown user type: UserInfo{128:分身应用:4000410}
12-29 21:00:27.458  1676  1738 I ActivityManager: sendIntentSender target:PendingIntentRecord{6450a09 com.jingdong.app.mall broadcastIntent}, intent:hwFlg=0x10
12-29 21:00:27.459  1676  3472 I AlarmManager: set(PendingIntent{c4877: PendingIntentRecord{b4c79e3 com.huawei.hwid broadcastIntent}}) : type=0 triggerAtTime=1767013232457 win=0 tElapsed=782813188 maxElapsed=782813188 interval=0 flags=0x9 at=+5000ms uid=10071 count=8
12-29 21:00:27.459  1676  1982 I ActivityManager: App 10169/com.jingdong.app.mall targets O+, restricted
12-29 21:00:27.462  1676  3472 I HwAlarmManagerService: hwSetRtcAlarm start
12-29 21:00:27.464  1676  3472 V BroadcastQueue: Finished with ordered broadcast BroadcastRecord{6594ce4 u0 SCREEN_ACTION}
12-29 21:00:27.471  1676  3472 I AlarmManager: set(PendingIntent{705c802: PendingIntentRecord{3f2f513 com.huawei.hwid broadcastIntent}}) : type=3 triggerAtTime=783708200 win=675000 tElapsed=783708200 maxElapsed=784383200 interval=0 flags=0x8 at=+900000ms uid=10071 count=9
12-29 21:00:27.480  1676  2419 W HwAodManagerService: mAnimationBitmapNum reach max animation number
12-29 21:00:27.480  1676  2419 I HwAodManagerService: mAnimationBitmapNum:53
12-29 21:00:27.480  1676  2419 I HwAodManagerService: handleAnimationResource end
12-29 21:00:27.481  1676  2419 I HwAodManagerService: AodManagerService setAodConfig, mState:3 mDualClock:0 mAODWorkMode:2179 mDisplayMode:7 mCurrentColorFlag:0 Radius:117 mPowerState:101 mIsTimeRefresh:1 mNotificationOffset:0 mClockType:16
12-29 21:00:27.481  1676  2419 I HwAodManagerService: logAodInfo TriggerSize: 14 mActionDataSize: 340
