12-29 21:00:36.017  1676  2898 V HwWifiServiceFactory: get AllImpl object = com.android.server.wifi.HwWifiServiceFactoryImpl@b4bfb7c
12-29 21:00:36.017  1676  2316 V HwWifiServiceFactory: get AllImpl object = com.android.server.wifi.HwWifiServiceFactoryImpl@b4bfb7c
12-29 21:00:36.018  1676  2898 V HwWifiServiceFactory: get AllImpl object = com.android.server.wifi.HwWifiServiceFactoryImpl@b4bfb7c
12-29 21:00:36.018  1676  2213 I ActivityTaskManager: notifyAppStopped: ActivityRecord{cffb08d u0 com.huawei.android.launcher/.unihome.UniHomeLauncher t1002}
12-29 21:00:36.019  3061  3289 D ChannelQualityMonitor: noise invoke, ScanResult size=14
12-29 21:00:36.019  3061  3289 I nStackXDNet: DNetGetAllChannel:[186] :Call
12-29 21:00:36.020  3061  3521 I MonitorBroadcastReceiver: onReceive, action:android.net.wifi.SCAN_RESULTS
12-29 21:00:36.020  1676  2406 V HwWifiServiceFactory: get AllImpl object = com.android.server.wifi.HwWifiServiceFactoryImpl@b4bfb7c
12-29 21:00:36.021  1676  2406 V HwWifiServiceFactory: get AllImpl object = com.android.server.wifi.HwWifiServiceFactoryImpl@b4bfb7c
12-29 21:00:36.021  3061  3521 I LooperFactory: buildLooper:MBcDeliver
12-29 21:00:36.021  2842  3181 I OllieMsgCenter: publishEvt=2130903230
12-29 21:00:36.021  1676  1676 V HwWifiServiceFactory: get AllImpl object = com.android.server.wifi.HwWifiServiceFactoryImpl@b4bfb7c
12-29 21:00:36.021  3061  3289 I ChannelQualityMonitor: getChannelByDnet dnetChannelList size = 26
12-29 21:00:36.021  1676  2412 V HwWifiServiceFactory: get AllImpl object = com.android.server.wifi.HwWifiServiceFactoryImpl@b4bfb7c
12-29 21:00:36.021  3061  3289 I SyncChannelInfo: onChannelBeanRevice from local, channelBeanList size=26
12-29 21:00:36.021  3061  3289 D CommonUtils: Current screen state isOn: true
12-29 21:00:36.021  3061  3289 I SyncChannelInfo: lastOnlineChannelBeanList is null or size == 0
12-29 21:00:36.021  3061  3289 I SyncChannelInfo: isLocalUsableChanged=false, isNetworkingUsableChanged=true
12-29 21:00:36.021  3061  3289 I SyncChannelInfo: all usable infos for 5g is unchanged, no need to sync
12-29 21:00:36.021  1676  2411 I HwWifiProServiceProxy: ctrlHwWifiNetwork pkgName: WIFIPRO_SERVICE interfaceId: 87
12-29 21:00:36.021  3061  3289 I ChannelQualityMonitor: startMeasure: [ChannelId=11, ApNum=1, chload=384, noise=-92] # [ChannelId=10, ApNum=2, chload=461, noise=-91] # [ChannelId=6, ApNum=4, chload=620, noise=-92] # [ChannelId=153, ApNum=1, chload=100, noise=-95] # [ChannelId=4, ApNum=1, chload=320, noise=-94] # [ChannelId=1, ApNum=5, chload=340, noise=-91] # [ChannelId=2, ApNum=0, chload=323, noise=-91] # [ChannelId=3, ApNum=0, chload=320, noise=-93] # [ChannelId=5, ApNum=0, chload=695, noise=-92] # [ChannelId=7, ApNum=0, chload=647, noise=-94] # [ChannelId=8, ApNum=0, chload=280, noise=-92] # [ChannelId=9, ApNum=0, chload=400, noise=-94] # [ChannelId=12, ApNum=0, chload=384, noise=-93] # [ChannelId=13, ApNum=0, chload=338, noise=-91] # [ChannelId=36, ApNum=0, chload=20, noise=-97] # [ChannelId=40, ApNum=0, chload=153, noise=-96] # [ChannelId=44, ApNum=0, chload=153, noise=-96] # [ChannelId=48, ApNum=0, chload=20, noise=-96] # [ChannelId=52, ApNum=0, chload=163, noise=-97] # [ChannelId=56, ApNum=0, chload=0, noise=-96] # [ChannelId=60, ApNum=0, chload=0, noise=-96] # [ChannelId=64, ApNum=0, chload=0, noise=-96] # [ChannelId=149, ApNum=0, chload=20, noise=-96] # [ChannelId=157, ApNum=0, chload=153, noise=-96] # [ChannelId=161, ApNum=0, chload=153, noise=-96] # [ChannelId=165, ApNum=0, chload=153, noise=-96] # 
12-29 21:00:36.021  1676  2898 V HwWifiServiceFactory: get AllImpl object = com.android.server.wifi.HwWifiServiceFactoryImpl@b4bfb7c
12-29 21:00:36.022  3061  3289 D ChannelRating: onChannelBeanReceive size: 26
12-29 21:00:36.022  3061  3289 I ReportConstructErrorType: reportChannelRatingStatistic, updateDuration = 1, countOfInfoType=1, infoType=1
12-29 21:00:36.022  1676  2898 V HwWifiServiceFactory: get AllImpl object = com.android.server.wifi.HwWifiServiceFactoryImpl@b4bfb7c
12-29 21:00:36.022  3061  3289 D ChannelRating: ch:11 load:384 noise:-92 sig:[0,-32,11] # ch:10 load:461 noise:-91 sig:[0,-77,10][0,-77,10] # ch:6 load:620 noise:-92 sig:[0,-77,6][0,-79,6][1,-80,8][1,-93,4] # ch:153 load:100 noise:-95 sig:[2,-45,155] # ch:4 load:320 noise:-94 sig:[0,-93,4] # ch:1 load:340 noise:-91 sig:[1,-78,3][0,-82,1][0,-84,1][0,-86,1][0,-92,1] # ch:2 load:323 noise:-91 sig:null # ch:3 load:320 noise:-93 sig:null # ch:5 load:695 noise:-92 sig:null # ch:7 load:647 noise:-94 sig:null # ch:8 load:280 noise:-92 sig:null # ch:9 load:400 noise:-94 sig:null # ch:12 load:384 noise:-93 sig:null # ch:13 load:338 noise:-91 sig:null # ch:36 load:20 noise:-97 sig:null # ch:40 load:153 noise:-96 sig:null # ch:44 load:153 noise:-96 sig:null # ch:48 load:20 noise:-96 sig:null # ch:52 load:163 noise:-97 sig:null # ch:56 load:0 noise:-96 sig:null # ch:60 load:0 noise:-96 sig:null # ch:64 load:0 noise:-96 sig:null # ch:149 load:20 noise:-96 sig:null # ch:157 load:153 noise:-96 sig:null # ch:161 load:153 noise:-96 sig:null # ch:165 load:153 noise:-96 sig:null # 
12-29 21:00:36.022  1676  2411 I HwConnectivityServiceEx: set 1000, metered: false, value: false
12-29 21:00:36.023  3061  3289 D ChannelRating: [ch:1 bw:0 left:1 right:1 score: 57.77316097260695] # [ch:2 bw:0 left:2 right:2 score: 50.078947368421055] # [ch:3 bw:0 left:3 right:3 score: 56.7174515235457] # [ch:4 bw:0 left:4 right:4 score: 55.671478798210096] # [ch:5 bw:0 left:5 right:5 score: 20.98219969067405] # [ch:6 bw:0 left:6 right:6 score: 42.84569713758079] # [ch:7 bw:0 left:7 right:7 score: 26.386599722991683] # [ch:8 bw:0 left:8 right:8 score: 59.20617586476311] # [ch:9 bw:0 left:9 right:9 score: 48.60208466510405] # [ch:10 bw:0 left:10 right:10 score: 33.00298476454293] # [ch:11 bw:0 left:11 right:11 score: 68.2409972299169] # [ch:12 bw:0 left:12 right:12 score: 50.9556786703601] # [ch:13 bw:0 left:13 right:13 score: 48.880886426592795] # [ch:36 bw:2 left:36 right:48 score: 92.99999999999999] # [ch:40 bw:2 left:36 right:48 score: 79.7] # [ch:44 bw:2 left:36 right:48 score: 79.7] # [ch:48 bw:2 left:36 right:48 score: 92.99999999999999] # [ch:52 bw:2 left:52 right:64 score: 78.7] # [ch:56 bw:2 left:52 right:64 score: 95.0] # [ch:60 bw:2 left:52 right:64 score: 95.0] # [ch:64 bw:2 left:52 right:64 score: 95.0] # [ch:149 bw:2 left:149 right:161 score: 94.0] # [ch:153 bw:2 left:149 right:161 score: 81.00923076923077] # [ch:157 bw:2 left:149 right:161 score: 87.34999999999998] # [ch:161 bw:2 left:149 right:161 score: 87.34999999999998] # 
12-29 21:00:36.023  4978  5282 I L_HwNLPScanManager: [LocKit LogLocation.java:1] type:0,isWifiCredible:true
12-29 21:00:36.023  4978  4978 I HiAdKit.DC.WifiStateReceiver:  receive broadcast
12-29 21:00:36.023  1676  3471 V HwWifiServiceFactory: get AllImpl object = com.android.server.wifi.HwWifiServiceFactoryImpl@b4bfb7c
12-29 21:00:36.023  1676  3471 V HwWifiServiceFactory: get AllImpl object = com.android.server.wifi.HwWifiServiceFactoryImpl@b4bfb7c
12-29 21:00:36.024  4978  4978 I L_HwNLPScanManager: [LocKit LogLocation.java:1] receive wifi broadcast, but mScan < 0
12-29 21:00:36.024  4978  8010 I HiAdKit.DC.WifiStateReceiver:  call doOnReceive
12-29 21:00:36.024  4978  4978 I HMSFindNetworkCore_61504300_WifiCellMonitor: [FindNetwork null:2] action:android.net.wifi.SCAN_RESULTS
12-29 21:00:36.024  2842  3181 D PositionFenceSignalCollect: wifiDatas size 6 for recognize
12-29 21:00:36.024  2842  3181 I PositionFenceRecognize: RecognizeByWifi: welcome to highPrecisionConfirmedFence26
12-29 21:00:36.024  2842  3181 I OllieMsgCenter: publishEvt=2135228419
12-29 21:00:36.024  2842  3181 I PositionFence_PositionFenceManager: notify position fence changed: fenceId 26 recognizeWay: 0
12-29 21:00:36.025  2842  3181 I WeakSignalPredictCollect: wifiDatas size 6 for recognize
12-29 21:00:36.025  2842  3181 I PositionFenceRecognize: RecognizeByWifi: welcome to highPrecisionConfirmedFence84
12-29 21:00:36.025  2842  3181 I WeakSignalPredictCollect: recognize hit before elevator confirmedFence 84
12-29 21:00:36.025  2842  3181 I WeakSignalPredictCollect: wifi datas has match confirmedFence
12-29 21:00:36.025  2842  3181 I OllieMsgCenter: publishEvt=2135228417
12-29 21:00:36.025  2842  3181 I OllieMsgCenter: publishEvt=2135228422
12-29 21:00:36.025  2842  3181 I BoosterUtil: getMasterCardSubId slotId: 0, subId: 1
12-29 21:00:36.026  2842  3181 I BoosterUtil: getSlaveCardSubId slotId: 1, subId: -1
12-29 21:00:36.026  2842  3181 E Booster_PositionFencePolicyLifeManager: [getSlaveCardMatchingResult]invalid slaveSubId = -1
12-29 21:00:36.027  2842  3181 E Booster_PositionFencePolicyLifeManager: [isPhoneDevice]phone device
12-29 21:00:36.027  1676  2213 V HwWifiServiceFactory: get AllImpl object = com.android.server.wifi.HwWifiServiceFactoryImpl@b4bfb7c
12-29 21:00:36.027  1676  2213 V HwWifiServiceFactory: get AllImpl object = com.android.server.wifi.HwWifiServiceFactoryImpl@b4bfb7c
12-29 21:00:36.027  3061  8307 I Softbus : [EnvironmentManager]: onReceive --> [android.net.wifi.SCAN_RESULTS]
12-29 21:00:36.027  2842  3181 I NetPredictEngine: ObserveState processMessage 10
12-29 21:00:36.027  2842  3181 I NetPredictBeanProxy: checkIfFenceValid, now: 782816756, enter elevator time: 774109553, fence type: 1
12-29 21:00:36.027  2842  3181 I NetPredictBeanProxy: fenceToWeak rate is too low: 19
12-29 21:00:36.027  2842  3181 I NetPredictEngine: ObserveState: fence invalid.
12-29 21:00:36.027  4207  4207 I L_HwNLPScanManager: [LocKit LogLocation.java:1] receive wifi broadcast, but mScan < 0
12-29 21:00:36.027  4978  8309 I NoticeFence-DeviceInfo: [LocKit LogLocation.java:1] availableSpace 6831091712, lowMemoryLevel 524288000
12-29 21:00:36.028  4207  4207 I HiAdKit.DC.WifiStateReceiver:  receive broadcast
12-29 21:00:36.028  1676  2213 V HwWifiServiceFactory: get AllImpl object = com.android.server.wifi.HwWifiServiceFactoryImpl@b4bfb7c
12-29 21:00:36.028  1676  2213 V HwWifiServiceFactory: get AllImpl object = com.android.server.wifi.HwWifiServiceFactoryImpl@b4bfb7c
12-29 21:00:36.028  1676  2315 I WifiScanRequestProxy: getLbsScanResults, mScanResultsForLbs is empty
12-29 21:00:36.029  4207  8032 I HiAdKit.DC.WifiStateReceiver:  call doOnReceive
12-29 21:00:36.029  3184  4019 I CAWARENESS_34463_AbilityContext: [1767013238417] deliver {dataId=100000465, mode=0} to 3 receivers
12-29 21:00:36.030  3184  4019 W CAWARENESS_34463_ThreadPool: thread pool abilityThreadPoll(50) label:wifi_scan_control_ability is running, add to queue 3/1/4
12-29 21:00:36.030  3184  7871 W CAWARENESS_34463_ThreadPool: thread pool abilityThreadPoll(50) label:wifi_scan_control_ability is running, add to map 3/1/4
12-29 21:00:36.030  1676  3471 V HwWifiServiceFactory: get AllImpl object = com.android.server.wifi.HwWifiServiceFactoryImpl@b4bfb7c
12-29 21:00:36.030  3184  7871 I CAWARENESS_34463_AbilityContext: [1767013238417] deliver {dataId=100000550, mode=0} to 1 receivers
12-29 21:00:36.030  1676  3471 V HwWifiServiceFactory: get AllImpl object = com.android.server.wifi.HwWifiServiceFactoryImpl@b4bfb7c
12-29 21:00:36.030  3184  7871 I CAWARENESS_34463_AbilityScheduler: query {dataId=100000461, mode=0} from ability_close_to_place
12-29 21:00:36.031  3184  7826 W CAWARENESS_34463_HwPoiAbility: PreIdentify result is empty, poi size:0, wifi size:0
12-29 21:00:36.031  3184  7871 I CAWARENESS_34463_StateMachine: isPreRecognizeSucceeded=false isConnectWifi=false isMatchingWifiFp=false lastState=out currentState=out isNeedPublish=false
12-29 21:00:36.031  3184  7871 I CAWARENESS_34463_AbilityScheduler: query {dataId=100000461, mode=0} from ability_close_to_place
12-29 21:00:36.031  3184  3226 I CAWARENESS_34463_AbilityScheduler: query {dataId=100000461, mode=0} from ability_close_to_place
12-29 21:00:36.032  3184  3226 I CAWARENESS_34463_StateMachine: isPreRecognizeSucceeded=false isConnectWifi=false isMatchingWifiFp=false lastState=out currentState=out isNeedPublish=false
12-29 21:00:36.033   926   926 I Layer   : [*#116940] reparent null
12-29 21:00:36.033   926   926 I Layer   : [*#116941] reparent null
12-29 21:00:36.034   926   926 I Layer   : *#116940: destroyed
12-29 21:00:36.035  4978  8309 I NoticeFence-PoiSense: [LocKit LogLocation.java:1] preMatch unknown block or no poi data
12-29 21:00:36.035  7842  8415 I NfcLoc_WifiSimilarityUtils: getFpWeightWithCosine sameSize:0, fp size = 6
12-29 21:00:36.035  7842  8415 I NfcLoc_WifiHandler: calWifiFenceSimilarity cosine[0] = 0.0,cosine[1] = 0.0, wifiFpSize = 1
12-29 21:00:36.035  7842  8415 I NfcLoc_WifiHandler: updateLocCosine the last cosine[0] = 0.0,cosine[1] = 0.0,cardType = 503
12-29 21:00:36.035  7842  8415 I NfcLoc_WifiSimilarityUtils: getFpWeightWithCosine sameSize:0, fp size = 15
12-29 21:00:36.035  7842  8415 I NfcLoc_WifiHandler: calWifiFenceSimilarity cosine[0] = 0.0,cosine[1] = 0.0, wifiFpSize = 1
12-29 21:00:36.035  7842  8415 I NfcLoc_WifiHandler: updateLocCosine the last cosine[0] = 0.0,cosine[1] = 0.0,cardType = 503
12-29 21:00:36.035  7842  8415 I NfcLoc_GeoFenceHandler: getLocMatchedDoorAid cardAid = 
12-29 21:00:36.035  7842  8415 I NfcLoc_GeoFenceHandler: getLocMatchedDoorAid cardAid = 
12-29 21:00:36.035  7842  8415 I NfcLoc_SwitchCardController: updateState data = Bundle[{isWorkCardFenceIn=false, trafficMaxCosine=0.0, totalCosine=0.0, uidDoorActiveAid=, currentAid=a0000003330101020063485750415910, isBadWifi=true, isSmallGpsIn=false, cardType=503, type=1, doorMaxCosine=0.0, wifiFence=2, isSensorHub=false, workDoorAid=}]
12-29 21:00:36.035  7842  8415 I NfcLoc_WifiHandler: getBestWifiSimilarityOfDoorCard maxSimilarityOfDoor = 0.0
12-29 21:00:36.035  1676  2281 E AwareLog: CpuProcessInherit: files null 
12-29 21:00:36.035  7842  8415 I NfcLoc_HwLocationManager: sendTraceInfo info = [***]当前激活的卡是：白卡
12-29 21:00:36.035  1676  2281 W AwareLog: SchedLevelBoost: onFgActivitiesChanged config not set!
12-29 21:00:36.036  3184  7871 I CAWARENESS_34463_StateMachine: isPreRecognizeSucceeded=false isConnectWifi=false isMatchingWifiFp=false lastState=out currentState=out isNeedPublish=false
12-29 21:00:36.036  3184  7871 I CAWARENESS_34463_AbilityScheduler: query {dataId=100000461, mode=0} from ability_close_to_place
12-29 21:00:36.037  3184  3226 I CAWARENESS_34463_AbilityScheduler: query {dataId=100000461, mode=0} from ability_close_to_place
12-29 21:00:36.037  1676  2412 I HwWifiProServiceProxy: ctrlHwWifiNetwork pkgName: WIFIPRO_SERVICE interfaceId: 18
12-29 21:00:36.037  1676  2412 I WifiHandover: hml active freq =0
12-29 21:00:36.037  3184  3226 I CAWARENESS_34463_StateMachine: isPreRecognizeSucceeded=false isConnectWifi=false isMatchingWifiFp=false lastState=out currentState=out isNeedPublish=false
12-29 21:00:36.038  1676  2412 V HwWifiServiceFactory: get AllImpl object = com.android.server.wifi.HwWifiServiceFactoryImpl@b4bfb7c
12-29 21:00:36.038  1676  2411 V HwWifiServiceFactory: get AllImpl object = com.android.server.wifi.HwWifiServiceFactoryImpl@b4bfb7c
12-29 21:00:36.039  3184  7871 I CAWARENESS_34463_StateMachine: isPreRecognizeSucceeded=true isConnectWifi=true isMatchingWifiFp=true lastState=in currentState=in isNeedPublish=false
12-29 21:00:36.039  3184  7871 I CAWARENESS_34463_AbilityScheduler: query {dataId=100000461, mode=0} from ability_close_to_place
12-29 21:00:36.039  3184  3226 I CAWARENESS_34463_AbilityScheduler: query {dataId=100000461, mode=0} from ability_close_to_place
12-29 21:00:36.039  3184  3226 W CAWARENESS_34463_ThreadPool: thread pool abilityThreadPoll(50) label:common_config_ability is running, add to queue 2/1/3
12-29 21:00:36.040  4207  8312 I NoticeFence-DeviceInfo: [LocKit LogLocation.java:1] availableSpace 6831083520, lowMemoryLevel 524288000
12-29 21:00:36.039   913  7213 D AudioPolicyService: getUidState(10240) cacheIter->second.first, return cacheIter->second.second(3)
12-29 21:00:36.040  1676  2898 V HwWifiServiceFactory: get AllImpl object = com.android.server.wifi.HwWifiServiceFactoryImpl@b4bfb7c
12-29 21:00:36.040  1676  2412 V HwWifiServiceFactory: get AllImpl object = com.android.server.wifi.HwWifiServiceFactoryImpl@b4bfb7c
12-29 21:00:36.040  1676  2412 V HwWifiServiceFactory: get AllImpl object = com.android.server.wifi.HwWifiServiceFactoryImpl@b4bfb7c
12-29 21:00:36.040  1676  2412 I HwWifiProServiceProxy: ctrlHwWifiNetwork pkgName: WIFIPRO_SERVICE interfaceId: 24
12-29 21:00:36.040  1676  2898 V HwWifiServiceFactory: get AllImpl object = com.android.server.wifi.HwWifiServiceFactoryImpl@b4bfb7c
12-29 21:00:36.040  1676  2412 I HwWifiProServiceProxy: ctrlHwWifiNetwork pkgName: WIFIPRO_SERVICE interfaceId: 25
12-29 21:00:36.041  1676  3471 V HwWifiServiceFactory: get AllImpl object = com.android.server.wifi.HwWifiServiceFactoryImpl@b4bfb7c
12-29 21:00:36.041  1676  3471 V HwWifiServiceFactory: get AllImpl object = com.android.server.wifi.HwWifiServiceFactoryImpl@b4bfb7c
12-29 21:00:36.041  1676  2412 I HwDualBandManager: preferList = {}
12-29 21:00:36.041   913  7213 D AudioPolicyService: getUidState(10166) cacheIter->second.first, return cacheIter->second.second(3)
12-29 21:00:36.041  4978  8308 I HMSFindNetworkCore_61504300_WifiCellManager: [FindNetwork null:2] check last task time not pass.
12-29 21:00:36.042   913  7213 D AudioPolicyService: getUidState(10084) cacheIter->second.first, return cacheIter->second.second(2)
12-29 21:00:36.042   913  7213 D AudioPolicyService: getUidState(10071) cacheIter->second.first, return cacheIter->second.second(3)
12-29 21:00:36.042  1676  2412 I WiFi_PRO_WifiProStateMachine: isAppinWhitelists, currentAppName =  android.uid.system:1000
12-29 21:00:36.042  1676  2412 W WiFi_PRO_WifiProStateMachine: mIsVpnWorking = false, mIsUserHandoverWiFi = false, mIsWiFiNoInternet = false, mHiLinkUnconfig = false, isAppinWhitelists = false, isWifiRepeaterOn = false, mIsSwitchForbiddenFromApp = false
12-29 21:00:36.042  1676  2412 I WiFi_PRO_WifiProStateMachine: isAppinWhitelists, currentAppName =  android.uid.system:1000
12-29 21:00:36.043  1676  2412 V HwWifiServiceFactory: get AllImpl object = com.android.server.wifi.HwWifiServiceFactoryImpl@b4bfb7c
12-29 21:00:36.043  1676  2412 I WiFi_PRO_WifiProStateMachine: EVENT_CHECK_AVAILABLE_AP_RESULT: targetBssid = null, exist = false, prefer = 0, freq = -1
12-29 21:00:36.043  1676  2315 I WifiScanRequestProxy: getLbsScanResults, mScanResultsForLbs is empty
12-29 21:00:36.043   913  7213 D AudioPolicyService: getUidState(10034) cacheIter->second.first, return cacheIter->second.second(3)
12-29 21:00:36.043  1676  2460 V HwWifiServiceFactory: get AllImpl object = com.android.server.wifi.HwWifiServiceFactoryImpl@b4bfb7c
12-29 21:00:36.043  1676  2460 V HwWifiServiceFactory: get AllImpl object = com.android.server.wifi.HwWifiServiceFactoryImpl@b4bfb7c
12-29 21:00:36.044  3184  7871 I CAWARENESS_34463_StateMachine: isPreRecognizeSucceeded=true isConnectWifi=false isMatchingWifiFp=false lastState=out currentState=out isNeedPublish=false
12-29 21:00:36.044  3184  3226 I CAWARENESS_34463_StateMachine: isPreRecognizeSucceeded=true isConnectWifi=true isMatchingWifiFp=true lastState=in currentState=in isNeedPublish=false
12-29 21:00:36.045  3184  7871 I CAWARENESS_34463_AbilityScheduler: query {dataId=100000461, mode=0} from ability_close_to_place
12-29 21:00:36.045  3184  3226 I CAWARENESS_34463_AbilityScheduler: query {dataId=100000461, mode=0} from ability_close_to_place
12-29 21:00:36.045  2842  3181 D DollieActivityManagerAdapter: [UidStateChanged]  uid:10084 uidState:5
12-29 21:00:36.045  2842  3181 E DollieAdapterService: notifyActivityState pkg:com.huawei.android.launcher/com.huawei.android.launcher.unihome.UniHomeLauncher state:5 fg:false mUid:10084
12-29 21:00:36.045  2842  3181 E HwPacketFilterBypass: sendRequestToKernel SOCKET_CLOSE_DETECT_UID_DEL [10084]
12-29 21:00:36.045  3184  7871 I CAWARENESS_34463_StateMachine: isPreRecognizeSucceeded=true isConnectWifi=false isMatchingWifiFp=false lastState=out currentState=out isNeedPublish=false
12-29 21:00:36.045  2842  3181 I NetworkQoeChr: updateTopAppInfo: com.huawei.android.launcher, appState2, uid10084
12-29 21:00:36.045  2842  3181 I NetPredictEngine: ObserveState processMessage 11
12-29 21:00:36.045  2842  3181 I NetPredictEngine: Parent processMessage 11
12-29 21:00:36.045  2842  3181 I NetPredictEngine: Parent: active app change, old packageName: com.example.ai_bookkeeping, new packageName: com.huawei.android.launcher
12-29 21:00:36.045  2842  3181 I OllieMsgCenter: publishEvt=2130771969
12-29 21:00:36.046  3184  7871 I CAWARENESS_34463_AbilityScheduler: query {dataId=100000461, mode=0} from ability_close_to_place
12-29 21:00:36.046  3184  7871 I CAWARENESS_34463_StateMachine: isPreRecognizeSucceeded=true isConnectWifi=false isMatchingWifiFp=false lastState=out currentState=out isNeedPublish=false
12-29 21:00:36.046  3184  7871 I CAWARENESS_34463_AbilityScheduler: query {dataId=100000461, mode=0} from ability_close_to_place
12-29 21:00:36.047  4207  8312 I NoticeFence-PoiSense: [LocKit LogLocation.java:1] preMatch unknown block or no poi data
12-29 21:00:36.047  1676  2411 E WifiProStateMachine: target ap is not exist
12-29 21:00:36.047  3184  3226 I CAWARENESS_34463_StateMachine: isPreRecognizeSucceeded=true isConnectWifi=false isMatchingWifiFp=false lastState=out currentState=out isNeedPublish=false
12-29 21:00:36.048  3184  3226 I CAWARENESS_34463_AbilityScheduler: query {dataId=100000461, mode=0} from ability_close_to_place
12-29 21:00:36.048  3184  7871 I CAWARENESS_34463_StateMachine: isPreRecognizeSucceeded=true isConnectWifi=false isMatchingWifiFp=false lastState=out currentState=out isNeedPublish=false
12-29 21:00:36.051   926   926 I BufferLayer: preparePerFrameCompositionState: SurfaceView[com.example.ai_bookkeeping/com.example.ai_bookkeeping.MainActivity](BLAST)#117192: first buffer updated to LayerFE. frame=1
12-29 21:00:36.052   926   926 I BufferLayer: preparePerFrameCompositionState: com.example.ai_bookkeeping/com.example.ai_bookkeeping.MainActivity#117188: first buffer updated to LayerFE. frame=1
12-29 21:00:36.054  3184  3226 I CAWARENESS_34463_StateMachine: isPreRecognizeSucceeded=true isConnectWifi=false isMatchingWifiFp=false lastState=out currentState=out isNeedPublish=false
12-29 21:00:36.054  3184  3226 I CAWARENESS_34463_AbilityScheduler: query {dataId=100000461, mode=0} from ability_close_to_place
12-29 21:00:36.055  3184  3226 I CAWARENESS_34463_StateMachine: isPreRecognizeSucceeded=true isConnectWifi=false isMatchingWifiFp=false lastState=out currentState=out isNeedPublish=false
12-29 21:00:36.055  3184  3226 I CAWARENESS_34463_AbilityScheduler: query {dataId=100000461, mode=0} from ability_close_to_place
12-29 21:00:36.056  3184  3226 I CAWARENESS_34463_StateMachine: isPreRecognizeSucceeded=true isConnectWifi=false isMatchingWifiFp=false lastState=out currentState=out isNeedPublish=false
12-29 21:00:36.056  2842  3181 I SmartDualCardConfig: getAppType,pkgName=com.huawei.android.launcher,appType=28
12-29 21:00:36.056  2842  3181 E SmartDualCardConfig: isAppInBlackList false,items==null
12-29 21:00:36.056  2842  3181 E ScgQuickAddManager: uidInfo.isForeGroundUid() is false
12-29 21:00:36.056  2842  3181 I OllieMsgCenter: publishEvt=2134966274
12-29 21:00:36.056  2842  3181 I HcPreDnsQueryCtrl: EVENT_APPINFO_ACTION_UID_STATE_CHANGED
12-29 21:00:36.057  2842  3181 I AppStallManager: OllieInternalEvtConsts.EVENT_APPINFO_ACTION_UID_STATE_CHANGED
12-29 21:00:36.066  1676  2214 E TaskChangeNotificationController: forAllLocalListeners pid must be equal, but the callingPid 8186 pid 1676
12-29 21:00:36.075  8186  8186 I HwMediaViewLayoutChangeHandler: handleMediaViewLayoutChanged, listener removed. view=io.flutter.embedding.android.FlutterSurfaceView{34894e1 V.E...... ........ 0,0-1152,2376}
12-29 21:00:36.076  8186  8186 D InsetsSourceConsumer: ViewUI_insets setControl -> ITYPE_STATUS_BAR on com.example.ai_bookkeeping/com.example.ai_bookkeeping.MainActivity
12-29 21:00:36.076  8186  8186 D InsetsSourceConsumer: ViewUI_insets setControl mType:0, requestedVisible:true, getLeash:Surface(name=Surface(name=c4268f4 StatusBar)/@0x9fd534b - animation-leash of insets_animation)/@0x5eb7331, needAnimation:false, mIsAnimationPending:false, getRootViewTitle:com.example.ai_bookkeeping/com.example.ai_bookkeeping.MainActivity
12-29 21:00:36.077  8186  8186 I ImeFocusController: ViewUI imeDisplayId:0 contextDisplayId:0
12-29 21:00:36.077  8186  8186 I InputMethodManager: set currentRootView to : android.view.ViewRootImpl@b3f2a16
12-29 21:00:36.078  8186  8186 I InputMethodManager: Starting input: reason=WINDOW_FOCUS_GAIN
12-29 21:00:36.079  2842  3181 I ConnCureStateMonitor: handleMessage: msg[4]
12-29 21:00:36.079  1676  2214 I HwInputMethodManagerService: startInputOrWindowGainedFocus windowToken:android.os.BinderProxy@c3aac9f mInputShown:false
12-29 21:00:36.079  1676  2214 I HwOcrImeController: updateMultiWindow focus window = com.example.ai_bookkeeping/com.example.ai_bookkeeping.MainActivity mIsInMultiScreen = false
12-29 21:00:36.079  1676  2214 I HwOcrImeController: updateUser userId = 0 mIsOwnerUser = true
12-29 21:00:36.079  1676  2214 I HwOcrImeController: setOcrImeSupportProp mIsOcrImeValid = true mIsHardKeyboardAvailable = false mIsInMultiScreen = false mIsOwnerUser = true
12-29 21:00:36.079  1676  2214 I HwOcrImeController: setOcrImeSupportProp mIsOcrImeValid = true mIsHardKeyboardAvailable = false mIsInMultiScreen = false mIsOwnerUser = true
12-29 21:00:36.079  1676  2214 I InputMethodShowDelayTask: clearTask
12-29 21:00:36.079  1676  2214 I SecInputMethodManagerService: ime focus result=0
12-29 21:00:36.079  1676  2214 I SecInputMethodManagerService: Client requesting input be hidden, uid=1000
12-29 21:00:36.079  1676  2214 I SecInputMethodManagerService: hideCurrentInputLocked inputShown:false, imeWindowVis:0
12-29 21:00:36.079  1676  2214 I HwInputMethodManagerService: windowfocus: hide secureIME isNeedWaitShow:false
12-29 21:00:36.080  1676  2214 E SecInputMethodManagerService: InputBindResult is @NonNull. startInputReason=Unknown=10000 windowFlags=#81810100 editorInfo=android.view.inputmethod.EditorInfo@7123eba
12-29 21:00:36.080  1676  2214 I InputMethodManagerService: isSecMethodUsing set false
12-29 21:00:36.080  1676  2214 I InputMethodManagerService: startInputOrWindowGainedFocus didStart: isTextEditor=false sameWindowFocused=false doAutoShow=true softInputMode=STATE_UNSPECIFIED|ADJUST_RESIZE|IS_FORWARD_NAVIGATION
12-29 21:00:36.080  1676  2214 I InputMethodManagerService: Unspecified window will hide input
12-29 21:00:36.080  1676  2214 V InputMethodManagerService: hideCurrentInputLocked inputShown:false, imeWindowVis:0
12-29 21:00:36.080  1676  2214 I HwInputMethodManagerService: hideCurrentInputLocked res:false
12-29 21:00:36.080  1676  2214 I InputMethodManagerService: switching to client:ClientState{9c7b4c8 uid=10177 pid=8186 displayId=0} keyguard:false
12-29 21:00:36.080  1676  1982 I HwDFRServicesFactory: getZrHungServicesFactory
12-29 21:00:36.080  1676  1982 I ZrHungServicesFactoryImpl: getZRHungService
12-29 21:00:36.081  8186  8186 I InputMethodManager: Starting input: Bind resultString=SUCCESS_WAITING_IME_SESSION
12-29 21:00:36.081  2842  3181 I ConnCureStateMonitor: canPerformConnCure: wifi link normally
12-29 21:00:36.081  2842  3181 D ConnCureConfigUtil: isCaredApp: input = com.example.ai_bookkeeping
12-29 21:00:36.081  2842  3181 I ConnCureStateMonitor: isCaredApp:false,isAllowed:true,isDataEnabled:true
12-29 21:00:36.081  1676  2214 E TaskChangeNotificationController: forAllLocalListeners pid must be equal, but the callingPid 8186 pid 1676
12-29 21:00:36.083  8186  8186 I DecorView[]: pkgName:com.example.ai_bookkeeping old windowMode:1 new windoMode:1, isFixedSize:false, isStackNeedCaptionView:true
12-29 21:00:36.086  1676  1982 I DropBoxManagerService: add tag=system_server_wtf isTagEnabled=true flags=0x2
12-29 21:00:36.087  1676  1982 W DropBoxManagerService: Dropping: system_server_wtf (2932 > 0 bytes)
12-29 21:00:36.087  1676  1888 I StatusBarDisable: setFlags what=0 which=1 pkg=Window{78e21ec u0 com.example.ai_bookkeeping/com.example.ai_bookkeeping.MainActivity}
12-29 21:00:36.087  8601  8601 D InputEventReceiver: dispatchInputInterval 0
12-29 21:00:36.088  1676  1982 I ActivityManager: before write dropbox time 1767013236086 eventType is wtf dataFile is false
12-29 21:00:36.090  1676  2216 I InputMethodManagerService: reportStartInput to window:android.os.BinderProxy@c3aac9f
12-29 21:00:36.094  8601  8601 I IME-account: AccountImpl#isBduAccount:true, isLogin:true
12-29 21:00:36.095  2519  2519 I LightBarController: onStatusBarAppearanceChanged appearanceRegions:AppearanceRegion{ bounds=[0,0][1152,2376]},  sbModeChanged:false, statusBarMode:0, stackAppearancesChanged:false, navbarColorManagedByIme:false
12-29 21:00:36.095  2519  2519 I NavigationBar: navigationbar appearance:1000,mAppearance:0,mTransientShown:false
12-29 21:00:36.096  2842  6153 D HwCommBoosterService: reportBoosterPara enter
12-29 21:00:36.096  2842  6153 D HwCommBoosterManager: reportBoosterPara enter
12-29 21:00:36.096  2842  6153 D HwCommBoosterManager: pluginId: 2
12-29 21:00:36.096  2842  3181 D HwCommBoosterManager: handleBoosterMessageSendModuleDataToPlugin enter
12-29 21:00:36.098  1676  2216 I HwMultiWindowManager: getHwMultiWindowState get window_mode : 1
12-29 21:00:36.098  8601  8601 I ring_expand: final Global.screenW = 1152
12-29 21:00:36.098  8601  8601 I HuaweiIME: SysInfo.getSysParam: orientation=1||config d=3.0,w=1152,h=2256||metrics d=3.0,w=1152,h=2256||sdk=31,bar_h=120||appScale=3.3,sysScale=3.0||isMultiWin=false,isPadMode=false, boardw=1152, boardH=705, candH=130, boardL=28, boardR=1124, ver=8.2.403.272, realW=1152, realH=2376, miniMapMode=0, boardPer100, isInLargeWinMode=false, displayId=0, cuid=1ED26F-4CF810-G1C524-D9D255-68988G-F6, inputWay0, keyboard=1, hardKeyboardHidden=2
12-29 21:00:36.099  8186  8186 I InputMethodManager: Starting input: reason=BOUND_TO_IMMS
12-29 21:00:36.100  8186  8186 I InputMethodManager: Starting input: finished by someone else. servedView=DecorView@18313d8[MainActivity],focus=false,windowFocus=true,autofillUiShowing=false,window=android.view.ViewRootImpl$W@4e965ee,displayId=0,temporaryDetach=false,hasImeFocus=true mServedConnecting=false
12-29 21:00:36.100  8601  8601 I HuaweiIME: isPortrait-adjustOffset-r: 5
12-29 21:00:36.101  8601  8601 I HuaweiIME:  isNight : false
12-29 21:00:36.101  8601  8601 E sug_info: checkMatch:com.example.ai_bookkeeping_0_0_null
12-29 21:00:36.101  8601  8601 E sug_info: true_true_true_true_false_true_true
12-29 21:00:36.105  1676  2216 V ActivityTaskManager: Activity idle: ActivityRecord{1c2522f u0 com.example.ai_bookkeeping/.MainActivity t1136}
12-29 21:00:36.105  1676  2216 I PowerManagerService-JNI: fingersense switch state:1
12-29 21:00:36.106  1676  2216 I PowerManagerService-JNI: ignore fingersense switch state:0
12-29 21:00:36.106  1676  2216 W ActivityTaskManager: do not allow hiding recent tasks, task id: 1136 , package = com.example.ai_bookkeeping
12-29 21:00:36.106  1676  2216 I ActivityTaskManager: isDualCodeScene mLastPausedActivity.dualflag = false
12-29 21:00:36.106  1676  2216 I PowerManagerService:  schedul eye detect nextTimeout: 356681159 now: 356573997 mRemainTime: 16000
12-29 21:00:36.109  1676  8315 W AwareLog: AwareMem_SystemTrimAction: system trim function is close
12-29 21:00:36.117  1676  1891 I WindowManager: Exit animation finished in Window{7cd2758 u0 Splash Screen com.example.ai_bookkeeping EXITING}: remove=true
12-29 21:00:36.118  1676  1891 I WindowManager: Removing Window{7cd2758 u0 Splash Screen com.example.ai_bookkeeping} from ActivityRecord{1c2522f u0 com.example.ai_bookkeeping/.MainActivity t1136}
12-29 21:00:36.121  1676  1888 I StatusBarDisable: setFlags what=0 which=1 pkg=Window{78e21ec u0 com.example.ai_bookkeeping/com.example.ai_bookkeeping.MainActivity}
12-29 21:00:36.125  2519  2519 I LightBarController: onStatusBarAppearanceChanged appearanceRegions:AppearanceRegion{LIGHT_STATUS_BARS bounds=[0,0][1152,2376]},  sbModeChanged:false, statusBarMode:0, stackAppearancesChanged:true, navbarColorManagedByIme:false
12-29 21:00:36.125  2519  2519 I LightBarController: statusbar mAppearanceRegions:AppearanceRegion{LIGHT_STATUS_BARS bounds=[0,0][1152,2376]}
12-29 21:00:36.125  2519  2519 I LightBarController: updateStatus numLightStacks:1, numStacks:1
12-29 21:00:36.128  2519  2519 I HwStatusBarCapsuleHelper: onUiModeChanged
12-29 21:00:36.128  2842  5034 I Booster_Qoe: Ada,index:8,NisPsSlow:0,NProba:312,rsrp(rssi):-40,rsrq(noise):-92,rtt(chload):345,BFH(uldelay):0,BFC(rtt):0 Real:0,0,0,0,0
12-29 21:00:36.128  2842  5034 I Booster_Qoe: Ada,index:2,NisPsSlow:0,NProba:312,rsrp(rssi):-40,rsrq(noise):-92,rtt(chload):345,BFH(uldelay):0,BFC(rtt):26 Real:0,0,26,0,0
12-29 21:00:36.129  2519  2519 I StatusBarLayout: refreshTint: tint: b2000000, area:Rect(0, 0 - 0, 0)
12-29 21:00:36.129  2519  2519 I HwStatusBarCapsuleHelper: onUiModeChanged
12-29 21:00:36.129  2519  2519 I NavigationBar: navigationbar appearance:1000,mAppearance:1000,mTransientShown:false
12-29 21:00:36.129  2842  3181 E Booster_BroadcastProxy: [isDebugModemEnabled]get package info fail.
12-29 21:00:36.130  1676  2411 I WiFi_PRO_WifiProStateMachine: APP_SERVICE_QOE_NOTIFY Qoe info 10177,4,0,312,1,2,4,0,312,144400,117000,10,10,0,0,0,0 CID 2 mMasterWifiRssi -32 mMasterCardAmbr 500000 mSlaveCardAmbr 1048576
12-29 21:00:36.130  1676  2411 V HwWifiServiceFactory: get AllImpl object = com.android.server.wifi.HwWifiServiceFactoryImpl@b4bfb7c
12-29 21:00:36.130  1676  2411 I HwWifiProServiceProxy: ctrlHwWifiNetwork pkgName: WIFIPRO_SERVICE interfaceId: 9
12-29 21:00:36.130  1676  2411 I WiFi_PRO_WifiProStateMachine: isWifi2WifiProcess = false, mIsNeedIgnoreQoeUpdate = false, mIsAppInBlacklist = false, mIsAppInBlacklistFullScreen = false, mIsWiFiNoInternet false, screen on = true, full screen = false, isLandscapeMode = false, mNotifyWifiLinkPoorReason = -1
12-29 21:00:36.130  1676  2411 I WiFi_PRO_WifiProStateMachine: mChannelQoeBadCnt = 0, mAppQoeBadCnt = 0, mNetworkSlowReason = 0, mNetworkSlowChannelBadCnt = 0
12-29 21:00:36.130  1676  2411 V HwWifiServiceFactory: get AllImpl object = com.android.server.wifi.HwWifiServiceFactoryImpl@b4bfb7c
12-29 21:00:36.133   926   926 I Layer   : [*#117183] reparent null
12-29 21:00:36.133   926   926 I Layer   : [*#117182] reparent null
12-29 21:00:36.133   926   926 I Layer   : [*#117194] reparent null
12-29 21:00:36.134   926   926 I Layer   : setFlags: *#117183 hide
12-29 21:00:36.134   926   926 I Layer   : *#117194: destroyed
12-29 21:00:36.134   926   926 I Layer   : *#117182: destroyed
12-29 21:00:36.135  1676  1723 W System  : A resource failed to call release. 
12-29 21:00:36.139   926   926 I Layer   : *#117183: destroyed
12-29 21:00:36.422  1370  1395 D AwareLog: iawared: WorkingsetProcessCommand subCmd = 351, userId=10177, pid=8186, com.example.ai_bookkeeping
12-29 21:00:36.423  1370  1395 D AwareLog: iawared: WorkingsetPause com.example.ai_bookkeeping
12-29 21:00:36.456  1676  2315 I TrafficMonitor: expired arrive. level:-1
12-29 21:00:36.456  1676  2315 I TrafficMonitor: during_ms:2009,period_ms:2000
12-29 21:00:36.456  1676  2315 I TrafficMonitor: count:8,rx_sum:0,tx_sum:1,rxBytes:0,during_ms:2009,rx_speed:0.0,tx_speed:35.34096565455451,rto:0.0
12-29 21:00:36.456  1676  2315 I HuaweiWifiWatchdogStateMachine: Get speed information rx_speed = 0 ,tx_speed = 35 ,isSpeedOk = false ,mBestSpeedInPeriod = 0
12-29 21:00:36.528  1676  7880 E TaskPersister: File error accessing recents directory (directory doesn't exist?).
12-29 21:00:36.802  1676  2413 I WifiNl80211Manager: Noise: -92, Snr: 127, Chload: 345, rssi: -32, txBitrate: 144, rxBitrate: 117, frequency: 2462, UlDelay: 0, currentTxBytes: 26459029, currentTxPackets: 98825, currentTxFailed: 0, currentRxBytes: 198803756, currentRxPackets: 182830
12-29 21:00:36.803  1676  2412 I WiFi_PRO: MSG_RETURN_AP_CURRY_RSSI rssi = -32
12-29 21:00:36.803  1676  2412 I QosMonitor: queryRtt: rttType = 3
12-29 21:00:36.803  1676  2412 I QosMonitor: call ctrlHwWifiNetwork
12-29 21:00:36.803  1676  2411 I HwDualBandManager: handle2gApStrongWifiRssiChange
12-29 21:00:36.804  1676  2411 V HwWifiServiceFactory: get AllImpl object = com.android.server.wifi.HwWifiServiceFactoryImpl@b4bfb7c
12-29 21:00:36.804  1676  2412 I QosMonitor: postEventFromNative: msg=100,arg1=4,arg2=10
12-29 21:00:36.805  1676  2413 I HuaweiWifiWatchdogStateMachine: high data flow: protection_counter = 0,  not_detect_counter = 223
12-29 21:00:36.805  1676  2413 I HuaweiWifiWatchdogStateMachine: high data flow scenario: 0 --> 0 rx rate =2KB/s
12-29 21:00:36.805  1676  2413 I HuaweiWifiWatchdogStateMachine: POta txb txg rxg:0, 1, 0. Lr =0% Totpkt=1
12-29 21:00:36.806  1676  2412 I QosMonitor: call ctrlHwWifiNetwork
12-29 21:00:36.806  1676  2412 I QosMonitor: postEventFromNative: msg=100,arg1=0,arg2=10
12-29 21:00:36.806  1676  2412 I MQoS    : rtt=364,tcpTxPkts=3582617,tcpRxPkts=5114190
12-29 21:00:36.808  1676  2413 I HuaweiWifiWatchdogStateMachine: PTcp RTT:364, rtt pkt=25, tcp_rx=0, tcp_tx=1, tcp_reTran=0, rtRate=0
12-29 21:00:36.808  1676  2413 I HuaweiWifiWatchdogStateMachine: rssi bad, mrssi=-32 < TargetRssi=-32
12-29 21:00:36.808  1676  2413 I HuaweiWifiWatchdogStateMachine: start computeQosLevel tcpRtt = 364 ,rssi = -32 ,mBestSpeedInPeriod = 0
12-29 21:00:36.808  1676  2413 I HuaweiWifiWatchdogStateMachine: smoothConsecutiveQosResults, currentQosLevel = 3
12-29 21:00:36.808  1676  2412 I QosMonitor: resetRtt: rttType = 3
12-29 21:00:36.809  1676  2412 I QosMonitor: call ctrlHwWifiNetwork
12-29 21:00:36.809  1676 12555 E MQoS    : unkown RAT!
12-29 21:00:36.809  1676 12555 I MQoS    : QOS_level:5(5),wifi-link;use signalLvl:5;RAT:unknownRAT
12-29 21:00:36.817  1676  2411 W HwDualBandManager: actualScan5gChannelList not exist
12-29 21:00:36.850  1367  1390 I Thermal-daemon:ambient: UpdateTimeStamp: is first history!!
12-29 21:00:36.855  1367  1390 I Thermal-daemon:ambient: AmbientSample: write temp 21513 to ambient node
12-29 21:00:36.965  8601  8601 W Settings: Setting device_provisioned has moved from android.provider.Settings.Secure to android.provider.Settings.Global.
12-29 21:00:36.966  8601  8601 D Dialog  : The current scenario does not need to be updated.
12-29 21:00:36.966  8601  8601 W Settings: Setting device_provisioned has moved from android.provider.Settings.Secure to android.provider.Settings.Global.
12-29 21:00:36.966  8601  8601 D Dialog  : The current scenario does not need to be updated.
12-29 21:00:37.029  3061  8307 I LooperFactory: releaseLooper:MBcDeliver, other:[]
12-29 21:00:37.098  2842  6153 D HwCommBoosterService: reportBoosterPara enter
12-29 21:00:37.098  2842  6153 D HwCommBoosterManager: reportBoosterPara enter
12-29 21:00:37.098  2842  6153 D HwCommBoosterManager: pluginId: 2
12-29 21:00:37.099  2842  3181 D HwCommBoosterManager: handleBoosterMessageSendModuleDataToPlugin enter
12-29 21:00:37.146  2842  5034 I Booster_Qoe: Ada,index:8,NisPsSlow:0,NProba:312,rsrp(rssi):-40,rsrq(noise):-92,rtt(chload):345,BFH(uldelay):0,BFC(rtt):0 Real:0,0,0,0,0
12-29 21:00:37.146  2842  5034 I Booster_Qoe: Ada,index:2,NisPsSlow:0,NProba:312,rsrp(rssi):-40,rsrq(noise):-92,rtt(chload):345,BFH(uldelay):0,BFC(rtt):10 Real:0,0,10,0,0
12-29 21:00:37.151  2842  3181 E Booster_BroadcastProxy: [isDebugModemEnabled]get package info fail.
12-29 21:00:37.152  1676  2411 I WiFi_PRO_WifiProStateMachine: APP_SERVICE_QOE_NOTIFY Qoe info 10177,4,0,312,1,2,4,0,312,144400,117000,10,10,0,0,0,0 CID 2 mMasterWifiRssi -32 mMasterCardAmbr 500000 mSlaveCardAmbr 1048576
12-29 21:00:37.153  1676  2411 V HwWifiServiceFactory: get AllImpl object = com.android.server.wifi.HwWifiServiceFactoryImpl@b4bfb7c
12-29 21:00:37.153  1676  2411 I HwWifiProServiceProxy: ctrlHwWifiNetwork pkgName: WIFIPRO_SERVICE interfaceId: 9
12-29 21:00:37.153  1676  2411 I WiFi_PRO_WifiProStateMachine: isWifi2WifiProcess = false, mIsNeedIgnoreQoeUpdate = false, mIsAppInBlacklist = false, mIsAppInBlacklistFullScreen = false, mIsWiFiNoInternet false, screen on = true, full screen = false, isLandscapeMode = false, mNotifyWifiLinkPoorReason = -1
12-29 21:00:37.153  1676  2411 I WiFi_PRO_WifiProStateMachine: mChannelQoeBadCnt = 0, mAppQoeBadCnt = 0, mNetworkSlowReason = 0, mNetworkSlowChannelBadCnt = 0
12-29 21:00:37.154  1676  2411 V HwWifiServiceFactory: get AllImpl object = com.android.server.wifi.HwWifiServiceFactoryImpl@b4bfb7c
12-29 21:00:37.320  2842  3181 E Booster_BoosterdDelegate: [bindService]bindService start
12-29 21:00:37.321  2842  3181 E Booster_BoosterdDelegate: [getBoosterdNativeService]Failed to get boosterd native service
12-29 21:00:37.321  2842  3181 E Booster_BoosterdDelegate: [bindService]mService is null
12-29 21:00:37.321  2842  3181 I SpeedTestNotifier: is low speed scene
12-29 21:00:37.321  2842  3181 I OllieMsgCenter: publishEvt=2135097353
12-29 21:00:37.476  1676  2315 I TrafficMonitor: update:rxPkts:0,txPkts:0,rxBytes:0,txBytes:0
12-29 21:00:37.476  1676  2315 I TrafficMonitor: gettimer:interval=2000
12-29 21:00:37.476  1676  2277 W AlarmManager: WAKEUP alarm trigger action = com.huawei.hms.kit.awareness.service.AlarmServiceProxy package name is: com.huawei.hwid tag: *walarm*:com.huawei.hms.kit.awareness.service.AlarmServiceProxy window:0 originWhen:782815050 when:782818205 maxWhen:782818205
12-29 21:00:37.477  1676  2277 I ActivityManager: sendIntentSender target:PendingIntentRecord{b4c79e3 com.huawei.hwid broadcastIntent}, intent:flg=0x4 hwFlg=0x810
12-29 21:00:37.479  1676  2277 I PowerManagerService:  schedul eye detect nextTimeout: 356681159 now: 356575371 mRemainTime: 16000
12-29 21:00:37.484  5089  5522 I HMS-Awa : [AlarmServiceProxy] success get receiver
12-29 21:00:37.485  1676  2214 V BroadcastQueue: Finished with ordered broadcast BroadcastRecord{963233c u0 com.huawei.hms.kit.awareness.service.AlarmServiceProxy}
12-29 21:00:37.486  5089  5522 I HMS-Awa : [AlarmServiceProxy] notify barrier: key_barrier_ABS-10169, currentStatus: 1
12-29 21:00:37.486  5089  5522 I HMS-Awa : [AlarmServiceProxy] Null value in candidate
12-29 21:00:37.487  5089  5522 I HMS-Awa : [ClockTaskHandler] Message handled: true
12-29 21:00:37.487  1676  1676 I PowerManagerService:  schedul eye detect nextTimeout: 356681159 now: 356575378 mRemainTime: 16000
12-29 21:00:37.488  5089  5518 I HMS-Awa : [Traversal] the current root result: 0
12-29 21:00:37.488  1676  2214 I ActivityManager: sendIntentSender target:PendingIntentRecord{8176b6a com.jingdong.app.mall broadcastIntent}, intent:hwFlg=0x10
12-29 21:00:37.490  1676  1982 I ActivityManager: App 10169/com.jingdong.app.mall targets O+, restricted
12-29 21:00:37.490  5089  5518 I HMS-Awa : [AttachInfoImpl] barrier: key_barrier_ABS, trigger : 0
12-29 21:00:37.493   913 19503 D AudioPolicyService: getUidState(10169) !cacheIter->second.first, return PROCESS_STATE_UNKNOWN
12-29 21:00:37.519  1676  2216 I HwConnectivityServiceEx: set 10169, metered: false, value: false
12-29 21:00:37.519  1676  2216 I HwConnectivityServiceEx: set 10169, metered: true, value: false
12-29 21:00:37.520  1676  2214 V BroadcastQueue: Finished with ordered broadcast BroadcastRecord{5a78c5 u0 SCREEN_ACTION}
12-29 21:00:37.522   913 19503 D AudioPolicyService: getUidState(10169) !cacheIter->second.first, return PROCESS_STATE_UNKNOWN
12-29 21:00:37.531   801  8318 I resolv  : resolv_getaddrinfo: explore_fqdn(): ai_family=0 ai_socktype=1 ai_protocol=6
12-29 21:00:37.533   801  8319 I resolv  : doQuery: netid: 370 pid: 1875 uid: 10169 type: A
12-29 21:00:37.533   801  8319 I resolv  : resolv_cache_lookup: FOUND IN CACHE entry=0xb400007da02321c0
12-29 21:00:37.535  1676  2336 D HwConnectivityManagerImpl: getNetworkPolicyFlag flagStr null
12-29 21:00:37.768  1676  2214 I PowerManagerService:  schedul eye detect nextTimeout: 356681159 now: 356575659 mRemainTime: 16000
12-29 21:00:37.771  2417  5685 E CHR_ChrNetSignalInfo: subId：0 sigInfo0:243
12-29 21:00:37.771  2417  5685 E CHR_ChrNetSignalInfo: subId：0 sigInfo1:0
12-29 21:00:37.771  2417  5685 E CHR_ChrNetSignalInfo: subId：0 sigInfo2:0
12-29 21:00:37.771  2417  5685 E CHR_ChrNetSignalInfo: subId：0 sigInfo3:0
12-29 21:00:37.771  2417  5685 E CHR_ChrNetSignalInfo: subId：0 sigInfo4:0
12-29 21:00:37.771  2417  5685 E CHR_ChrNetSignalInfo: subId：0 sigInfo5:0
12-29 21:00:37.771  2417  5685 E CHR_ChrNetSignalInfo: subId：0 sigInfo6:2147483647
12-29 21:00:37.771  2417  5685 E CHR_ChrNetSignalInfo: subId：0 sigInfo7:0
12-29 21:00:37.771  2417  5685 E CHR_ChrNetSignalInfo: subId：0 sigInfo8:2147483647
12-29 21:00:37.771  2417  5685 E CHR_ChrNetSignalInfo: subId：0 sigInfo9:0
12-29 21:00:37.772  2417  5685 E CHR_ChrNetSignalInfo: subId：0 sigInfo10:0
12-29 21:00:37.772  2417  5685 E CHR_ChrNetSignalInfo: subId：0 sigInfo11:4
12-29 21:00:37.772  2417  5685 E CHR_ChrNetSignalInfo: subId：0 sigInfo12:-97
12-29 21:00:37.772  2417  5685 E CHR_ChrNetSignalInfo: msg cnt 4005
12-29 21:00:37.772  2417  5685 E CHR_ChrNetSignalInfo: msg cnt 4005
12-29 21:00:37.772  2417  5685 E CHR_ChrNetSignalInfo: msg cnt 4005
12-29 21:00:37.772  2417  5685 E CHR_ChrNetSignalInfo: msg cnt 4005
12-29 21:00:37.772  2417  5685 E CHR_ChrNetSignalInfo: msg cnt 4005
12-29 21:00:37.772  2417  5685 E CHR_ChrNetSignalInfo: msg cnt 4005
12-29 21:00:37.778  1676  1676 I MQoS    : onSignal: mSubId=0,currDataSubID=0
12-29 21:00:37.777  2842  3181 I OllieMsgCenter: publishEvt=2131099741
12-29 21:00:37.785  2842  2842 D Hicom_TelephonyUtil: onSignalStrengthsChanged
12-29 21:00:37.785  2842  2842 D Hicom_TelephonyUtil: handleSignalStrengthsChanged slotId:0
12-29 21:00:37.786  2842  3181 I NetworkPredictMatcher: checkIsNr netType: 6masterSlotId: 0
12-29 21:00:37.786  2842  3181 I NetworkPredictMatcher: checkIsNr netType: 6masterSlotId: 0
12-29 21:00:37.786  2842  3181 I NetworkPredictMatcher: checkIsNr netType: 6masterSlotId: 0
12-29 21:00:37.786  2842  3181 I NetworkPredictMatcher: checkIsNr netType: 6masterSlotId: 0
12-29 21:00:37.787  1676  1676 I MQoS    : received cell-signal:5
12-29 21:00:38.012  1676  2214 I PowerManagerService:  schedul eye detect nextTimeout: 356681159 now: 356575903 mRemainTime: 16000
12-29 21:00:38.100  2842  2863 D HwCommBoosterService: reportBoosterPara enter
12-29 21:00:38.100  2842  2863 D HwCommBoosterManager: reportBoosterPara enter
12-29 21:00:38.100  2842  2863 D HwCommBoosterManager: pluginId: 2
12-29 21:00:38.101  2842  3181 D HwCommBoosterManager: handleBoosterMessageSendModuleDataToPlugin enter
12-29 21:00:38.179  2842  5034 I Booster_Qoe: Ada,index:8,NisPsSlow:0,NProba:312,rsrp(rssi):-40,rsrq(noise):-90,rtt(chload):413,BFH(uldelay):0,BFC(rtt):0 Real:0,0,0,0,0
12-29 21:00:38.179  2842  5034 I Booster_Qoe: Ada,index:2,NisPsSlow:0,NProba:312,rsrp(rssi):-40,rsrq(noise):-90,rtt(chload):413,BFH(uldelay):0,BFC(rtt):38 Real:0,0,38,0,0
12-29 21:00:38.181  2842  3181 E Booster_BroadcastProxy: [isDebugModemEnabled]get package info fail.
12-29 21:00:38.183  1676  2411 I WiFi_PRO_WifiProStateMachine: APP_SERVICE_QOE_NOTIFY Qoe info 10177,4,0,312,1,2,4,0,312,144400,117000,10,10,0,0,0,0 CID 2 mMasterWifiRssi -32 mMasterCardAmbr 500000 mSlaveCardAmbr 1048576
12-29 21:00:38.183  1676  2411 V HwWifiServiceFactory: get AllImpl object = com.android.server.wifi.HwWifiServiceFactoryImpl@b4bfb7c
12-29 21:00:38.183  1676  2411 I HwWifiProServiceProxy: ctrlHwWifiNetwork pkgName: WIFIPRO_SERVICE interfaceId: 9
12-29 21:00:38.184  1676  2411 I WiFi_PRO_WifiProStateMachine: isWifi2WifiProcess = false, mIsNeedIgnoreQoeUpdate = false, mIsAppInBlacklist = false, mIsAppInBlacklistFullScreen = false, mIsWiFiNoInternet false, screen on = true, full screen = false, isLandscapeMode = false, mNotifyWifiLinkPoorReason = -1
12-29 21:00:38.184  1676  2411 I WiFi_PRO_WifiProStateMachine: mChannelQoeBadCnt = 0, mAppQoeBadCnt = 0, mNetworkSlowReason = 0, mNetworkSlowChannelBadCnt = 0
12-29 21:00:38.184  1676  2411 V HwWifiServiceFactory: get AllImpl object = com.android.server.wifi.HwWifiServiceFactoryImpl@b4bfb7c
12-29 21:00:38.294 20108 20134 E CSP_RADAR: Fatal RejectedExecutionException in Runnale Unamed ThreadPoolExecutor
12-29 21:00:38.298  1676  2216 I HwDFRServicesFactory: getZrHungServicesFactory
12-29 21:00:38.298  1676  2216 I ZrHungServicesFactoryImpl: getZRHungService
12-29 21:00:38.305 20108 20134 E CSP_RADAR: !! ErrorMonitor checked an unhandled Error 1 msg:Fatal RejectedExecutionException in Runnale Unamed ThreadPoolExecutor
12-29 21:00:38.305  1676  8321 I DropBoxManagerService: add tag=system_app_wtf isTagEnabled=true flags=0x2
12-29 21:00:38.307  1676  8321 W DropBoxManagerService: Dropping: system_app_wtf (2507 > 0 bytes)
12-29 21:00:38.309  1676  8321 I ActivityManager: before write dropbox time 1767013238305 eventType is wtf dataFile is false
12-29 21:00:38.693  8186  8186 I AwareBitmapCacher: init lrucache size: 4194304 pid=8186
12-29 21:00:38.800  1676  2315 I WifiNl80211Manager: Noise: -90, Snr: 35, Chload: 413, rssi: -32, txBitrate: 144, rxBitrate: 144, frequency: 2462, UlDelay: 0, currentTxBytes: 26462542, currentTxPackets: 98837, currentTxFailed: 0, currentRxBytes: 198809001, currentRxPackets: 182840
12-29 21:00:38.801  4978  4978 I HwMSDPMovementManager: getCurrentMovement type 0
12-29 21:00:38.804  1676  2315 V HwWifiServiceFactory: get AllImpl object = com.android.server.wifi.HwWifiServiceFactoryImpl@b4bfb7c
12-29 21:00:38.804   868  7336 I ArHal   : (ArDataGetState:1476):id[2]
12-29 21:00:38.805   868  7336 W ArHal   : (ArDataGetActivityIndex:248):invalid activity[25]
12-29 21:00:38.806   868  7336 W ArHal   : (ArDataGetState:1507):unknown activity[25], discard
12-29 21:00:38.807  2842  3181 I TrafficStatisticsBoosterPlugin: handleMessage, msg = 2
12-29 21:00:38.809  4978  4978 I L_HmsMsdpClient: [LocKit LogLocation.java:1] arId = 4
12-29 21:00:38.812   926  1041 I VSyncReactor: still confirming period
12-29 21:00:38.829   926  1041 I VSyncPredictor: setPeriod: 16666666
