12-29 21:00:29.578  1676  1676 I PowerManagerService:  schedul eye detect nextTimeout: 356679777 now: 356567470 mRemainTime: 16000
12-29 21:00:29.578  1676  3471 I PowerManagerService:  schedul eye detect nextTimeout: 356679777 now: 356567470 mRemainTime: 16000
12-29 21:00:29.578  1676  2213 I NetworkStats: History for network, uid = 1000
12-29 21:00:29.582  1676  2216 I ActivityManager: sendIntentSender target:PendingIntentRecord{e844973 com.huawei.nb.service broadcastIntent}, intent:hwFlg=0x10
12-29 21:00:29.582  1676  2213 I NetworkStats: Summary for network, uid = 1000
12-29 21:00:29.583  1676  2213 I PowerManagerService:  schedul eye detect nextTimeout: 356679777 now: 356567474 mRemainTime: 16000
12-29 21:00:29.584  1676  2213 W ProcBatteryStats: timer is running , not start, name: com.huawei.ims, uid: 1001, tag: RILJ_IMS
12-29 21:00:29.585  1676  2313 I NetworkStats: History for network, uid = 1000
12-29 21:00:29.585  1676  2213 I NetworkStats: forceUpdate, pid = 2764
12-29 21:00:29.585  1676  2216 I PowerManagerService:  schedul eye detect nextTimeout: 356679777 now: 356567477 mRemainTime: 16000
12-29 21:00:29.586  1676  2216 I PowerManagerService:  schedul eye detect nextTimeout: 356679777 now: 356567477 mRemainTime: 16000
12-29 21:00:29.586  1676  2216 I PowerManagerService:  schedul eye detect nextTimeout: 356679777 now: 356567478 mRemainTime: 16000
12-29 21:00:29.588  1676  2313 I NetworkStats: Summary for network, uid = 1000
12-29 21:00:29.589  1676  2213 I PowerManagerService:  schedul eye detect nextTimeout: 356679777 now: 356567480 mRemainTime: 16000
12-29 21:00:29.589  1676  2213 I NetworkStats: performPollLocked, pid = 2764
12-29 21:00:29.591  1676  3471 I ActivityManager: sendIntentSender target:PendingIntentRecord{e844973 com.huawei.nb.service broadcastIntent}, intent:hwFlg=0x10
12-29 21:00:29.591  1676  2214 I PowerManagerService:  schedul eye detect nextTimeout: 356679777 now: 356567482 mRemainTime: 16000
12-29 21:00:29.591  1676  2214 I AlarmManager: remove Alarm{be0640a type 3 origWhen 784607955 whenElapsed 784607955 PendingIntent{18143ab: PendingIntentRecord{1df18b2 com.huawei.searchservice broadcastIntent}} com.huawei.searchservice procName com.huawei.HwOPServer} according to PendingIntent: f0e4c75 by reason: 1
12-29 21:00:29.603  1676  2213 I NetworkStatsCollection: getSummary, uid = 1000stats size = 67
12-29 21:00:29.603  1676  2213 I NetworkStatsCollection: getSummary, uid = 1000stats size = 67
12-29 21:00:29.603  1676  2213 I NetworkStatsCollection: getSummary, uid = 1000stats size = 894
12-29 21:00:29.604  1676  2213 I NetworkStatsCollection: getSummary, uid = 1000stats size = 67
12-29 21:00:29.604  1676  2213 I NetworkStatsCollection: getSummary, uid = 1000stats size = 67
12-29 21:00:29.604  1676  2213 I NetworkStatsCollection: getSummary, uid = 1000stats size = 894
12-29 21:00:29.604  1676  2216 I PowerManagerService: releaseWakeLockAsync into.
12-29 21:00:29.604  1676  2216 I PowerManagerService:  schedul eye detect nextTimeout: 356679777 now: 356567496 mRemainTime: 16000
12-29 21:00:29.605  1676  2213 I NetworkStats: callingPid is system 2764
12-29 21:00:29.605  1676  4679 I PowerManagerService: releaseWakeLockAsync into.
12-29 21:00:29.605  1676  4679 W ProcBatteryStats: timer is not running , not stop, name: audioserver, uid: 1041, tag: AudioMix
12-29 21:00:29.605  1676  4679 I PowerManagerService:  schedul eye detect nextTimeout: 356679777 now: 356567496 mRemainTime: 16000
12-29 21:00:29.605  1676  3471 I PowerManagerService:  schedul eye detect nextTimeout: 356679777 now: 356567496 mRemainTime: 16000
12-29 21:00:29.605  1676  2213 I PowerManagerService:  schedul eye detect nextTimeout: 356679777 now: 356567496 mRemainTime: 16000
12-29 21:00:29.605  1676  2313 I NetworkStats: History for network, uid = 1000
12-29 21:00:29.605  1676  2898 E AppOps  : noteOperation catch security exception:Specified package com.android.phone under uid 10043 but it is not attributionTag check, current pkg uid:1001
12-29 21:00:29.606  1676  2313 I NetworkStats: Summary for network, uid = 1000
12-29 21:00:29.606  1676  2313 I NetworkStats: History for network, uid = 1000
12-29 21:00:29.606  1676  2313 I NetworkStats: Summary for network, uid = 1000
12-29 21:00:29.606  1676  2214 I AlarmManager: remove Alarm{1672298 type 3 origWhen 783407957 whenElapsed 783407957 PendingIntent{7ea1a08: PendingIntentRecord{1dc4b80 com.huawei.searchservice broadcastIntent}} com.huawei.searchservice procName com.huawei.HwOPServer} according to PendingIntent: 6c1d47b by reason: 1
12-29 21:00:29.606  1676  2216 I ActivityManager: sendIntentSender target:PendingIntentRecord{e844973 com.huawei.nb.service broadcastIntent}, intent:hwFlg=0x10
12-29 21:00:29.606  1676  2898 I AlarmManager: remove Alarm{628b6d6 type 3 origWhen 783707959 whenElapsed 783707959 PendingIntent{f9993c6: PendingIntentRecord{5f55c7b com.huawei.searchservice broadcastIntent}} com.huawei.searchservice procName com.huawei.HwOPServer} according to PendingIntent: f043af1 by reason: 1
12-29 21:00:29.608  1676  2898 I AlarmManager: remove Alarm{7f7d044 type 3 origWhen 787067962 whenElapsed 787067962 PendingIntent{c0aceb4: PendingIntentRecord{af702f1 com.huawei.searchservice broadcastIntent}} com.huawei.searchservice procName com.huawei.HwOPServer} according to PendingIntent: 68f3d57 by reason: 1
12-29 21:00:29.608  1676  2313 I NetworkStats: History for network, uid = 1000
12-29 21:00:29.608  1676  2898 I AlarmManager: remove Alarm{76057f3 type 3 origWhen 784007958 whenElapsed 784007958 PendingIntent{ccbb5a1: PendingIntentRecord{fe49475 com.huawei.searchservice broadcastIntent}} com.huawei.searchservice procName com.huawei.HwOPServer} according to PendingIntent: ed16a62 by reason: 1
12-29 21:00:29.608  1676  2216 I NetworkStats: openSession, pid = 2764
12-29 21:00:29.609  2856  2856 W SettingsEx: SettingsEx.Systemex.getString deprecated use Settings.System.getString instead, callers = com.android.internal.telephony.gsm.HwCustGsmServiceStateManagerImpl.isMccForShowNetname:222 com.android.internal.telephony.gsm.HwCustGsmServiceStateManagerImpl.isShowNetnameByMcc:213 com.android.internal.telephony.gsm.HwCustGsmServiceStateManagerImpl.setOnsDisplayCustomization:164 
12-29 21:00:29.612  1676  2313 I NetworkStats: Summary for network, uid = 1000
12-29 21:00:29.612  1676  2313 I NetworkStats: History for network, uid = 1000
12-29 21:00:29.612  1676  2313 I NetworkStats: Summary for network, uid = 1000
12-29 21:00:29.612  1676  2313 I NetworkStats: History for network, uid = 1000
12-29 21:00:29.612  1676  2313 I NetworkStats: Summary for network, uid = 1000
12-29 21:00:29.615  1676  2213 I PowerManagerService:  schedul eye detect nextTimeout: 356679777 now: 356567506 mRemainTime: 16000
12-29 21:00:29.617  1676  2898 I NetworkStats: History for network, uid = 1000
12-29 21:00:29.621  1676  2216 I ActivityManager: sendIntentSender target:PendingIntentRecord{e844973 com.huawei.nb.service broadcastIntent}, intent:hwFlg=0x10
12-29 21:00:29.622  1676  2898 I NetworkStats: Summary for network, uid = 1000
12-29 21:00:29.625  2842  3181 I BoosterUtil: getSlaveCardSubId slotId: 1, subId: -1
12-29 21:00:29.625  2842  3181 I PositionFence_PositionFenceManager: start position fence recognize! reason for 2130903090
12-29 21:00:29.625  1676  2898 I PowerManagerService:  schedul eye detect nextTimeout: 356679777 now: 356567517 mRemainTime: 16000
12-29 21:00:29.627  1676  2216 I PowerManagerService:  schedul eye detect nextTimeout: 356679777 now: 356567518 mRemainTime: 16000
12-29 21:00:29.629  1676  2214 I PowerManagerService:  schedul eye detect nextTimeout: 356679777 now: 356567520 mRemainTime: 16000
12-29 21:00:29.636  2842  3181 E OllieTelephony: sendFullData err:1
12-29 21:00:29.637  1676  2898 I PowerManagerService:  schedul eye detect nextTimeout: 356679777 now: 356567528 mRemainTime: 16000
12-29 21:00:29.646  1676  2898 I ActivityManager: sendIntentSender target:PendingIntentRecord{e844973 com.huawei.nb.service broadcastIntent}, intent:hwFlg=0x10
12-29 21:00:29.654  1676  2213 I PowerManagerService:  schedul eye detect nextTimeout: 356679777 now: 356567545 mRemainTime: 16000
12-29 21:00:29.654  1676  2898 I ActivityManager: sendIntentSender target:PendingIntentRecord{e844973 com.huawei.nb.service broadcastIntent}, intent:hwFlg=0x10
12-29 21:00:29.655  2842  2842 I BoosterTelephonyCollector: unsol oem Data, moduleId=100, moduleLen=6, msgId=2, msgLen=2
12-29 21:00:29.660  1676  2898 I PowerManagerService:  schedul eye detect nextTimeout: 356679777 now: 356567551 mRemainTime: 16000
12-29 21:00:29.660  1676  2898 I PowerManagerService:  schedul eye detect nextTimeout: 356679777 now: 356567552 mRemainTime: 16000
12-29 21:00:29.662  2842  2842 I BoosterTelephonyCollector: unsol oem Data, moduleId=100, moduleLen=6, msgId=2, msgLen=2
12-29 21:00:29.662  1676  2898 I PowerManagerService:  schedul eye detect nextTimeout: 356679777 now: 356567553 mRemainTime: 16000
12-29 21:00:29.665  1676  2898 W ProcBatteryStats: timer is not running , not stop, name: com.huawei.ims, uid: 1001, tag: RILJ_IMS
12-29 21:00:29.665  1676  2898 I PowerManagerService:  schedul eye detect nextTimeout: 356679777 now: 356567557 mRemainTime: 16000
12-29 21:00:29.666  1676  2898 W ProcBatteryStats: timer is not running , not stop, name: com.android.phone, uid: 1001, tag: *telephony-radio*
12-29 21:00:29.669  1676  2898 I PowerManagerService:  schedul eye detect nextTimeout: 356679777 now: 356567560 mRemainTime: 16000
12-29 21:00:29.675  2856  2856 W SettingsEx: SettingsEx.Systemex.getString deprecated use Settings.System.getString instead, callers = com.android.internal.telephony.gsm.HwCustGsmServiceStateManagerImpl.isMccForShowNetname:222 com.android.internal.telephony.gsm.HwCustGsmServiceStateManagerImpl.isShowNetnameByMcc:213 com.android.internal.telephony.gsm.HwCustGsmServiceStateManagerImpl.setOnsDisplayCustomization:164 
12-29 21:00:29.679  1676  2213 I PowerManagerService:  schedul eye detect nextTimeout: 356679777 now: 356567571 mRemainTime: 16000
12-29 21:00:29.694  2856  2856 W SettingsEx: SettingsEx.Systemex.getString deprecated use Settings.System.getString instead, callers = com.android.internal.telephony.gsm.HwCustGsmServiceStateManagerImpl.isMccForShowNetname:222 com.android.internal.telephony.gsm.HwCustGsmServiceStateManagerImpl.isShowNetnameByMcc:213 com.android.internal.telephony.gsm.HwCustGsmServiceStateManagerImpl.setOnsDisplayCustomization:164 
12-29 21:00:29.716  1676  2898 I ActivityManager: sendIntentSender target:PendingIntentRecord{e844973 com.huawei.nb.service broadcastIntent}, intent:hwFlg=0x10
12-29 21:00:29.766  2842  3181 E Booster_BoosterdDelegate: [notifyScreenStateChange]notifyScreenStateChange, mService is null
12-29 21:00:29.771  2842  3181 E Booster_DcDeviceManager: [getLocalDeviceInfo]local device deviceName:风的季节的Mate 40 Pro deviceType:14 nodeId:8074******bda5 deviceId:8EE8******C32D
12-29 21:00:29.772  2842  3181 E Booster_DcDeviceManager: [getLocalDeviceInfo]local device deviceName:风的季节的Mate 40 Pro deviceType:14 nodeId:8074******bda5 deviceId:8EE8******C32D
12-29 21:00:29.772  2842  3181 E BoosterGameP: inValidCQI:-1
12-29 21:00:29.773  2842  3181 I DeepNoDisturbSM: setScreenState isScreenOn=true
12-29 21:00:29.773  2842  3181 I NetworkQoeChr: updateAppUseOnScreen screen state: 1
12-29 21:00:29.773  2842  3181 I NetworkQoeChr: updateTopAppInfo: com.huawei.android.launcher, appState1, uid10084
12-29 21:00:29.773  2842  3181 I BoosterTelephonyCollector: handleDsdsStateChanged:dsds state= 0
12-29 21:00:29.773  2842  3181 E HwCommBoosterManager: handleUnsolOemHook pluginID invalid
12-29 21:00:29.773  2842  3181 E HwCommBoosterManager: handleUnsolOemHook pluginID invalid
12-29 21:00:29.775  2842  3181 I DeepNoDisturbSM: IdleState processMessage msg.what=EVENT_SCREEN_ON
12-29 21:00:29.776  2842  3181 I DeepNoDisturbSM: isWifiConnected = true
12-29 21:00:29.777  2842  3181 I DeepNoDisturbSM: isNeedEnterDeepNoDisturbMode false
12-29 21:00:29.778  2842  3181 E Booster_BroadcastProxy: [isDebugModemEnabled]get package info fail.
12-29 21:00:29.778  2842  3181 I TrafficStatisticsBoosterPlugin: handleMessage, msg = 3
12-29 21:00:29.781  1676  2216 I PowerManagerService:  schedul eye detect nextTimeout: 356679777 now: 356567671 mRemainTime: 16000
12-29 21:00:29.789  1676  3471 I AlarmManager: remove Alarm{5fcaae type 3 origWhen 783708200 whenElapsed 783708200 PendingIntent{705c802: PendingIntentRecord{3f2f513 com.huawei.hwid broadcastIntent}} com.huawei.hwid procName com.huawei.hwid.core} according to PendingIntent: d0e5729 by reason: 1
12-29 21:00:29.789  2842  3181 E Booster_DcDeviceManager: [getLocalDeviceInfo]local device deviceName:风的季节的Mate 40 Pro deviceType:14 nodeId:8074******bda5 deviceId:8EE8******C32D
12-29 21:00:29.789  2842  3181 E Booster_DcDeviceCapabilityManager: [updateDeviceCapability]updateDeviceCapability
12-29 21:00:29.789  2842  3181 E BoosterNty: onOemHookRawEvent decodes failed.
12-29 21:00:29.789  2842  3181 E BoosterNty: onOemHookRawEvent decodes failed.
12-29 21:00:29.790  2842  3181 E Booster_DcDeviceManager: [getLocalDeviceInfo]local device deviceName:风的季节的Mate 40 Pro deviceType:14 nodeId:8074******bda5 deviceId:8EE8******C32D
12-29 21:00:29.790  2842  3181 E Booster_DcDeviceCapabilityManager: [updateDeviceCapability]updateDeviceCapability
12-29 21:00:29.805  2842  3181 I TrafficStatisticsBoosterPlugin: handleMessage, msg = 2
12-29 21:00:29.806  2842  3181 E Booster_BoosterdDelegate: [notifyLocalDeviceCapability]notifyLocalDeviceCapability, mService is null
12-29 21:00:29.806  2842  3181 E Booster_BoosterdDelegate: [notifyLocalDeviceCapability]notifyLocalDeviceCapability, mService is null
12-29 21:00:29.821  1676  1992 I LowMemDetector: LowMemThread mPressureState:0 notifyTrimMemory: 0
12-29 21:00:29.875  1676  3471 V BroadcastQueue: Finished with ordered broadcast BroadcastRecord{b3e1946 u-1 android.intent.action.SCREEN_ON}
12-29 21:00:29.879  1676  3471 W ProcBatteryStats: timer is not running , not stop, name: com.android.phone, uid: 1001, tag: RILJ_ACK_WL
12-29 21:00:29.880  1676  3471 I PowerManagerService:  schedul eye detect nextTimeout: 356679777 now: 356567771 mRemainTime: 16000
12-29 21:00:29.928  1676  3471 I ActivityManager: restoreGcTask callingPid = 1037 callingUid = 10084
12-29 21:00:29.929  1676  1961 I HwSystemMemoryUtils: restore gc task msgId: 31
12-29 21:00:29.953   528  8335 D vold    : Added key 540029191 (ext4:4484f1b997f1a0c7) to keyring 155197752 in process 528
12-29 21:00:29.953   528  8335 D vold    : Added key 574362575 (f2fs:4484f1b997f1a0c7) to keyring 155197752 in process 528
12-29 21:00:29.953   528  8335 D vold    : Added key 536163763 (fscrypt:4484f1b997f1a0c7) to keyring 155197752 in process 528
12-29 21:00:29.953   528  8335 D vold    : Not install, Created keys for user0
12-29 21:00:29.953   528  8335 D vold    : unlock user screen success,begin to reset flag
12-29 21:00:29.953   528  8335 E vold    : MigrateUserKeyNATO enter: userId 0
12-29 21:00:29.956  1676  2581 I AlarmManager: remove Alarm{91e804f type 2 origWhen 782817669 whenElapsed 782817669 listener eb96265 android android procName system} according to listener: eb96265 by reason: 1
12-29 21:00:29.962  1676  2581 D RemoteAnimationController: app-onAnimationFinished(): mOuter=com.android.server.wm.RemoteAnimationController@92ee3dc
12-29 21:00:29.962  1676  2581 D RemoteAnimationController: app-onAnimationFinished(): mOuter=com.android.server.wm.RemoteAnimationController@92ee3dc
12-29 21:00:29.962  1676  2581 I RemoteAnimationController: onAnimationFinished(): Notify animation finished:
12-29 21:00:29.962  1676  2581 I WindowManager: send SET_LAUNCHER_VISIBLE_IN_FINGER_BOOST visible: true,delay:0, handle:true, userId:0, callingPid: 1676
12-29 21:00:29.962  1676  1890 I WindowManager: handle SET_LAUNCHER_VISIBLE_IN_FINGER_BOOST visible:true handle:trueuserId:0, currentUserId:0
12-29 21:00:29.963  1676  2581 I WindowManager: onAnimationFinished task=1001
12-29 21:00:29.963  1676  2581 I ActivityTaskManager: onAnimationFinished, mTransit: 0startSplitScreenFlag:false
12-29 21:00:29.964  1676  1890 D WindowManager: setLauncherVisibleInFingerBoost record=ActivityRecord{cffb08d u0 com.huawei.android.launcher/.unihome.UniHomeLauncher t1002}
12-29 21:00:29.964  1676  1890 I WindowManager: setLauncherVisible setAlpha to 1.0
12-29 21:00:29.964  1676  1890 D WindowManager: setLauncherVisible wallpaperScale=false
12-29 21:00:29.965  1676  1890 D WindowManager: WS setWallpaperScale return, wallpaper no need to recover
12-29 21:00:29.966  1676  1891 D HwActivityTaskManagerServiceEx: isActivityVisiableInFingerBoost:ActivityRecord{cffb08d u0 com.huawei.android.launcher/.unihome.UniHomeLauncher t1002}
12-29 21:00:29.966  1676  1891 D HwActivityTaskManagerServiceEx: isActivityVisiableInFingerBoost:ActivityRecord{cffb08d u0 com.huawei.android.launcher/.unihome.UniHomeLauncher t1002}
12-29 21:00:29.971  1676  1891 D HwActivityTaskManagerServiceEx: isActivityVisiableInFingerBoost:ActivityRecord{cffb08d u0 com.huawei.android.launcher/.unihome.UniHomeLauncher t1002}
12-29 21:00:29.971  1676  1891 D HwActivityTaskManagerServiceEx: isActivityVisiableInFingerBoost:ActivityRecord{cffb08d u0 com.huawei.android.launcher/.unihome.UniHomeLauncher t1002}
12-29 21:00:29.973  1676  1890 W WindowManager: onAppTransitionFinishedLocked
12-29 21:00:30.126  2842  3181 D PositionFenceSignalCollect: start position fence recognize by cell and serve ap! serveData: Pair{[Ljava.lang.String;@85afb56 -34}
12-29 21:00:30.162  1676  2292 I PowerManagerService:  schedul eye detect nextTimeout: 356681050 now: 356568054 mRemainTime: 16000
12-29 21:00:30.269  1676  2292 I PowerManagerService:  schedul eye detect nextTimeout: 356681159 now: 356568160 mRemainTime: 16000
12-29 21:00:30.271  1676  3471 I PowerManagerService:  schedul eye detect nextTimeout: 356681159 now: 356568162 mRemainTime: 16000
12-29 21:00:30.272  1676  2581 D HwActivityTaskManagerServiceEx: getVisibleTasks() beginning running, callingPid = 2764 , callingUid = 1000
12-29 21:00:30.272  1676  2581 D HwActivityTaskManagerServiceEx: getVisibleTasks add visible task to list, topActivity : ActivityRecord{cffb08d u0 com.huawei.android.launcher/.unihome.UniHomeLauncher t1002}
12-29 21:00:30.272  1676  3471 I PowerManagerService:  schedul eye detect nextTimeout: 356681159 now: 356568164 mRemainTime: 16000
12-29 21:00:30.276  1676  3471 I PowerManagerService:  schedul eye detect nextTimeout: 356681159 now: 356568167 mRemainTime: 16000
12-29 21:00:30.278  1676  3471 W ActivityManager: Unable to start service Intent { act=com.huawei.hms.location.action.common.geofence flg=0x20 pkg=com.sankuai.meituan (has extras) } U=0: not found
12-29 21:00:30.290  1676  3471 I PowerManagerService:  schedul eye detect nextTimeout: 356681159 now: 356568181 mRemainTime: 16000
12-29 21:00:30.779  1676  2581 I HwActivityManagerServiceEx: provider is prevented for not-prevent
12-29 21:00:30.781  1676  2581 I ContentProviderHelper: Successfully start provider ContentProviderRecord{c68a353 u0 com.huawei.android.totemweather/.provider.SharedPreferenceProvider} launchingApp=null caller pid= 1037
12-29 21:00:30.837  1676  2330 I AlarmManager: set(listener: 84f23e3) : type=2 triggerAtTime=782826566 win=11250 tElapsed=782826566 maxElapsed=782837816 interval=0 flags=0x8 at=+15000ms uid=1000 count=26 callingClass=com.android.server.wifi.scanner.WificondScannerImpl.startSingleScan:250 
12-29 21:00:30.876  1676  1992 I LowMemDetector: LowMemThread mPressureState:0 notifyTrimMemory: 0
12-29 21:00:30.893  1676  2330 I AlarmManager: remove Alarm{b2a3b5e type 2 origWhen 782826566 whenElapsed 782826566 listener 84f23e3 android android procName system} according to listener: 84f23e3 by reason: 1
12-29 21:00:30.897  1676  1887 D UsbDeviceManager: netStatus is: truenetName is: wlan0
12-29 21:00:31.236  1676  3471 I PowerManagerService:  schedul eye detect nextTimeout: 356681159 now: 356569127 mRemainTime: 16000
12-29 21:00:31.250  1676  3471 I PowerManagerService:  schedul eye detect nextTimeout: 356681159 now: 356569141 mRemainTime: 16000
12-29 21:00:31.313  2842  3181 E Booster_BoosterdDelegate: [bindService]bindService start
12-29 21:00:31.314  2842  3181 E Booster_BoosterdDelegate: [getBoosterdNativeService]Failed to get boosterd native service
12-29 21:00:31.314  2842  3181 E Booster_BoosterdDelegate: [bindService]mService is null
12-29 21:00:32.343  1676  2330 I AlarmManager: set(listener: d60fc0c) : type=2 triggerAtTime=782828071 win=11250 tElapsed=782828071 maxElapsed=782839321 interval=0 flags=0x8 at=+15000ms uid=1000 count=26 callingClass=com.android.server.wifi.scanner.WificondScannerImpl.startSingleScan:250 
12-29 21:00:32.401  1676  2330 I AlarmManager: remove Alarm{c5f2955 type 2 origWhen 782828071 whenElapsed 782828071 listener d60fc0c android android procName system} according to listener: d60fc0c by reason: 1
12-29 21:00:32.404  1676  1887 D UsbDeviceManager: netStatus is: truenetName is: wlan0
12-29 21:00:32.459  1676  2277 I ActivityManager: sendIntentSender target:PendingIntentRecord{b4c79e3 com.huawei.hwid broadcastIntent}, intent:flg=0x4 hwFlg=0x810
12-29 21:00:32.461  1676  2277 I PowerManagerService:  schedul eye detect nextTimeout: 356681159 now: 356570353 mRemainTime: 16000
12-29 21:00:32.473  1676  3471 V BroadcastQueue: Finished with ordered broadcast BroadcastRecord{78b2c5b u0 com.huawei.hms.kit.awareness.service.AlarmServiceProxy}
12-29 21:00:32.478  1676  1676 I PowerManagerService:  schedul eye detect nextTimeout: 356681159 now: 356570369 mRemainTime: 16000
12-29 21:00:32.479  1676  2213 I AlarmManager: set(PendingIntent{727ccf8: PendingIntentRecord{b4c79e3 com.huawei.hwid broadcastIntent}}) : type=0 triggerAtTime=1767013234320 win=0 tElapsed=782818205 maxElapsed=782818205 interval=0 flags=0x9 at=+5000ms uid=10071 count=8
12-29 21:00:32.480  1676  2213 I HwAlarmManagerService: hwSetRtcAlarm start
12-29 21:00:32.805  2842  3181 I TrafficStatisticsBoosterPlugin: handleMessage, msg = 2
12-29 21:00:33.316  2842  3181 E Booster_BoosterdDelegate: [bindService]bindService start
12-29 21:00:33.317  2842  3181 E Booster_BoosterdDelegate: [getBoosterdNativeService]Failed to get boosterd native service
12-29 21:00:33.317  2842  3181 E Booster_BoosterdDelegate: [bindService]mService is null
12-29 21:00:33.494  1676  3471 I ActivityTaskManager: notifyActivityLaunching intent=Intent { flg=0x10000000 cmp=com.example.ai_bookkeeping/.MainActivity } existingInfo=null
12-29 21:00:33.497  1676  3471 I SWAP_Scene: Entering notifySceneData notifySceneData. EventType:SWITCH_TO_FOREGROUND pkg:com.example.ai_bookkeeping uid:10177 pid:0 proc: activity:com.example.ai_bookkeeping.MainActivity
12-29 21:00:33.498  1676  3471 I ActivityTaskManager: START u0 {flg=0x10000000 hwFlg=0x10 cmp=com.example.ai_bookkeeping/.MainActivity} from uid 2000
12-29 21:00:33.499  1676  3471 I HwActivityTaskManagerServiceEx: developer mode, not limit.
12-29 21:00:33.501  1676  3471 D ActivityTaskManager: default mask = 6160 default binary mask = 1100000010000
12-29 21:00:33.501  1676  3471 D ActivityTaskManager: real mask = 0 real binary mask = 0shouldIntercept start, isNeedIntercept = false callingUid = 2000 callingPackage = com.android.shell
12-29 21:00:33.502  1676  3471 D ActivityTaskManager: Background activity start allowed: START_ACTIVITIES_FROM_BACKGROUND permission granted for callingUid = 2000 callingPid = 8179 callingPackage = com.android.shell
12-29 21:00:33.502  1676  3471 D HwActivityStarterEx: reportResult packageName = com.android.shell uid = 2000 activityOriginalStartResult = 127 hwInterceptionMask = 0 validLen = 8
12-29 21:00:33.503  1676  3471 D HwMWPM  : activityInfo: ActivityInfo{3929e09 com.example.ai_bookkeeping.MainActivity}, intent: Intent { flg=0x10000000 cmp=com.example.ai_bookkeeping/.MainActivity }, options: null, callingPackage: com.android.shell, isStartToSplit: false
12-29 21:00:33.504  1676  3471 D HwMultiWindowManager: no needed update to source window mode
12-29 21:00:33.505  1676  3471 D HwASInterceptor: both page open. caller:com.android.shell, target:com.example.ai_bookkeeping
12-29 21:00:33.505  1676  3471 I HwASInterceptor: Adb enabled, allow to start activity
12-29 21:00:33.505  1676  3471 I PermissionPolicyService: ActivityInterceptorCallback ActivityInterceptResult intercept
12-29 21:00:33.505  1676  3471 D HwGameAssistantController: isGameForeground? false
12-29 21:00:33.505  1676  3471 I ActivityTaskManager: ActivityRecord info: ActivityInfo{3929e09 com.example.ai_bookkeeping.MainActivity}
12-29 21:00:33.506  1676  3471 D ActivityTaskManager: TaskLaunchParamsModifier:task=null activity=ActivityRecord{1c2522f u0 com.example.ai_bookkeeping/.MainActivity display-id=0 display-windowing-mode=1 suggested-display-area=DefaultTaskDisplayArea@150316015
12-29 21:00:33.507  1676  3471 D ActivityTaskManager: TaskLaunchParamsModifier:task=null activity=ActivityRecord{1c2522f u0 com.example.ai_bookkeeping/.MainActivity t-1} display-id=0 display-windowing-mode=1 suggested-display-area=DefaultTaskDisplayArea@150316015 non-freeform-mode=0 display-area=DefaultTaskDisplayArea@150316015
12-29 21:00:33.507  1676  3471 W HwMultiWindowManager: launch multi window activity: invalid params. r=ActivityRecord{1c2522f u0 com.example.ai_bookkeeping/.MainActivity t-1} options=null source=null
12-29 21:00:33.507  1676  3471 D WindowManager: pinned windowing mode is false  pad mirror cast is  false isInSubDisplay = false
12-29 21:00:33.508  1676  3471 W ActivityTaskManager: Can't find TaskDisplayArea to determine support for multi window. Task id=1136 attached=false
12-29 21:00:33.508  1676  3471 D WindowManager: update surface windowing mode failed since surface control is null
12-29 21:00:33.511  1676  3471 D ActivityTaskManager: TaskLaunchParamsModifier:task=Task{1be11c5 #1136 type=standard I=com.example.ai_bookkeeping/.MainActivity U=0 visible=false mode=fullscreen translucent=true sz=0} activity=ActivityRecord{1c2522f u0 com.example.ai_bookkeeping/.MainActivity t-1} display-from-task=0 display-id=0 display-windowing-mode=1 suggested-display-area=DefaultTaskDisplayArea@150316015 non-freeform-mode=0 display-area=DefaultTaskDisplayArea@150316015
12-29 21:00:33.511  1676  3471 I WindowManager: addWindowToken: displayid:0 binder:Token{58a380e ActivityRecord{1c2522f u0 com.example.ai_bookkeeping/.MainActivity t-1}} token:ActivityRecord{1c2522f u0 com.example.ai_bookkeeping/.MainActivity t-1}
12-29 21:00:33.514  1037  1037 I TopResumedActivityChangeItem: execute start, ActivityClientRecord = ActivityRecord{d37b0c9 token=android.os.BinderProxy@aec423b {com.huawei.android.launcher/com.huawei.android.launcher.unihome.UniHomeLauncher}}
12-29 21:00:33.515  1676  3471 I ActivityTaskManager: addStartingWindow mStayStack = false, needPrelaunchStartingWindow = false
12-29 21:00:33.515  1676  3471 V HwActivityTaskManagerServiceEx: no need to start app lock
12-29 21:00:33.515  1676  3471 D HwWindowManagerServiceEx: save info of card to app transition begin
12-29 21:00:33.516  1676  1904 I HwAudioServiceEx: ComponentInfo : className = com.example.ai_bookkeeping.MainActivity, flag = showStartingWindow, isHomeActivity = , isTop = false
12-29 21:00:33.516  1676  1904 I HwAudioServiceEx: not onResume or onPause
12-29 21:00:33.517  1676  3471 I PowerManagerService:  schedul eye detect nextTimeout: 356681159 now: 356571407 mRemainTime: 16000
12-29 21:00:33.519  1676  3471 D HwActivityTaskManagerServiceEx: isActivityVisiableInFingerBoost:ActivityRecord{cffb08d u0 com.huawei.android.launcher/.unihome.UniHomeLauncher t1002}
12-29 21:00:33.519  1676  3471 D HwActivityTaskManagerServiceEx: isActivityVisiableInFingerBoost:ActivityRecord{cffb08d u0 com.huawei.android.launcher/.unihome.UniHomeLauncher t1002}
12-29 21:00:33.521  1676  3471 I PermissionPolicyService: onActivityLaunched start
12-29 21:00:33.521  1676  3471 I PermissionPolicyService: shouldShowNotificationDialogForPushAndImApp: not push or im app.
12-29 21:00:33.521  1676  3471 W PermissionPolicyService: do not show notification dialog when onActivityLaunched
12-29 21:00:33.523  1676  1890 I ActivityManager: startProcess: name=com.example.ai_bookkeeping app=null knownToBeDead=false thread=null pid=-1 preloadStatus=-1
12-29 21:00:33.523  1676  1890 I BigFontUtils: adjustAppProcessConfiguration appInfo:com.example.ai_bookkeeping
12-29 21:00:33.524  1676  1890 D CompatibilityChangeReporter: Compat change id reported: 135634846; UID 10177; state: DISABLED
12-29 21:00:33.524  1676  2581 W ActivityTaskManager: stopFreezingScreen return caused by mFreezingScreen false.
12-29 21:00:33.524  1676  2581 V HwActivityTaskManagerServiceEx: no need to start app lock
12-29 21:00:33.526  1676  2581 I HwDisplayRotationEx: swingRotationForSensor desireRotation 0 swingRotation -2 sensorRotation -1 lastRotation 0
12-29 21:00:33.526  1676  2581 I WindowManager: screenOnEarly=true,awaketrue,currentAppOrientation=-1, keyguardDrawComplete=true, windowManagerDrawComplete=true
12-29 21:00:33.526  1676  2581 I HwDisplayRotationEx: swingRotationForSensor desireRotation 0 swingRotation -2 sensorRotation -1 lastRotation 0
12-29 21:00:33.526  1676  2581 I WindowManager: Deferring rotation, rotation not changed, rotation=0
12-29 21:00:33.527  1676  2581 D HwActivityTaskManagerServiceEx: isActivityVisiableInFingerBoost:ActivityRecord{cffb08d u0 com.huawei.android.launcher/.unihome.UniHomeLauncher t1002}
12-29 21:00:33.527  1676  2581 D HwActivityTaskManagerServiceEx: isActivityVisiableInFingerBoost:ActivityRecord{cffb08d u0 com.huawei.android.launcher/.unihome.UniHomeLauncher t1002}
12-29 21:00:33.529  1676  1890 D CompatibilityChangeReporter: Compat change id reported: 177438394; UID 10177; state: DISABLED
12-29 21:00:33.529  1676  1890 D CompatibilityChangeReporter: Compat change id reported: 135772972; UID 10177; state: DISABLED
12-29 21:00:33.529  1676  1890 D CompatibilityChangeReporter: Compat change id reported: 135754954; UID 10177; state: ENABLED
12-29 21:00:33.529  1676  1890 I ActivityManager: Posting procStart msg for 0:com.example.ai_bookkeeping/u0a177
12-29 21:00:33.529  1676  1890 I ActivityManager: startProcess: name=com.example.ai_bookkeeping app=ProcessRecord{d93ae6 0:com.example.ai_bookkeeping/u0a177} knownToBeDead=false thread=null pid=0 preloadStatus=0
12-29 21:00:33.529  1676  1890 I ActivityManager: startProcessLocked, app is pending start
12-29 21:00:33.529  1676  1890 I ActivityManager: startProcess: name=com.example.ai_bookkeeping app=ProcessRecord{d93ae6 0:com.example.ai_bookkeeping/u0a177} knownToBeDead=false thread=null pid=0 preloadStatus=0
12-29 21:00:33.529  1676  1890 I ActivityManager: startProcessLocked, app is pending start
12-29 21:00:33.529  1676  1890 V ActivityTaskManager: Activity idle: null
12-29 21:00:33.529  1676  1890 I ActivityTaskManager: Stopping ActivityRecord{cffb08d u0 com.huawei.android.launcher/.unihome.UniHomeLauncher t1002}: nowVisible=true animating=true finishing=false
12-29 21:00:33.531  1676  1983 I ActivityManager: startProcess: asking zygote to start proc ProcessRecord{d93ae6 0:com.example.ai_bookkeeping/u0a177}
12-29 21:00:33.531  1676  1983 D CompatibilityChangeReporter: Compat change id reported: 143937733; UID 10177; state: ENABLED
12-29 21:00:33.531  1676  1983 W ActivityManager: Unknown package:com.google.android.gms
12-29 21:00:33.532  1676  1983 W ActivityManager: Unknown package:com.huawei.hwid.tv
12-29 21:00:33.532  1676  1983 W ActivityManager: Unknown package:com.huawei.hms
12-29 21:00:33.534  1676  1891 I HwPhoneWindowManager: StatusToSurfaceFlinger Window{7cd2758 u0 Splash Screen com.example.ai_bookkeeping} sideMode = 1 notchMode = 0 dataIn val = 4
12-29 21:00:33.536  1676  1891 I WindowManager: addWindow: Window{7cd2758 u0 Splash Screen com.example.ai_bookkeeping} currentDisplayId:0 requestDisplayId:0 token:Token{58a380e ActivityRecord{1c2522f u0 com.example.ai_bookkeeping/.MainActivity t1136}} appearance:0 fl_fullscreen=false vsysui_fullscreen=false
12-29 21:00:33.536  1676  1891 I HwDisplayRotationEx: swingRotationForSensor desireRotation 0 swingRotation -2 sensorRotation -1 lastRotation 0
12-29 21:00:33.538  1676  1891 I WindowManager: Focus not requested for window=Window{8c63db5 u0 com.huawei.android.launcher/com.huawei.android.launcher.unihome.UniHomeLauncher}
12-29 21:00:33.539  1676  1904 I HwAudioServiceEx: ComponentInfo : className = com.huawei.android.launcher.unihome.UniHomeLauncher, flag = onPause, isHomeActivity = , isTop = false
12-29 21:00:33.540  1676  2354 W HwAudioServiceEx: SoundEffectState bundle get reserved is invalid
12-29 21:00:33.540  1676  2354 I HwAudioServiceEx: sendAppKilledIntentForKit, isKitPackageOnPause = false, isKitPackageKill = false, isKitPackageOnResume = false
12-29 21:00:33.543  1676  1891 D HwActivityTaskManagerServiceEx: isActivityVisiableInFingerBoost:ActivityRecord{cffb08d u0 com.huawei.android.launcher/.unihome.UniHomeLauncher t1002}
12-29 21:00:33.543  1676  1891 D HwActivityTaskManagerServiceEx: isActivityVisiableInFingerBoost:ActivityRecord{cffb08d u0 com.huawei.android.launcher/.unihome.UniHomeLauncher t1002}
12-29 21:00:33.544  1676  1891 I WindowManager: Changing focus from Window{8c63db5 u0 com.huawei.android.launcher/com.huawei.android.launcher.unihome.UniHomeLauncher} to null displayId=0
12-29 21:00:33.544  1676  1891 I NavigationCallOut: focusChanged, focus=null, mIsFocusWinInBlackList=false
12-29 21:00:33.544  1676  1891 I HwDisplayContentEx: currentFocus windowstate null
12-29 21:00:33.544  1676  1891 I HwDisplayRotationEx: swingRotationForSensor desireRotation 0 swingRotation -2 sensorRotation -1 lastRotation 0
12-29 21:00:33.545  1676  1983 I ActivityManager: Start proc 8186:com.example.ai_bookkeeping/u0a177 for pre-top-activity {com.example.ai_bookkeeping/com.example.ai_bookkeeping.MainActivity}
12-29 21:00:33.545  1676  1983 I SWAP_Scene: Entering notifySceneData notifySceneData. EventType:PROCESS_CREATE pkg:com.example.ai_bookkeeping uid:10177 pid:8186 proc: activity:null
12-29 21:00:33.545  1676  1983 I HwActivityManagerServiceEx: notifyProcessStatusChange::pkg:com.example.ai_bookkeeping pid:8186 uid:10177
12-29 21:00:33.553  1676  2281 E HwActivityManagerServiceEx: Null app thread, notifyAppQuitToHome failed: 8186
12-29 21:00:33.553  1676  2281 E ProcessInfoCollector: getProcessInfo: proc should not less than zero.
12-29 21:00:33.553  1676  2281 D HwActivityManagerServiceEx: notifyAppToTop pid:8186, enable:1
12-29 21:00:33.553  1676  2281 E HwActivityManagerServiceEx: Null app thread, notifyAppToTop failed: 8186
12-29 21:00:33.554  1676  1891 I WindowManager: performShow transition not clear
12-29 21:00:33.554  1676  1891 D HwActivityTaskManagerServiceEx: isActivityVisiableInFingerBoost:ActivityRecord{cffb08d u0 com.huawei.android.launcher/.unihome.UniHomeLauncher t1002}
12-29 21:00:33.554  1676  1891 D HwActivityTaskManagerServiceEx: isActivityVisiableInFingerBoost:ActivityRecord{cffb08d u0 com.huawei.android.launcher/.unihome.UniHomeLauncher t1002}
12-29 21:00:33.554  1676  1891 I TaskOrganizerController: onTaskAppeared task: 1136
12-29 21:00:33.555  1676  1891 I WindowManager: Checking 1 opening apps (frozen=false timeout=false)...
12-29 21:00:33.555  1676  1891 I WindowManager: Check opening app=ActivityRecord{1c2522f u0 com.example.ai_bookkeeping/.MainActivity t1136}: allDrawn=false startingDisplayed=true startingMoved=false isRelaunching()=false mStartingWindow=Window{7cd2758 u0 Splash Screen com.example.ai_bookkeeping} isOneStepWindowChanging=falseisOpenCombinationSplitScreen=false shouldWaitCombine=false
12-29 21:00:33.555  1676  1891 I WindowManager: Checking 0 opening apps (frozen=false timeout=false)...
12-29 21:00:33.555  1676  1891 I WindowManager: send SET_LAUNCHER_VISIBLE_IN_FINGER_BOOST visible: true,delay:0, handle:true, userId:0, callingPid: 1676
12-29 21:00:33.555  1676  1891 D WindowManager: setActivityVisibleInFingerBoostInner fit:true record:ActivityRecord{cffb08d u0 com.huawei.android.launcher/.unihome.UniHomeLauncher t1002} isInWallpaperEffect:false, callingPid: 1676
12-29 21:00:33.555  1676  1890 I WindowManager: handle SET_LAUNCHER_VISIBLE_IN_FINGER_BOOST visible:true handle:trueuserId:0, currentUserId:0
12-29 21:00:33.555  1676  1891 D WindowManager: getTopAnimActivity enter true, ActivityRecord{1c2522f u0 com.example.ai_bookkeeping/.MainActivity t1136}
12-29 21:00:33.558  1676  1891 W CardClipReveal: invalid intelligent card rect
12-29 21:00:33.559  1676  1891 W HiCarAppTransitAnimBuilder: window is null
12-29 21:00:33.560  1676  1891 I WmAnimLoader: no builder fit isEnter:true transit:12 frame:Rect(0, 0 - 1152, 2376)
12-29 21:00:33.560  1676  1891 D HwWindowManagerServiceEx: getCrossAppTransitAnimRoundCornerRadius radius 114.0
12-29 21:00:33.561  1676  1891 E HwWindowManagerServiceEx: The super lite device do not need to create layer or params check failed
12-29 21:00:33.562  1676  1891 D WindowManager: getTopAnimActivity enter false, ActivityRecord{cffb08d u0 com.huawei.android.launcher/.unihome.UniHomeLauncher t1002}
12-29 21:00:33.563  1676  1891 W CardClipReveal: invalid intelligent card rect
12-29 21:00:33.563  1676  1891 I HwWindowManagerServiceEx: closing apps count = 1
12-29 21:00:33.563  1676  1891 D HwWindowManagerServiceEx: is app exit to launcher info: transit = 12, app = ActivityRecord{cffb08d u0 com.huawei.android.launcher/.unihome.UniHomeLauncher t1002}, window = Window{8c63db5 u0 com.huawei.android.launcher/com.huawei.android.launcher.unihome.UniHomeLauncher}, mClosingApps = {ActivityRecord{cffb08d u0 com.huawei.android.launcher/.unihome.UniHomeLauncher t1002}}, topOpeningApp = ActivityRecord{1c2522f u0 com.example.ai_bookkeeping/.MainActivity t1136}
12-29 21:00:33.563  1676  1891 E WindowManager: icon is null!!
12-29 21:00:33.563  1676  1891 I WmAnimLoader: no builder fit isEnter:false transit:12 frame:Rect(0, 0 - 1152, 2376)
12-29 21:00:33.563  1676  1891 E HwWindowManagerServiceEx: The super lite device do not need to create layer or params check failed
12-29 21:00:33.565  1676  1891 W ActivityTaskManager: stopFreezingScreen return caused by mFreezingScreen false.
12-29 21:00:33.565  1676  1891 V WindowManager: commitVisibility: ActivityRecord{cffb08d u0 com.huawei.android.launcher/.unihome.UniHomeLauncher t1002}: visible=false mVisibleRequested=false
12-29 21:00:33.565  1676  1891 V WindowManager: commitVisibility: ActivityRecord{1c2522f u0 com.example.ai_bookkeeping/.MainActivity t1136}: visible=true mVisibleRequested=true
12-29 21:00:33.571  1676  1891 I WindowManager: wm_insets notifyInsetsControlChanged for:Window{8c63db5 u0 com.huawei.android.launcher/com.huawei.android.launcher.unihome.UniHomeLauncher}
12-29 21:00:33.571  1676  1891 I WindowManager: wm_insets notifyInsetsControlChanged for:Window{7cd2758 u0 Splash Screen com.example.ai_bookkeeping}
12-29 21:00:33.572  1676  1890 D WindowManager: setLauncherVisibleInFingerBoost record=ActivityRecord{cffb08d u0 com.huawei.android.launcher/.unihome.UniHomeLauncher t1002}
12-29 21:00:33.572  1676  1890 I WindowManager: setLauncherVisible setAlpha to 1.0
12-29 21:00:33.572  1676  1890 D WindowManager: setLauncherVisible wallpaperScale=false
12-29 21:00:33.572  1676  1890 D WindowManager: WS setWallpaperScale return, wallpaper no need to recover
12-29 21:00:33.573  1676  2213 I ActivityTaskManager: isDualCodeScene mLastPausedActivity.dualflag = false
12-29 21:00:33.582  8186  8186 I AndroidRuntime: RuntimeInit: Starting application from zygote
12-29 21:00:33.582  8186  8186 D AndroidRuntime: Entered RuntimeInit!
12-29 21:00:33.586  8186  8186 I AndroidRuntime: MethodAndArgsCaller run()
12-29 21:00:33.592  8186  8186 D ActivityThread: Attach thread to application
12-29 21:00:33.596  1676  2581 I HwRestoreStateManager: reportAppRestoreScene, app: com.example.ai_bookkeeping/.MainActivity ,scene:ColdStart
12-29 21:00:33.597  1676  2581 I HwDisplayRotationEx: swingRotationForSensor desireRotation 0 swingRotation -2 sensorRotation -1 lastRotation 0
12-29 21:00:33.597  1676  2581 I WindowManager: Deferring rotation, rotation not changed, rotation=0
12-29 21:00:33.598  1676  2581 I ActivityTaskManager: updateTopApp to ProcessRecord{d93ae6 8186:com.example.ai_bookkeeping/u0a177}
12-29 21:00:33.598  1676  2581 D HwActivityTaskManagerServiceEx: to.packageName is not in mRestoreFaList.
12-29 21:00:33.598  1676  2581 W HwActivityTaskManagerServiceEx: appSwitch from: com.huawei.android.launcher to: com.example.ai_bookkeeping
12-29 21:00:33.599  1676  1904 I SWAP_Scene: Entering notifySceneData notifySceneData. EventType:APP_SWITCH_TO pkg:com.example.ai_bookkeeping uid:10177 pid:8186 proc: activity:null
12-29 21:00:33.599  1676  1904 I SWAP_Scene: Entering notifySceneData notifySceneData. EventType:APP_SWITCH_FROM pkg:com.huawei.android.launcher uid:10084 pid:0 proc: activity:null
12-29 21:00:33.600  8186  8206 I LoadedApk: createSharedLibrariesLoaders::sharedLibraries is null
12-29 21:00:33.600  1676  1901 I UsageStatsService: Time changed in by -3 seconds
12-29 21:00:33.607  1676  2213 I DE J DES: [effect] Pg pkg:com.example.ai_bookkeeping
12-29 21:00:33.610  1676  3471 D HwNetworkManagementService: code == CODE_SET_CHR_REPORT_APP_LIST
12-29 21:00:33.610  1676  3471 I HwNetworkManagementService: chr appuid set succeeded
12-29 21:00:33.611  1676  1905 D HwGameAssistantController: UPDATE: mCurFgPkg=com.example.ai_bookkeeping, mCurFgPid=8186, mIsCurGame=false
12-29 21:00:33.611  1676  3471 I HwNetworkPolicy: onTransact, code = 203
12-29 21:00:33.611  2764  3952 I HwNetworkPolicyManager: getHwUidPolicy uid = 10177 policy = 0
12-29 21:00:33.612  1676  1904 I HwSwingFaceRotationHub: TopAppCallBack, pkg=com.example.ai_bookkeeping, isGameOrNavi:false, isLastGameOrNavi:false
12-29 21:00:33.613  1676  1905 I HwGameAssistantController: notifyBuoyAppSwitch other switch: com.example.ai_bookkeeping
12-29 21:00:33.615  1676  3471 D HwActivityTaskManagerServiceEx: loadRunningPackages packageInfo : pkg:com.huawei.appmarket visible:false, pkg:com.huawei.systemmanager visible:false, pkg:com.tencent.mm visible:false, pkg:com.tencent.androidqqmail visible:false, pkg:com.android.mms visible:false, pkg:com.huawei.gamebox visible:false, pkg:com.huawei.calendar visible:false, pkg:com.huawei.android.launcher visible:false, pkg:com.huawei.contacts visible:false, pkg:com.huawei.filemanager visible:false, pkg:com.android.settings visible:false, pkg:com.ss.android.ugc.aweme.lite visible:false, pkg:com.example.ai_bookkeeping visible:true, pkg:com.tencent.news visible:false,
12-29 21:00:33.617  1676  2213 I HwNetworkPolicy: onTransact, code = 203
12-29 21:00:33.617  5089  8213 I HwNetworkPolicyManager: getHwUidPolicy uid = 10177 policy = 0
12-29 21:00:33.619  1676  3471 I HwAudioService: now type = 28,reportForegroundAppType = -1systemload = 28VOIP_OPTIMIZE_IN_GAMEMODEfalse
12-29 21:00:33.623  1676  4568 I SWAP_AK : FG com.example.ai_bookkeeping -1 C M []
12-29 21:00:33.623  1676  4568 I SWAP_AK : appLruQueue:  [com.tencent.tmgp.sgame, com.autonavi.minimap, com.baidu.homework, com.huawei.HwMultiScreenShot, com.huawei.wear.guard, com.jingdong.app.mall, com.tencent.androidqqmail, com.moji.mjweather, com.huawei.deskclock, com.huawei.photos, com.huawei.calendar, com.huawei.camera, com.huawei.contacts, com.larus.nova, com.xiaomi.smarthome, com.huawei.magazine, com.vanke.activity, com.tencent.news, com.android.incallui, com.ss.android.ugc.aweme.lite, com.android.mms, com.tencent.mm, com.huawei.hisuite, com.huawei.gamebox, com.android.packageinstaller, com.huawei.coauthservice, com.huawei.appmarket, com.huawei.filemanager, com.android.settings, com.example.ai_bookkeeping]
12-29 21:00:33.627  1676  2418 I Prelaunch: AppPrelaunchDBM: update ContentValues = [appForegroundCnt=114]
12-29 21:00:33.627  1676  2213 W ActivityTaskManager: do not allow hiding recent tasks, task id: 1136 , package = com.example.ai_bookkeeping
12-29 21:00:33.627  1676  2213 I ActivityTaskManager: isDualCodeScene mLastPausedActivity.dualflag = false
12-29 21:00:33.628  1676  2418 I Prelaunch: AppPrelaunchDBM: update ContentValues = [next5UB=82]
12-29 21:00:33.628  1676  2213 W ActivityTaskManager: do not allow hiding recent tasks, task id: 1136 , package = com.example.ai_bookkeeping
12-29 21:00:33.629  1676  2418 I Prelaunch: AppPrelaunchDBM: update ContentValues = [next10UB=95]
12-29 21:00:33.629  1676  2213 I ActivityTaskManager: isDualCodeScene mLastPausedActivity.dualflag = false
12-29 21:00:33.667  1676  3471 D HwActivityTaskManagerServiceEx: loadRunningPackages packageInfo : pkg:com.huawei.appmarket visible:false, pkg:com.huawei.systemmanager visible:false, pkg:com.tencent.mm visible:false, pkg:com.tencent.androidqqmail visible:false, pkg:com.android.mms visible:false, pkg:com.huawei.gamebox visible:false, pkg:com.huawei.calendar visible:false, pkg:com.huawei.android.launcher visible:false, pkg:com.huawei.contacts visible:false, pkg:com.huawei.filemanager visible:false, pkg:com.android.settings visible:false, pkg:com.ss.android.ugc.aweme.lite visible:false, pkg:com.example.ai_bookkeeping visible:true, pkg:com.tencent.news visible:false,
12-29 21:00:33.681  8186  8206 I ActivityThread: Init compatible state: true
12-29 21:00:33.701  1676  3471 I ContentProviderHelper: publishContentProviders app: ProcessRecord{d93ae6 8186:com.example.ai_bookkeeping/u0a177}, providers.size: 3
12-29 21:00:33.704  8186  8186 I ActivityThread: finishPreloaded preloadStatus 0
12-29 21:00:33.705  8186  8186 I LaunchActivityItem: execute start, token = android.os.BinderProxy@fe2711e
12-29 21:00:33.709  1676  3471 D HwActivityTaskManagerServiceEx: loadRunningPackages packageInfo : pkg:com.huawei.appmarket visible:false, pkg:com.huawei.systemmanager visible:false, pkg:com.tencent.mm visible:false, pkg:com.tencent.androidqqmail visible:false, pkg:com.android.mms visible:false, pkg:com.huawei.gamebox visible:false, pkg:com.huawei.calendar visible:false, pkg:com.huawei.android.launcher visible:false, pkg:com.huawei.contacts visible:false, pkg:com.huawei.filemanager visible:false, pkg:com.android.settings visible:false, pkg:com.ss.android.ugc.aweme.lite visible:false, pkg:com.example.ai_bookkeeping visible:true, pkg:com.tencent.news visible:false,
12-29 21:00:33.710  1676  2213 D HwActivityTaskManagerServiceEx: loadRunningPackages packageInfo : pkg:com.huawei.appmarket visible:false, pkg:com.huawei.systemmanager visible:false, pkg:com.tencent.mm visible:false, pkg:com.tencent.androidqqmail visible:false, pkg:com.android.mms visible:false, pkg:com.huawei.gamebox visible:false, pkg:com.huawei.calendar visible:false, pkg:com.huawei.android.launcher visible:false, pkg:com.huawei.contacts visible:false, pkg:com.huawei.filemanager visible:false, pkg:com.android.settings visible:false, pkg:com.ss.android.ugc.aweme.lite visible:false, pkg:com.example.ai_bookkeeping visible:true, pkg:com.tencent.news visible:false,
12-29 21:00:33.716  1676  2213 I HwActivityManagerServiceEx: provider is prevented for not-prevent
12-29 21:00:33.716  1676  2213 I ContentProviderHelper: Successfully start provider ContentProviderRecord{952882a u0 com.android.providers.settings/.hwext.HwSettingsProvider} launchingApp=null caller pid= 8186
12-29 21:00:33.720  1676  2213 E TaskChangeNotificationController: forAllLocalListeners pid must be equal, but the callingPid 8186 pid 1676
12-29 21:00:33.720  8186  8186 V ActivityThread: callActivityOnCreate
12-29 21:00:33.721  1676  2213 E TaskChangeNotificationController: forAllLocalListeners pid must be equal, but the callingPid 8186 pid 1676
12-29 21:00:33.872  1676  1891 I WindowManager: onAnimationFinished task=1136
12-29 21:00:33.872  1676  1891 I ActivityTaskManager: onAnimationFinished, mTransit: 0startSplitScreenFlag:false
12-29 21:00:33.872  1676  1891 I WindowManager: onAnimationFinished task=1001
12-29 21:00:33.872  1676  1891 I ActivityTaskManager: onAnimationFinished, mTransit: 0startSplitScreenFlag:false
12-29 21:00:33.872  1676  1890 W WindowManager: onAppTransitionFinishedLocked
12-29 21:00:33.872  1676  1891 I WindowManager: New wallpaper target: null prevTarget: Window{8c63db5 u0 com.huawei.android.launcher/com.huawei.android.launcher.unihome.UniHomeLauncher}
12-29 21:00:33.884  1676  2213 I WindowManager: tryStartExitingAnimation destroySurface win=Window{8c63db5 u0 com.huawei.android.launcher/com.huawei.android.launcher.unihome.UniHomeLauncher}
12-29 21:00:33.899  1676  1890 V LocalDisplayAdapter: getDisplayDeviceInfoLocked called,1152x2376, 1344x2772displayCutout DisplayCutout{insets=Rect(0, 120 - 0, 0) waterfall=Insets{left=0, top=0, right=0, bottom=0} boundingRect={Bounds=[Rect(0, 0 - 0, 0), Rect(0, 0 - 370, 120), Rect(0, 0 - 0, 0), Rect(0, 0 - 0, 0)]} cutoutPathParserInfo={CutoutPathParserInfo{displayWidth=1152 displayHeight=2376 density={3.0} cutoutSpec={M-240,140l-432,0l0,-140l432,0z} rotation={0} scale={1.0}}}}
12-29 21:00:33.900  1676  1890 I DisplayDeviceRepository: changed: ddi{内置屏幕,1344x2772,1,1,0,[0, 7, 9],HC{[2, 3],500.0,102.0,1.0},false,false,2000000,15666666,{(0,120-0,0){0,0,0,0}{[(0,0-0,0),(0,0-370,120),(0,0-0,0),(0,0-0,0)]}{{1152,2376,{3.0},{M-240,140l-432,0l0,-140l432,0z},{0},{1.0}}}},1,0,1,2,0.0,1.0,0.4,1,2,4,8}
12-29 21:00:33.901  1676  1890 I DisplayManagerService: add only fps displayId:0
12-29 21:00:33.904  1676  1676 I HwMultiDisplayManager: onDisplayChanged: 0
12-29 21:00:33.906  1676  1888 I HwActivityTaskSupervisorEx: handleVrDisplayChanged displayId = 0
12-29 21:00:33.906  1676  1888 W HwActivityTaskSupervisorEx: handleVrDisplayChanged other vr mode displayId: 0
12-29 21:00:33.908  1676  1891 D LogicalDisplay: configureDisplayLocked mTempLayerStackRect=Rect(0, 0 - 1152, 2376) mTempDisplayRect=Rect(0, 0 - 1344, 2772) orientation = 0
