12-29 21:00:28.923  1676  2927 D HwActivityTaskManagerServiceEx: isActivityVisiableInFingerBoost:ActivityRecord{cffb08d u0 com.huawei.android.launcher/.unihome.UniHomeLauncher t1002}
12-29 21:00:28.923  1676  2927 D HwActivityTaskManagerServiceEx: isActivityVisiableInFingerBoost:ActivityRecord{cffb08d u0 com.huawei.android.launcher/.unihome.UniHomeLauncher t1002}
12-29 21:00:28.923  1676  2927 I WindowManager: update scale in finger boost
12-29 21:00:28.928  1676  1891 I WindowManager: update scale in finger boost
12-29 21:00:28.929  1676  3429 I ActivityManager: delayGcTask callingPid = 1037 callingUid = 10084
12-29 21:00:28.930  1676  1961 I HwSystemMemoryUtils: delay gc task
12-29 21:00:28.931  1676  2927 D WindowManager: onAnimationLeashCreated x: -730.80005, y: -118.800026
12-29 21:00:28.931  1676  2927 I WindowManager: WS setWallpaperScale dw=2376 dh=2376 scaleX=1.0 scaleY=1.0 transX=0.0 transY=0.0 mXOffset=-612 mYOffset=0 caller com.android.server.wm.WallpaperWindowToken.startAnimation:111 com.android.server.wm.WallpaperController.startWallpaperAnimation:349 com.android.server.wm.WallpaperController.sendWindowWallpaperCommand:587 com.android.server.wm.Session.sendWallpaperCommand:660 android.view.IWindowSession$Stub.onTransact:1251 com.android.server.wm.Session.onTransact:179 
12-29 21:00:28.933  1676  3429 D HwActivityTaskManagerServiceEx: isActivityVisiableInFingerBoost:ActivityRecord{cffb08d u0 com.huawei.android.launcher/.unihome.UniHomeLauncher t1002}
12-29 21:00:28.933  1676  3429 D HwActivityTaskManagerServiceEx: isActivityVisiableInFingerBoost:ActivityRecord{cffb08d u0 com.huawei.android.launcher/.unihome.UniHomeLauncher t1002}
12-29 21:00:28.935  1676  3473 D HwActivityTaskManagerServiceEx: isActivityVisiableInFingerBoost:ActivityRecord{cffb08d u0 com.huawei.android.launcher/.unihome.UniHomeLauncher t1002}
12-29 21:00:28.935  1676  3473 D HwActivityTaskManagerServiceEx: isActivityVisiableInFingerBoost:ActivityRecord{cffb08d u0 com.huawei.android.launcher/.unihome.UniHomeLauncher t1002}
12-29 21:00:28.936  1676  2925 V ActivityTaskManager: Activity idle: ActivityRecord{cffb08d u0 com.huawei.android.launcher/.unihome.UniHomeLauncher t1002}
12-29 21:00:28.942  1676  3429 D HwActivityTaskManagerServiceEx: isActivityVisiableInFingerBoost:ActivityRecord{cffb08d u0 com.huawei.android.launcher/.unihome.UniHomeLauncher t1002}
12-29 21:00:28.942  1676  3429 D HwActivityTaskManagerServiceEx: isActivityVisiableInFingerBoost:ActivityRecord{cffb08d u0 com.huawei.android.launcher/.unihome.UniHomeLauncher t1002}
12-29 21:00:28.944  1676  2419 W HwAodManagerService: Aod Service is not start, can't pause. mState:3 mPowerState:100 mAnimationReady:false
12-29 21:00:28.946  1676  3473 D HwActivityTaskManagerServiceEx: isActivityVisiableInFingerBoost:ActivityRecord{cffb08d u0 com.huawei.android.launcher/.unihome.UniHomeLauncher t1002}
12-29 21:00:28.946  1676  3473 D HwActivityTaskManagerServiceEx: isActivityVisiableInFingerBoost:ActivityRecord{cffb08d u0 com.huawei.android.launcher/.unihome.UniHomeLauncher t1002}
12-29 21:00:28.947  1676  3429 I WindowManager: setActivityVisibleInFingerBoost callingPid: 1037
12-29 21:00:28.947  1676  3473 D HwActivityTaskManagerServiceEx: isActivityVisiableInFingerBoost:ActivityRecord{cffb08d u0 com.huawei.android.launcher/.unihome.UniHomeLauncher t1002}
12-29 21:00:28.947  1676  3473 D HwActivityTaskManagerServiceEx: isActivityVisiableInFingerBoost:ActivityRecord{cffb08d u0 com.huawei.android.launcher/.unihome.UniHomeLauncher t1002}
12-29 21:00:28.948  1676  3429 I WindowManager: send SET_LAUNCHER_VISIBLE_IN_FINGER_BOOST visible: true,delay:0, handle:false, userId:0, callingPid: 1037
12-29 21:00:28.950  1676  1904 I HwAudioServiceEx: ComponentInfo : className = com.huawei.android.launcher.unihome.UniHomeLauncher, flag = onResume, isHomeActivity = , isTop = true
12-29 21:00:28.950  1676  2354 W HwAudioServiceEx: SoundEffectState bundle get reserved is invalid
12-29 21:00:28.950  1676  2354 I HwAudioServiceEx: sendAppKilledIntentForKit, isKitPackageOnPause = false, isKitPackageKill = false, isKitPackageOnResume = false
12-29 21:00:28.951  1676  1676 I ActivityManager: updateOomAdj start time is before than pendingPid added, don't delete it
12-29 21:00:28.952  1676  1676 I PhoneWindowManager: UL_Power Started waking up... (why=ON_BECAUSE_OF_UNKNOWN)
12-29 21:00:28.953  2842  3181 I NetworkQoeChr: updateTopAppInfo: com.huawei.android.launcher, appState1, uid10084
12-29 21:00:28.954  1676  7596 W DevicePolicyManager: Unknown user type: UserInfo{128:分身应用:4000410}
12-29 21:00:28.954  1676  1676 I WindowManager: screenOnEarly=true,awaketrue,currentAppOrientation=5, keyguardDrawComplete=true, windowManagerDrawComplete=true
12-29 21:00:28.954  1676  7596 I HwPhoneWindowManager: onShowingChangedL: false
12-29 21:00:28.957  2842  3181 I SmartDualCardConfig: getAppType,pkgName=com.huawei.android.launcher,appType=28
12-29 21:00:28.957  2842  3181 E SmartDualCardConfig: isAppInBlackList false,items==null
12-29 21:00:28.957  2842  3181 E Booster_MatterAppRecommend: [isMatterActivity]invalid mMatterActivitiesConfig
12-29 21:00:28.957  2842  3181 I HcPreDnsQueryCtrl: EVENT_APPINFO_ACTION_UID_STATE_CHANGED
12-29 21:00:28.957  2842  3181 I HcPreDnsQueryCtrl: mForeAppPackageName update=com.huawei.android.launcher
12-29 21:00:28.959  1676  2281 D HwActivityManagerServiceEx: notifyAppToTop pid:2519, enable:0
12-29 21:00:28.959  1676  2281 D HwActivityManagerServiceEx: notifyAppToTop pid:1037, enable:1
12-29 21:00:28.960  1676  3477 D Fingerprint21: cancelAuthentication, sensorId: 0
12-29 21:00:28.960  1676  2386 D BiometricScheduler/Fingerprint21: cancelAuthenticationOrDetection token : android.os.BinderProxy@ca4a32b, mLastToken: android.os.BinderProxy@ca4a32b, lastClient: {[1398] FingerprintAuthenticationClient, proto=3, owner=com.android.systemui, cookie=0, userId=0}
12-29 21:00:28.961  1676  1890 I WindowManager: handle SET_LAUNCHER_VISIBLE_IN_FINGER_BOOST visible:true handle:falseuserId:0, currentUserId:0
12-29 21:00:28.961  1676  1890 D WindowManager: setLauncherVisibleInFingerBoost record=ActivityRecord{cffb08d u0 com.huawei.android.launcher/.unihome.UniHomeLauncher t1002}
12-29 21:00:28.961  1676  1890 I WindowManager: setLauncherVisible setAlpha to 1.0
12-29 21:00:28.962  1676  1890 I WindowManager: updateFocusedWindowLocked: newFocus is null for  displayId=800
12-29 21:00:28.973  1676  2290 D HwActivityTaskManagerServiceEx: isActivityVisiableInFingerBoost:ActivityRecord{cffb08d u0 com.huawei.android.launcher/.unihome.UniHomeLauncher t1002}
12-29 21:00:28.973  1676  2290 D HwActivityTaskManagerServiceEx: isActivityVisiableInFingerBoost:ActivityRecord{cffb08d u0 com.huawei.android.launcher/.unihome.UniHomeLauncher t1002}
12-29 21:00:28.974  1676  2290 I WindowManager: updateFocusedWindowLocked: newFocus is null for  displayId=800
12-29 21:00:28.974  1676  2290 I WindowManager: screenOnEarly=true,awaketrue,currentAppOrientation=1, keyguardDrawComplete=true, windowManagerDrawComplete=true
12-29 21:00:28.974  1676  2290 I HwDisplayRotationEx: swingRotationForSensor desireRotation 0 swingRotation -2 sensorRotation -1 lastRotation 0
12-29 21:00:28.974  1676  2290 I WindowManager: Deferring rotation, rotation not changed, rotation=0
12-29 21:00:28.981  1676  1891 D HwTransitionAnimationImpl: windowAnimations = 0 dose not come from system, not to override it.
12-29 21:00:28.981  1676  1891 D HwActivityTaskManagerServiceEx: isActivityVisiableInFingerBoost:ActivityRecord{cffb08d u0 com.huawei.android.launcher/.unihome.UniHomeLauncher t1002}
12-29 21:00:28.981  1676  1891 D HwActivityTaskManagerServiceEx: isActivityVisiableInFingerBoost:ActivityRecord{cffb08d u0 com.huawei.android.launcher/.unihome.UniHomeLauncher t1002}
12-29 21:00:28.985  1676  4670 I DE J DES: [effect] Pg pkg:com.huawei.android.launcher
12-29 21:00:28.991  1676  2290 D HwActivityTaskManagerServiceEx: isActivityVisiableInFingerBoost:ActivityRecord{cffb08d u0 com.huawei.android.launcher/.unihome.UniHomeLauncher t1002}
12-29 21:00:28.991  1676  2290 D HwActivityTaskManagerServiceEx: isActivityVisiableInFingerBoost:ActivityRecord{cffb08d u0 com.huawei.android.launcher/.unihome.UniHomeLauncher t1002}
12-29 21:00:28.992  1676  2290 I WindowManager: updateFocusedWindowLocked: newFocus is null for  displayId=800
12-29 21:00:28.994  1676  1738 D HwActivityTaskManagerServiceEx: loadRunningPackages packageInfo : pkg:com.huawei.appmarket visible:false, pkg:com.huawei.systemmanager visible:false, pkg:com.tencent.mm visible:false, pkg:com.tencent.androidqqmail visible:false, pkg:com.android.mms visible:false, pkg:com.huawei.gamebox visible:false, pkg:com.huawei.calendar visible:false, pkg:com.huawei.android.launcher visible:true, pkg:com.huawei.contacts visible:false, pkg:com.huawei.filemanager visible:false, pkg:com.android.settings visible:false, pkg:com.ss.android.ugc.aweme.lite visible:false, pkg:com.tencent.news visible:false,
12-29 21:00:29.000  1676  1891 D HwTransitionAnimationImpl: windowAnimations = 0 dose not come from system, not to override it.
12-29 21:00:29.001  1676  1891 D HwActivityTaskManagerServiceEx: isActivityVisiableInFingerBoost:ActivityRecord{cffb08d u0 com.huawei.android.launcher/.unihome.UniHomeLauncher t1002}
12-29 21:00:29.001  1676  1891 D HwActivityTaskManagerServiceEx: isActivityVisiableInFingerBoost:ActivityRecord{cffb08d u0 com.huawei.android.launcher/.unihome.UniHomeLauncher t1002}
12-29 21:00:29.034  1676  1738 W ProcBatteryStats: timer is not running , not stop, name: com.android.phone, uid: 1001, tag: RILJ_ACK_WL
12-29 21:00:29.070  1676  1738 D SmartHeartBeat: setAlarmsAdjust ...
12-29 21:00:29.071  1676  2276 D SmartHeartBeat: isPendingAlarm, false, pkg:com.huawei.deskclock, action:com.android.deskclock.ALARM_ALERT,not pending alarm with AlarmClockInfo
12-29 21:00:29.080  2842  3181 I TrafficStatisticsBoosterPlugin: handleMessage, msg = 2
12-29 21:00:29.175  1676  1738 I HwAudioService: getPackageNameByPid,  packageName=com.huawei.android.extdisplay
12-29 21:00:29.182  1676 18985 I HwAudioService: getPackageNameByPid,  packageName=com.huawei.android.extdisplay
12-29 21:00:29.189  1676  1738 I HwAudioService: getPackageNameByPid,  packageName=com.huawei.android.extdisplay
12-29 21:00:29.216  1676  2386 D Fingerprint21: handleError, client: null, error: 5, vendorCode: 0
12-29 21:00:29.216  1676  2386 E Fingerprint21: onError for non-error consumer: null
12-29 21:00:29.216  1676  1676 W Looper  : Slow dispatch took 254ms main h=android.os.Handler c=com.android.server.FingerprintDataInterface$3@5b1cc m=0
12-29 21:00:29.216  1676  1676 I PhoneWindowManager: UL_Power Finished waking up... (why=ON_BECAUSE_OF_UNKNOWN)
12-29 21:00:29.216  1676  1676 I ActivityTaskManager: setExpandScreenTurningOn false
12-29 21:00:29.217  1676  1676 W Looper  : Slow delivery took 313ms main h=com.android.server.power.Notifier$NotifierHandler c=com.android.server.power.Notifier$$ExternalSyntheticLambda2@e3ebb2a m=0
12-29 21:00:29.218  1676  1676 V LockSettings: WeakAuth skiped.
12-29 21:00:29.226  1676  1738 W DevicePolicyManager: Unknown user type: UserInfo{128:分身应用:4000410}
12-29 21:00:29.227  1676  4670 I StatusBarDisable: setFlags what=0 which=1 pkg=com.android.systemui
12-29 21:00:29.235  1676  2386 E Fingerprint21: onAcquired for non-acquisition client: null
12-29 21:00:29.235  1676  2386 E Fingerprint21: onAcquired for non-acquisition client: null
12-29 21:00:29.236  1676  3477 E AppOps  : noteOperation catch security exception:Specified package com.android.phone under uid 10052 but it is not attributionTag check, current pkg uid:1001
12-29 21:00:29.239  1676  3477 D HwActivityTaskManagerServiceEx: isActivityVisiableInFingerBoost:ActivityRecord{cffb08d u0 com.huawei.android.launcher/.unihome.UniHomeLauncher t1002}
12-29 21:00:29.239  1676  3477 D HwActivityTaskManagerServiceEx: isActivityVisiableInFingerBoost:ActivityRecord{cffb08d u0 com.huawei.android.launcher/.unihome.UniHomeLauncher t1002}
12-29 21:00:29.240  1676  3429 E AppOps  : noteOperation catch security exception:Specified package com.android.phone under uid 10052 but it is not attributionTag check, current pkg uid:1001
12-29 21:00:29.241  1676  3477 I WindowManager: Changing focus from Window{4d464d0 u0 NotificationShade} to Window{8c63db5 u0 com.huawei.android.launcher/com.huawei.android.launcher.unihome.UniHomeLauncher} displayId=0
12-29 21:00:29.241  1676  3477 D HwActivityTaskManagerServiceEx: getVisibleTasks() beginning running, callingPid = 1676 , callingUid = 1000
12-29 21:00:29.241  1676  2281 E ProcessInfoCollector: getProcessInfo: proc should not less than zero.
12-29 21:00:29.241  1676  3477 D HwActivityTaskManagerServiceEx: getVisibleTasks add visible task to list, topActivity : ActivityRecord{cffb08d u0 com.huawei.android.launcher/.unihome.UniHomeLauncher t1002}
12-29 21:00:29.241  1676  2281 D HwActivityManagerServiceEx: notifyAppToTop pid:1037, enable:1
12-29 21:00:29.241  1676  3477 I NavigationCallOut: focusChanged, focus=Window{8c63db5 u0 com.huawei.android.launcher/com.huawei.android.launcher.unihome.UniHomeLauncher}, mIsFocusWinInBlackList=false
12-29 21:00:29.241  1676  3477 I HwPhoneWindowManager: StatusToSurfaceFlinger Window{8c63db5 u0 com.huawei.android.launcher/com.huawei.android.launcher.unihome.UniHomeLauncher} sideMode = 1 notchMode = 0 dataIn val = 4
12-29 21:00:29.242  1676  3473 W DevicePolicyManager: Unknown user type: UserInfo{128:分身应用:4000410}
12-29 21:00:29.242  1676  3477 V HwPhoneWindowManager: updateSystemUiColorLw window=Window{8c63db5 u0 com.huawei.android.launcher/com.huawei.android.launcher.unihome.UniHomeLauncher},EmuiStyle=1,StatusBarColor=0xffffffff,NavigationBarColor=0xffffffff, mForceNotchStatusBar=false
12-29 21:00:29.242  2519 25789 I HwCommandQueue: updateBarBgColor
12-29 21:00:29.242  2519 25789 D HwCommandQueue: CommandQueue, setBarBackgroundColor
12-29 21:00:29.244  1676  3477 I HwDisplayContentEx: currentFocus windowstate not null
12-29 21:00:29.244  1676  3477 I HwDisplayContentEx: trans currentFocus windowstate not null
12-29 21:00:29.244  1676  3477 I WindowManager: updateFocusedWindowLocked: newFocus is null for  displayId=800
12-29 21:00:29.244  1676  1888 I StatusBarDisable: setFlags what=0 which=1 pkg=Window{8c63db5 u0 com.huawei.android.launcher/com.huawei.android.launcher.unihome.UniHomeLauncher}
12-29 21:00:29.245  1676  1891 I WindowManager: Focus requested for window=:8c63db5 com.huawei.android.launcher/com.huawei.android.launcher.unihome.UniHomeLauncher
12-29 21:00:29.247  1676  1676 W Looper  : Drained
12-29 21:00:29.247  1676  1890 I StorageManagerService: onKeyguardStateChanged false
12-29 21:00:29.247  1676  1676 I DE J DES: [effect] BroadcastReceiver.onReceive() action:android.intent.action.SCREEN_ON
12-29 21:00:29.248  1676  2898 I KeyguardStateMonitor: onPendingLock pendingLock: false
12-29 21:00:29.251  1676 18985 D HwActivityTaskManagerServiceEx: isActivityVisiableInFingerBoost:ActivityRecord{cffb08d u0 com.huawei.android.launcher/.unihome.UniHomeLauncher t1002}
12-29 21:00:29.251  1676 18985 D HwActivityTaskManagerServiceEx: isActivityVisiableInFingerBoost:ActivityRecord{cffb08d u0 com.huawei.android.launcher/.unihome.UniHomeLauncher t1002}
12-29 21:00:29.253  1676 18985 I WindowManager: wm_insets notifyInsetsControlChanged for:Window{8c63db5 u0 com.huawei.android.launcher/com.huawei.android.launcher.unihome.UniHomeLauncher}
12-29 21:00:29.254  1676 18985 I WindowManager: wm_insets notifyInsetsControlChanged for:Window{4d464d0 u0 NotificationShade}
12-29 21:00:29.257  1676  1738 D HwActivityTaskManagerServiceEx: loadRunningPackages packageInfo : pkg:com.huawei.appmarket visible:false, pkg:com.huawei.systemmanager visible:false, pkg:com.tencent.mm visible:false, pkg:com.tencent.androidqqmail visible:false, pkg:com.android.mms visible:false, pkg:com.huawei.gamebox visible:false, pkg:com.huawei.calendar visible:false, pkg:com.huawei.android.launcher visible:true, pkg:com.huawei.contacts visible:false, pkg:com.huawei.filemanager visible:false, pkg:com.android.settings visible:false, pkg:com.ss.android.ugc.aweme.lite visible:false, pkg:com.tencent.news visible:false,
12-29 21:00:29.258  1676  3477 D HwActivityTaskManagerServiceEx: loadRunningPackages packageInfo : pkg:com.huawei.appmarket visible:false, pkg:com.huawei.systemmanager visible:false, pkg:com.tencent.mm visible:false, pkg:com.tencent.androidqqmail visible:false, pkg:com.android.mms visible:false, pkg:com.huawei.gamebox visible:false, pkg:com.huawei.calendar visible:false, pkg:com.huawei.android.launcher visible:true, pkg:com.huawei.contacts visible:false, pkg:com.huawei.filemanager visible:false, pkg:com.android.settings visible:false, pkg:com.ss.android.ugc.aweme.lite visible:false, pkg:com.tencent.news visible:false,
12-29 21:00:29.262  1676  4670 I AlarmManager: set(PendingIntent{956a5e8: PendingIntentRecord{b2ba6d4 android broadcastIntent}}) : type=0 triggerAtTime=1767013259258 win=0 tElapsed=782839987 maxElapsed=782839987 interval=0 flags=0x9 at=+29996ms uid=1000 count=32 callingClass=<bottom of call stack> 
12-29 21:00:29.263  1676 18985 D HwActivityTaskManagerServiceEx: isActivityVisiableInFingerBoost:ActivityRecord{cffb08d u0 com.huawei.android.launcher/.unihome.UniHomeLauncher t1002}
12-29 21:00:29.263  1676 18985 D HwActivityTaskManagerServiceEx: isActivityVisiableInFingerBoost:ActivityRecord{cffb08d u0 com.huawei.android.launcher/.unihome.UniHomeLauncher t1002}
12-29 21:00:29.264  1676  3472 I HwInputMethodManagerService: startInputOrWindowGainedFocus windowToken:android.os.BinderProxy@b2025ec mInputShown:false
12-29 21:00:29.264  1676  3472 I HwOcrImeController: updateMultiWindow focus window = com.huawei.android.launcher/com.huawei.android.launcher.unihome.UniHomeLauncher mIsInMultiScreen = false
12-29 21:00:29.264  1676  3472 I HwOcrImeController: updateUser userId = 0 mIsOwnerUser = true
12-29 21:00:29.264  1676  3472 I HwOcrImeController: setOcrImeSupportProp mIsOcrImeValid = true mIsHardKeyboardAvailable = false mIsInMultiScreen = false mIsOwnerUser = true
12-29 21:00:29.264  1676  3472 I HwOcrImeController: setOcrImeSupportProp mIsOcrImeValid = true mIsHardKeyboardAvailable = false mIsInMultiScreen = false mIsOwnerUser = true
12-29 21:00:29.264  1676  3472 I InputMethodShowDelayTask: clearTask
12-29 21:00:29.274  1676  2216 I ActivityManager: sendIntentSender target:PendingIntentRecord{6450a09 com.jingdong.app.mall broadcastIntent}, intent:hwFlg=0x10
12-29 21:00:29.275  1676  2290 D HwActivityTaskManagerServiceEx: isActivityVisiableInFingerBoost:ActivityRecord{cffb08d u0 com.huawei.android.launcher/.unihome.UniHomeLauncher t1002}
12-29 21:00:29.275  1676  2290 D HwActivityTaskManagerServiceEx: isActivityVisiableInFingerBoost:ActivityRecord{cffb08d u0 com.huawei.android.launcher/.unihome.UniHomeLauncher t1002}
12-29 21:00:29.278  1676  2290 I WindowManager: updateFocusedWindowLocked: newFocus is null for  displayId=800
12-29 21:00:29.286  1676  2898 D HwActivityTaskManagerServiceEx: isActivityVisiableInFingerBoost:ActivityRecord{cffb08d u0 com.huawei.android.launcher/.unihome.UniHomeLauncher t1002}
12-29 21:00:29.286  1676  2898 D HwActivityTaskManagerServiceEx: isActivityVisiableInFingerBoost:ActivityRecord{cffb08d u0 com.huawei.android.launcher/.unihome.UniHomeLauncher t1002}
12-29 21:00:29.287  1676  3472 I SecInputMethodManagerService: ime focus result=0
12-29 21:00:29.287  1676  3472 I SecInputMethodManagerService: Client requesting input be hidden, uid=1000
12-29 21:00:29.287  1676  3472 I SecInputMethodManagerService: hideCurrentInputLocked inputShown:false, imeWindowVis:0
12-29 21:00:29.287  1676  3472 I HwInputMethodManagerService: windowfocus: hide secureIME isNeedWaitShow:false
12-29 21:00:29.290  1676  1738 D HwActivityTaskManagerServiceEx: isActivityVisiableInFingerBoost:ActivityRecord{cffb08d u0 com.huawei.android.launcher/.unihome.UniHomeLauncher t1002}
12-29 21:00:29.290  1676  1738 D HwActivityTaskManagerServiceEx: isActivityVisiableInFingerBoost:ActivityRecord{cffb08d u0 com.huawei.android.launcher/.unihome.UniHomeLauncher t1002}
12-29 21:00:29.295  1676  3473 D HwActivityTaskManagerServiceEx: loadRunningPackages packageInfo : pkg:com.huawei.appmarket visible:false, pkg:com.huawei.systemmanager visible:false, pkg:com.tencent.mm visible:false, pkg:com.tencent.androidqqmail visible:false, pkg:com.android.mms visible:false, pkg:com.huawei.gamebox visible:false, pkg:com.huawei.calendar visible:false, pkg:com.huawei.android.launcher visible:true, pkg:com.huawei.contacts visible:false, pkg:com.huawei.filemanager visible:false, pkg:com.android.settings visible:false, pkg:com.ss.android.ugc.aweme.lite visible:false, pkg:com.tencent.news visible:false,
12-29 21:00:29.295  1676  3472 E SecInputMethodManagerService: InputBindResult is @NonNull. startInputReason=Unknown=10000 windowFlags=#81910100 editorInfo=android.view.inputmethod.EditorInfo@503b2a6
12-29 21:00:29.295  1676  2214 D HwActivityTaskManagerServiceEx: loadRunningPackages packageInfo : pkg:com.huawei.appmarket visible:false, pkg:com.huawei.systemmanager visible:false, pkg:com.tencent.mm visible:false, pkg:com.tencent.androidqqmail visible:false, pkg:com.android.mms visible:false, pkg:com.huawei.gamebox visible:false, pkg:com.huawei.calendar visible:false, pkg:com.huawei.android.launcher visible:true, pkg:com.huawei.contacts visible:false, pkg:com.huawei.filemanager visible:false, pkg:com.android.settings visible:false, pkg:com.ss.android.ugc.aweme.lite visible:false, pkg:com.tencent.news visible:false,
12-29 21:00:29.297  1676  1901 I UsageStatsService: Time changed in by -3 seconds
12-29 21:00:29.298  1676  4670 I HwAlarmManagerService: hwSetRtcAlarm start
12-29 21:00:29.299  1676  1982 I HwDFRServicesFactory: getZrHungServicesFactory
12-29 21:00:29.299  1676  1982 I ZrHungServicesFactoryImpl: getZRHungService
12-29 21:00:29.306  1676  3472 I InputMethodManagerService: isSecMethodUsing set false
12-29 21:00:29.306  1676  3472 I InputMethodManagerService: startInputOrWindowGainedFocus didStart: isTextEditor=false sameWindowFocused=true doAutoShow=true softInputMode=STATE_ALWAYS_HIDDEN|ADJUST_RESIZE|IS_FORWARD_NAVIGATION
12-29 21:00:29.306  1676  3472 V InputMethodManagerService: hideCurrentInputLocked inputShown:false, imeWindowVis:0
12-29 21:00:29.306  1676  3472 I HwInputMethodManagerService: hideCurrentInputLocked res:false
12-29 21:00:29.308  1676  1891 D HwTransitionAnimationImpl: windowAnimations = 0 dose not come from system, not to override it.
12-29 21:00:29.308  1676  1891 D HwActivityTaskManagerServiceEx: isActivityVisiableInFingerBoost:ActivityRecord{cffb08d u0 com.huawei.android.launcher/.unihome.UniHomeLauncher t1002}
12-29 21:00:29.308  1676  1891 D HwActivityTaskManagerServiceEx: isActivityVisiableInFingerBoost:ActivityRecord{cffb08d u0 com.huawei.android.launcher/.unihome.UniHomeLauncher t1002}
12-29 21:00:29.310  2842  3181 E Booster_BoosterdDelegate: [bindService]bindService start
12-29 21:00:29.311  2842  3181 E Booster_BoosterdDelegate: [getBoosterdNativeService]Failed to get boosterd native service
12-29 21:00:29.311  2842  3181 E Booster_BoosterdDelegate: [bindService]mService is null
12-29 21:00:29.317  2842  3181 D PositionFenceSignalCollect: cell Info change.
12-29 21:00:29.319  1676  4678 I ActivityManager: power push bindservice callingPkg:com.huawei.hiai, pkg:com.huawei.recsys, callerApp pid:3184, pid:7987
12-29 21:00:29.320  1676  1676 I SWAP_Scene: unlock the screen
12-29 21:00:29.320  1676  1676 I Prelaunch: SWAP_AppPrelaunch: handleUnlockScreen start
12-29 21:00:29.320  1676  2925 V BroadcastQueue: Finished with ordered broadcast BroadcastRecord{9e18401 u0 android.intent.action.USER_PRESENT}
12-29 21:00:29.321  1676  2925 I ActivityManager: App 10169/com.jingdong.app.mall targets O+, restricted
12-29 21:00:29.321  1676  1982 I DropBoxManagerService: add tag=system_server_wtf isTagEnabled=true flags=0x2
12-29 21:00:29.321  1676  1982 W DropBoxManagerService: Dropping: system_server_wtf (2932 > 0 bytes)
12-29 21:00:29.322  1676  1676 I SWAP_Scene: unlock the screen
12-29 21:00:29.322  1676  1676 I Prelaunch: SWAP_AppPrelaunch: handleUnlockScreen start
12-29 21:00:29.322  1676  1982 I ActivityManager: before write dropbox time 1767013229321 eventType is wtf dataFile is false
12-29 21:00:29.323  1676  6375 I SWAP_CmaScene: CmaSceneParse: get SMEM_UNLOCKED_TYPE
12-29 21:00:29.323  1676  6375 I SWAP_CmaScene: device is unlocked, clear smem pool
12-29 21:00:29.323  1676  6375 I SWAP_CmaScene: smem_pool_watermark write value = 0
12-29 21:00:29.323  1676  6375 I SWAP_CmaScene: CmaSceneParse: get SMEM_UNLOCKED_TYPE
12-29 21:00:29.323  1676  6375 I SWAP_CmaScene: device is unlocked, clear smem pool
12-29 21:00:29.323  1676  6375 I SWAP_CmaScene: smem_pool_watermark write value = 0
12-29 21:00:29.323  1676  3477 D HwActivityTaskManagerServiceEx: loadRunningPackages packageInfo : pkg:com.huawei.appmarket visible:false, pkg:com.huawei.systemmanager visible:false, pkg:com.tencent.mm visible:false, pkg:com.tencent.androidqqmail visible:false, pkg:com.android.mms visible:false, pkg:com.huawei.gamebox visible:false, pkg:com.huawei.calendar visible:false, pkg:com.huawei.android.launcher visible:true, pkg:com.huawei.contacts visible:false, pkg:com.huawei.filemanager visible:false, pkg:com.android.settings visible:false, pkg:com.ss.android.ugc.aweme.lite visible:false, pkg:com.tencent.news visible:false,
12-29 21:00:29.324  1676  2216 I ActivityManager: sendIntentSender target:PendingIntentRecord{8176b6a com.jingdong.app.mall broadcastIntent}, intent:hwFlg=0x10
12-29 21:00:29.329  1676  2330 I AlarmManager: set(listener: e3b9c53) : type=2 triggerAtTime=782825058 win=11250 tElapsed=782825058 maxElapsed=782836308 interval=0 flags=0x8 at=+15000ms uid=1000 count=33 callingClass=com.android.server.wifi.scanner.WificondScannerImpl.startSingleScan:250 
12-29 21:00:29.331  1676  4678 D HwActivityTaskManagerServiceEx: loadRunningPackages packageInfo : pkg:com.huawei.appmarket visible:false, pkg:com.huawei.systemmanager visible:false, pkg:com.tencent.mm visible:false, pkg:com.tencent.androidqqmail visible:false, pkg:com.android.mms visible:false, pkg:com.huawei.gamebox visible:false, pkg:com.huawei.calendar visible:false, pkg:com.huawei.android.launcher visible:true, pkg:com.huawei.contacts visible:false, pkg:com.huawei.filemanager visible:false, pkg:com.android.settings visible:false, pkg:com.ss.android.ugc.aweme.lite visible:false, pkg:com.tencent.news visible:false,
12-29 21:00:29.332  1676  1961 D ActivityManager: setPrivilegeType serviceRecord: ServiceRecord{6d0eec4 u0 com.huawei.recsys/com.huawei.atom.awareness.service.AwarenessEventService}, interfaceDescriptor: , shouldSetPrivType: false
12-29 21:00:29.332  1676  4678 D HwActivityTaskManagerServiceEx: loadRunningPackages packageInfo : pkg:com.huawei.appmarket visible:false, pkg:com.huawei.systemmanager visible:false, pkg:com.tencent.mm visible:false, pkg:com.tencent.androidqqmail visible:false, pkg:com.android.mms visible:false, pkg:com.huawei.gamebox visible:false, pkg:com.huawei.calendar visible:false, pkg:com.huawei.android.launcher visible:true, pkg:com.huawei.contacts visible:false, pkg:com.huawei.filemanager visible:false, pkg:com.android.settings visible:false, pkg:com.ss.android.ugc.aweme.lite visible:false, pkg:com.tencent.news visible:false,
12-29 21:00:29.333  1676  2925 V BroadcastQueue: Finished with ordered broadcast BroadcastRecord{f9fd2c7 u0 SCREEN_ACTION}
12-29 21:00:29.334  1676  1982 I ActivityManager: App 10169/com.jingdong.app.mall targets O+, restricted
12-29 21:00:29.340  1676  4678 I HwAodManagerService: getAodInfo beginSection
12-29 21:00:29.341  1676  4678 I HwAodManagerService: get aod info pos ready: true
12-29 21:00:29.341  1676  4678 I HwAodManagerService: getFullFoldScreenSuperWallPos: is not FullFold or aodInfoRect is null
12-29 21:00:29.341  1676  4678 I HwAodManagerService: getAodPosition query mPosX=196 mPosY=342
12-29 21:00:29.341  1676  4678 I HwAodManagerService: getAodInfo endSection
12-29 21:00:29.342  1676  3473 W DevicePolicyManager: Unknown user type: UserInfo{128:分身应用:4000410}
12-29 21:00:29.343  1676  2925 W DevicePolicyManager: Unknown user type: UserInfo{128:分身应用:4000410}
12-29 21:00:29.345  1676  2898 V ActivityManager: Bringing down ServiceRecord{6d0eec4 u0 com.huawei.recsys/com.huawei.atom.awareness.service.AwarenessEventService} android.content.Intent$FilterComparison@424a9592
12-29 21:00:29.345  1676  2898 V ActivityManager: java.lang.RuntimeException
12-29 21:00:29.345  1676  2898 V ActivityManager: 	at com.android.server.am.ActiveServices.bringDownServiceLocked(ActiveServices.java:4740)
12-29 21:00:29.345  1676  2898 V ActivityManager: 	at com.android.server.am.ActiveServices.bringDownServiceIfNeededLocked(ActiveServices.java:4625)
12-29 21:00:29.345  1676  2898 V ActivityManager: 	at com.android.server.am.ActiveServices.removeConnectionLocked(ActiveServices.java:5019)
12-29 21:00:29.345  1676  2898 V ActivityManager: 	at com.android.server.am.ActiveServices.unbindServiceLocked(ActiveServices.java:3384)
12-29 21:00:29.345  1676  2898 V ActivityManager: 	at com.android.server.am.ActivityManagerService.unbindService(ActivityManagerService.java:13768)
12-29 21:00:29.345  1676  2898 V ActivityManager: 	at android.app.IActivityManager$Stub.onTransact(IActivityManager.java:2784)
12-29 21:00:29.345  1676  2898 V ActivityManager: 	at com.android.server.am.ActivityManagerService.onTransact(ActivityManagerService.java:2933)
12-29 21:00:29.345  1676  2898 V ActivityManager: 	at com.android.server.am.HwActivityManagerService.onTransact(HwActivityManagerService.java:410)
12-29 21:00:29.345  1676  2898 V ActivityManager: 	at android.os.Binder.execTransactInternal(Binder.java:1197)
12-29 21:00:29.345  1676  2898 V ActivityManager: 	at android.os.Binder.execTransact(Binder.java:1156)
12-29 21:00:29.351  1676  7596 I VirtualDisplayAdapter: Virtual display device released because application token died: com.huawei.aod
12-29 21:00:29.352  1676  3471 I WindowManager: WIN DEATH: Window{14f60f u0 AodScreen_0}
12-29 21:00:29.352  1676  3471 I WindowManager: cancelAnimation
12-29 21:00:29.352  1676  3471 I WindowManager: removeIfPossible: Window{14f60f u0 AodScreen_0} callers=com.android.server.wm.WindowState.access$400:368 com.android.server.wm.WindowState$DeathRecipient.binderDied:4236 android.os.IBinder$DeathRecipient.binderDied:324 android.os.BinderProxy.sendDeathNotice:747 <bottom of call stack> 
12-29 21:00:29.352  1676  2925 I ActivityManager: appDiedLocked: pid=7758, app=ProcessRecord{222f8ec 7758:com.huawei.aod/u0a241}, fromBinderDied=true, reason=null
12-29 21:00:29.352  1676  1890 I DisplayDeviceRepository: Display device removed: DisplayDeviceInfo{"AodVirtualDisplay": uniqueId="****", 1344 x 2772, modeId 800, defaultModeId 800, supportedModes [{id=800, width=1344, height=2772, fps=60.0, alternativeRefreshRates=[]}], colorMode 0, supportedColorModes [0], hdrCapabilities null, allmSupported false, gameContentTypeSupported false, density 560, 560.0 x 560.0 dpi, appVsyncOff 0, presDeadline 16666666, touch NONE, rotation 0, type VIRTUAL, deviceProductInfo null, state OFF, owner com.huawei.aod (uid 10241), frameRateOverride , brightnessMinimum 0.0, brightnessMaximum 0.0, brightnessDefault 0.0, FLAG_PRIVATE, FLAG_NEVER_BLANK, FLAG_OWN_CONTENT_ONLY}
12-29 21:00:29.352  1676  1890 I LogicalDisplayMapper: Removing display: 800
12-29 21:00:29.352  1676  3471 I WindowManager: Removing Window{14f60f u0 AodScreen_0} from WindowToken{5737f6e android.os.BinderProxy@380e6e9}
12-29 21:00:29.352  1676  3471 I WindowManager: removeWindowToken: displayid:800 binder:android.os.BinderProxy@380e6e9 token:WindowToken{5737f6e android.os.BinderProxy@380e6e9}
12-29 21:00:29.352  1676  1890 I DisplayManagerService: releaseVirtualDisplaysMap, size=0
12-29 21:00:29.353  1676  1888 I WindowManager: Display removed displayId=800
12-29 21:00:29.353  1676  1676 I HwMultiDisplayManager: onDisplayRemoved: 800
12-29 21:00:29.353  1676  3471 D HwActivityTaskManagerServiceEx: isActivityVisiableInFingerBoost:ActivityRecord{cffb08d u0 com.huawei.android.launcher/.unihome.UniHomeLauncher t1002}
12-29 21:00:29.353  1676  1890 W DisplayManagerService: Failed to notify process 7758 that displays changed, assuming it died.
12-29 21:00:29.353  1676  1890 W DisplayManagerService: android.os.DeadObjectException
12-29 21:00:29.353  1676  1890 W DisplayManagerService: 	at android.os.BinderProxy.transactNative(Native Method)
12-29 21:00:29.353  1676  1890 W DisplayManagerService: 	at android.os.BinderProxy.transact(BinderProxy.java:607)
12-29 21:00:29.353  1676  1890 W DisplayManagerService: 	at android.hardware.display.IDisplayManagerCallback$Stub$Proxy.onDisplayEvent(IDisplayManagerCallback.java:117)
12-29 21:00:29.353  1676  1890 W DisplayManagerService: 	at com.android.server.display.DisplayManagerService$CallbackRecord.notifyDisplayEventAsync(DisplayManagerService.java:3294)
12-29 21:00:29.353  1676  1890 W DisplayManagerService: 	at com.android.server.display.DisplayManagerService.deliverDisplayEvent(DisplayManagerService.java:2863)
12-29 21:00:29.353  1676  1890 W DisplayManagerService: 	at com.android.server.display.DisplayManagerService.access$1400(DisplayManagerService.java:239)
12-29 21:00:29.353  1676  1890 W DisplayManagerService: 	at com.android.server.display.DisplayManagerService$DisplayManagerHandler.handleMessage(DisplayManagerService.java:3109)
12-29 21:00:29.353  1676  1890 W DisplayManagerService: 	at android.os.Handler.dispatchMessage(Handler.java:117)
12-29 21:00:29.353  1676  1890 W DisplayManagerService: 	at android.os.Looper.loopOnce(Looper.java:205)
12-29 21:00:29.353  1676  1890 W DisplayManagerService: 	at android.os.Looper.loop(Looper.java:293)
12-29 21:00:29.353  1676  1890 W DisplayManagerService: 	at android.os.HandlerThread.run(HandlerThread.java:110)
12-29 21:00:29.353  1676  1890 W DisplayManagerService: 	at com.android.server.ServiceThread.run(ServiceThread.java:44)
12-29 21:00:29.354  1676  3471 D HwActivityTaskManagerServiceEx: isActivityVisiableInFingerBoost:ActivityRecord{cffb08d u0 com.huawei.android.launcher/.unihome.UniHomeLauncher t1002}
12-29 21:00:29.354  1676  2925 I ActivityManager: Process com.huawei.aod (pid 7758) has died: fg  BFGS
12-29 21:00:29.354  1676  2354 W HwAudioServiceEx: SoundEffectState bundle get reserved is invalid
12-29 21:00:29.354  1676  2925 D ActivityManager: cleanUpApplicationRecord app: 7758:com.huawei.aod/u0a241, bad: false, restarting: false, allowRestart: true
12-29 21:00:29.354  1676  2354 I HwAudioServiceEx: sendAppKilledIntentForKit, isKitPackageOnPause = false, isKitPackageKill = false, isKitPackageOnResume = false
12-29 21:00:29.354  1676  1904 I HwPowerManagerService: appdie release wakelock, pid = 7758, uid = 10241
12-29 21:00:29.354  1676  3471 D LogicalDisplay: configureDisplayLocked mTempLayerStackRect=Rect(0, 0 - 1152, 2376) mTempDisplayRect=Rect(0, 0 - 1344, 2772) orientation = 0
12-29 21:00:29.354  1676  3471 I DisplayDevice: setProjectionLocked displayId 0 isDefaultDisplay true orientation(0->0) LayerStackRect(Rect(0, 0 - 1152, 2376)->Rect(0, 0 - 1152, 2376)) DisplayRect(Rect(0, 0 - 1344, 2772)->Rect(0, 0 - 1344, 2772))
12-29 21:00:29.354  1676  3471 I DisplayDevice: isNeedRefreshOrientaion orientation 0
12-29 21:00:29.355  1676  3471 I WindowManager: updateFocusedWindowLocked: newFocus is null for  displayId=800
12-29 21:00:29.355  1676  2216 I WindowManager: WIN DEATH: Window{f80e46 u0 AodScreen_1}
12-29 21:00:29.355  1676  2216 I WindowManager: cancelAnimation
12-29 21:00:29.356  1676  2216 I WindowManager: removeIfPossible: Window{f80e46 u0 AodScreen_1} callers=com.android.server.wm.WindowState.access$400:368 com.android.server.wm.WindowState$DeathRecipient.binderDied:4236 android.os.IBinder$DeathRecipient.binderDied:324 android.os.BinderProxy.sendDeathNotice:747 <bottom of call stack> 
12-29 21:00:29.357  1676  2216 I WindowManager: Removing Window{f80e46 u0 AodScreen_1} from WindowToken{8058a21 android.os.BinderProxy@c4c7088}
12-29 21:00:29.357  1676  2216 I WindowManager: removeWindowToken: displayid:800 binder:android.os.BinderProxy@c4c7088 token:WindowToken{8058a21 android.os.BinderProxy@c4c7088}
12-29 21:00:29.358  1676  2216 D HwActivityTaskManagerServiceEx: isActivityVisiableInFingerBoost:ActivityRecord{cffb08d u0 com.huawei.android.launcher/.unihome.UniHomeLauncher t1002}
12-29 21:00:29.358  1676  2216 D HwActivityTaskManagerServiceEx: isActivityVisiableInFingerBoost:ActivityRecord{cffb08d u0 com.huawei.android.launcher/.unihome.UniHomeLauncher t1002}
12-29 21:00:29.359  1676  2216 I WindowManager: updateFocusedWindowLocked: newFocus is null for  displayId=800
12-29 21:00:29.359  1676  1888 I HwActivityTaskSupervisorEx: handleVrDisplayRemoved displayId = 800
12-29 21:00:29.359  1676  1888 W HwActivityTaskSupervisorEx: handleVrDisplayRemoved other mode displayId: 800
12-29 21:00:29.363  1676  1888 I WindowManager: displayContent remove
12-29 21:00:29.365  1676  2898 D HwTransitionAnimationImpl: windowAnimations = 0 dose not come from system, not to override it.
12-29 21:00:29.366  1676  2898 I WindowManager: tryStartExitingAnimation destroySurface win=Window{4d464d0 u0 NotificationShade}
12-29 21:00:29.366  1676  1888 I SWAP_Scene: Entering notifySceneData notifySceneData. EventType:PROCESS_DIED pkg:com.huawei.aod uid:10241 pid:7758 proc: activity:null
12-29 21:00:29.367  1676  2898 D HwActivityTaskManagerServiceEx: isActivityVisiableInFingerBoost:ActivityRecord{cffb08d u0 com.huawei.android.launcher/.unihome.UniHomeLauncher t1002}
12-29 21:00:29.367  1676  2898 D HwActivityTaskManagerServiceEx: isActivityVisiableInFingerBoost:ActivityRecord{cffb08d u0 com.huawei.android.launcher/.unihome.UniHomeLauncher t1002}
12-29 21:00:29.367  1676  4568 I SWAP_Scene: This app was killed: com.huawei.aod
12-29 21:00:29.371  1676  2898 I HwMultiWindowManager: getHwMultiWindowState get window_mode : 1
12-29 21:00:29.380  1676  1890 W ActivityManager: setHasOverlayUi called on unknown pid: 7758
12-29 21:00:29.391  1676  1887 D UsbDeviceManager: netStatus is: truenetName is: wlan0
12-29 21:00:29.392  1676  2330 I AlarmManager: remove Alarm{9e59ec6 type 2 origWhen 782825058 whenElapsed 782825058 listener e3b9c53 android android procName system} according to listener: e3b9c53 by reason: 1
12-29 21:00:29.395  1676  1676 I SWAP_Scene: Entering notifySceneData notifySceneData. EventType:SCREEN_ON pkg: uid:0 pid:0 proc: activity:null
12-29 21:00:29.398  1676  4568 I SWAP_AK : Event ScreenOn
12-29 21:00:29.399  1676  1676 I HwBatteryService: intent = Intent { act=android.intent.action.SCREEN_ON flg=0x50200010 }
12-29 21:00:29.400  1676  1676 W CameraService_proxy: mEventsMonitorListner is null
12-29 21:00:29.403  1676  2216 D HwActivityTaskManagerServiceEx: isActivityVisiableInFingerBoost:ActivityRecord{cffb08d u0 com.huawei.android.launcher/.unihome.UniHomeLauncher t1002}
12-29 21:00:29.403  1676  2216 D HwActivityTaskManagerServiceEx: isActivityVisiableInFingerBoost:ActivityRecord{cffb08d u0 com.huawei.android.launcher/.unihome.UniHomeLauncher t1002}
12-29 21:00:29.405  1676  2213 I AlarmManager: remove Alarm{f55f95 type 0 origWhen 1767013259258 whenElapsed 782839987 PendingIntent{956a5e8: PendingIntentRecord{b2ba6d4 android broadcastIntent}} android procName com.huawei.android.pushagent.PushService} according to PendingIntent: 4b1234c by reason: 1
12-29 21:00:29.408  1676  2213 I AlarmManager: set(PendingIntent{dd748aa: PendingIntentRecord{dcb6e9e android broadcastIntent}}) : type=1 triggerAtTime=1767014429407 win=899999 tElapsed=784010136 maxElapsed=784910135 interval=0 flags=0x8 at=+1199999ms uid=1000 count=32 callingClass=<bottom of call stack> 
12-29 21:00:29.408  1676  1904 I HwActivityTaskManagerServiceEx: reportVisibleMultiWindowTasks, reason:keyguardGoingAway
12-29 21:00:29.408  1676  1904 D HwActivityTaskManagerServiceEx: getVisibleTasks() beginning running, callingPid = 1676 , callingUid = 1000
12-29 21:00:29.408  1676  1904 D HwActivityTaskManagerServiceEx: getVisibleTasks add visible task to list, topActivity : ActivityRecord{cffb08d u0 com.huawei.android.launcher/.unihome.UniHomeLauncher t1002}
12-29 21:00:29.409  1676  2213 I AlarmManager: remove Alarm{a49ec9b type 1 origWhen 1767014306016 whenElapsed 783886745 PendingIntent{1076b7c: PendingIntentRecord{dcb6e9e android broadcastIntent}} android procName com.huawei.android.pushagent.PushService} according to PendingIntent: dd748aa by reason: 6
12-29 21:00:29.412  1676  2315 I AlarmManager: set(listener: 5999fb1) : type=3 triggerAtTime=784981968 win=0 tElapsed=784981968 maxElapsed=784981968 interval=0 flags=0x9 at=+2171827ms uid=1000 count=32 callingClass=com.android.server.wifi.HwWifiConnectivityManager.scheduleHourPeriodicScanTimer:745 
12-29 21:00:29.415  1676  2213 I ActivityManager: power push bindservice callingPkg:com.huawei.hiai, pkg:com.huawei.recsys, callerApp pid:3184, pid:7987
12-29 21:00:29.416  1676  1901 I UsageStatsService: Time changed in by -3 seconds
12-29 21:00:29.418  1676  1676 D HwGameAssistantController: isGameForeground? false
12-29 21:00:29.419  1676  1961 D ActivityManager: setPrivilegeType serviceRecord: ServiceRecord{750b777 u0 com.huawei.recsys/com.huawei.atom.awareness.service.AwarenessEventService}, interfaceDescriptor: , shouldSetPrivType: false
12-29 21:00:29.419  1676  2216 E AppOps  : noteOperation catch security exception:Specified package com.android.phone under uid 10052 but it is not attributionTag check, current pkg uid:1001
12-29 21:00:29.420  1676  2214 E AppOps  : noteOperation catch security exception:Specified package com.android.phone under uid 10052 but it is not attributionTag check, current pkg uid:1001
12-29 21:00:29.420  1676  1676 I AlarmManager: remove Alarm{24e8fe4 type 2 origWhen 784667655 whenElapsed 784667655 listener dea4030 android android procName system} according to listener: dea4030 by reason: 1
12-29 21:00:29.427   528  8124 I vold    : AbortIdleMaint idle maintenance start
12-29 21:00:29.428  1676  4678 V ActivityManager: Bringing down ServiceRecord{750b777 u0 com.huawei.recsys/com.huawei.atom.awareness.service.AwarenessEventService} android.content.Intent$FilterComparison@424a9592
12-29 21:00:29.428  1676  4678 V ActivityManager: java.lang.RuntimeException
12-29 21:00:29.428  1676  4678 V ActivityManager: 	at com.android.server.am.ActiveServices.bringDownServiceLocked(ActiveServices.java:4740)
12-29 21:00:29.428  1676  4678 V ActivityManager: 	at com.android.server.am.ActiveServices.bringDownServiceIfNeededLocked(ActiveServices.java:4625)
12-29 21:00:29.428  1676  4678 V ActivityManager: 	at com.android.server.am.ActiveServices.removeConnectionLocked(ActiveServices.java:5019)
12-29 21:00:29.428  1676  4678 V ActivityManager: 	at com.android.server.am.ActiveServices.unbindServiceLocked(ActiveServices.java:3384)
12-29 21:00:29.428  1676  4678 V ActivityManager: 	at com.android.server.am.ActivityManagerService.unbindService(ActivityManagerService.java:13768)
12-29 21:00:29.428  1676  4678 V ActivityManager: 	at android.app.IActivityManager$Stub.onTransact(IActivityManager.java:2784)
12-29 21:00:29.428  1676  4678 V ActivityManager: 	at com.android.server.am.ActivityManagerService.onTransact(ActivityManagerService.java:2933)
12-29 21:00:29.428  1676  4678 V ActivityManager: 	at com.android.server.am.HwActivityManagerService.onTransact(HwActivityManagerService.java:410)
12-29 21:00:29.428  1676  4678 V ActivityManager: 	at android.os.Binder.execTransactInternal(Binder.java:1197)
12-29 21:00:29.428  1676  4678 V ActivityManager: 	at android.os.Binder.execTransact(Binder.java:1156)
12-29 21:00:29.429  1676  2216 V BroadcastQueue: Finished with ordered broadcast BroadcastRecord{47d81f2 u0 SCREEN_ACTION}
12-29 21:00:29.433   528  8124 I vold    : AbortIdleMaint idle maintenance stopped
12-29 21:00:29.449  1676  1891 D HwActivityTaskManagerServiceEx: isActivityVisiableInFingerBoost:ActivityRecord{cffb08d u0 com.huawei.android.launcher/.unihome.UniHomeLauncher t1002}
12-29 21:00:29.449  1676  1891 D HwActivityTaskManagerServiceEx: isActivityVisiableInFingerBoost:ActivityRecord{cffb08d u0 com.huawei.android.launcher/.unihome.UniHomeLauncher t1002}
12-29 21:00:29.464  1676  2214 W DevicePolicyManager: Unknown user type: UserInfo{128:分身应用:4000410}
12-29 21:00:29.467  1676  2216 W DevicePolicyManager: Unknown user type: UserInfo{128:分身应用:4000410}
12-29 21:00:29.468  1676  2216 W DevicePolicyManager: Unknown user type: UserInfo{128:分身应用:4000410}
12-29 21:00:29.468  1676  2216 W DevicePolicyManager: Unknown user type: UserInfo{128:分身应用:4000410}
12-29 21:00:29.468  1676  2214 W DevicePolicyManager: Unknown user type: UserInfo{128:分身应用:4000410}
12-29 21:00:29.481  1676  2216 W DevicePolicyManager: Unknown user type: UserInfo{128:分身应用:4000410}
12-29 21:00:29.493  1676  1676 I EyeProtectionControllerImpl: onReceive intent action = android.intent.action.SCREEN_ON
12-29 21:00:29.499  2842  3181 I KernelQoeChr: KernelQoeChrhandleMessage : msg = 2130903090
12-29 21:00:29.499  2842  3181 I KernelQoeChr: updateScreenState mIsScreenOn:true
12-29 21:00:29.501  2842  2842 I BoosterTelephonyCollector: ScreenStateChaned isNewState=true
12-29 21:00:29.511  2842  3181 I SmartDualCardConfig: getAppType,pkgName=com.huawei.android.launcher,appType=28
12-29 21:00:29.511  2842  3181 E SmartDualCardConfig: isAppInBlackList false,items==null
12-29 21:00:29.527  2842  3181 E Booster_HumanFactorTraffic: [getRemainDailyDataTraffic]dataPackage:-1
12-29 21:00:29.530  1676  3471 I NetworkStats: forceUpdate, pid = 2764
12-29 21:00:29.530  1676  3471 I NetworkStats: performPollLocked, pid = 2764
12-29 21:00:29.536  1676  3471 I NetworkStatsCollection: getSummary, uid = 1000stats size = 67
12-29 21:00:29.536  1676  3471 I NetworkStatsCollection: getSummary, uid = 1000stats size = 67
12-29 21:00:29.536  1676  3471 I NetworkStatsCollection: getSummary, uid = 1000stats size = 894
12-29 21:00:29.537  1676  3471 I NetworkStatsCollection: getSummary, uid = 1000stats size = 67
12-29 21:00:29.537  1676  3471 I NetworkStatsCollection: getSummary, uid = 1000stats size = 67
12-29 21:00:29.537  1676  3471 I NetworkStatsCollection: getSummary, uid = 1000stats size = 894
12-29 21:00:29.539  1676  3471 I NetworkStats: callingPid is system 2764
12-29 21:00:29.540  1676  2313 I NetworkStats: History for network, uid = 1000
12-29 21:00:29.540  1676  3471 I NetworkStats: openSession, pid = 2764
12-29 21:00:29.549  1676  3471 D HwActivityTaskManagerServiceEx: loadRunningPackages packageInfo : pkg:com.huawei.appmarket visible:false, pkg:com.huawei.systemmanager visible:false, pkg:com.tencent.mm visible:false, pkg:com.tencent.androidqqmail visible:false, pkg:com.android.mms visible:false, pkg:com.huawei.gamebox visible:false, pkg:com.huawei.calendar visible:false, pkg:com.huawei.android.launcher visible:true, pkg:com.huawei.contacts visible:false, pkg:com.huawei.filemanager visible:false, pkg:com.android.settings visible:false, pkg:com.ss.android.ugc.aweme.lite visible:false, pkg:com.tencent.news visible:false,
12-29 21:00:29.553  1676  2313 I NetworkStats: Summary for network, uid = 1000
12-29 21:00:29.553  1676  2313 I NetworkStats: History for network, uid = 1000
12-29 21:00:29.553  1676  2313 I NetworkStats: Summary for network, uid = 1000
12-29 21:00:29.553  1676  2313 I NetworkStats: History for network, uid = 1000
12-29 21:00:29.553  1676  2313 I NetworkStats: Summary for network, uid = 1000
12-29 21:00:29.555  1676  2216 I NetworkStats: History for network, uid = 1000
12-29 21:00:29.556  1676  3471 W ProcBatteryStats: timer is running , not start, name: com.android.phone, uid: 1001, tag: RILJ_ACK_WL
12-29 21:00:29.558  1676  3471 W ProcBatteryStats: timer is running , not start, name: com.android.phone, uid: 1001, tag: *telephony-radio*
12-29 21:00:29.562  1676  2216 I NetworkStats: Summary for network, uid = 1000
12-29 21:00:29.564  1676  3471 I NetworkStats: forceUpdate, pid = 2764
12-29 21:00:29.564  1676  3471 I NetworkStats: performPollLocked, pid = 2764
12-29 21:00:29.575  1676  1676 I SpaceOptFWK:PeriodicallyAutomaticDecompression: SCREEN ON
12-29 21:00:29.575  1676  1676 I SpaceOptFWK:PeriodicallyAutomaticDecompressionJob: Cancel decompression job!
12-29 21:00:29.575  1676  1676 I SpaceOptFWK:PeriodicallyAutomaticDecompressionJob: schedule PreDecompress task by user 0, run after 1007min38s
12-29 21:00:29.575  1676  3471 I NetworkStatsCollection: getSummary, uid = 1000stats size = 67
12-29 21:00:29.576  1676  3471 I NetworkStatsCollection: getSummary, uid = 1000stats size = 67
12-29 21:00:29.576  1676  3471 I NetworkStatsCollection: getSummary, uid = 1000stats size = 894
12-29 21:00:29.576  1676  3471 I NetworkStatsCollection: getSummary, uid = 1000stats size = 67
12-29 21:00:29.576  1676  3471 I NetworkStatsCollection: getSummary, uid = 1000stats size = 67
12-29 21:00:29.576  1676  3471 I NetworkStatsCollection: getSummary, uid = 1000stats size = 894
12-29 21:00:29.577  1676  3471 I NetworkStats: callingPid is system 2764
12-29 21:00:29.578  1676  3471 I NetworkStats: openSession, pid = 2764
12-29 21:00:29.578  1676  1676 I HwSwingEyeGazeHub: on receive action : android.intent.action.SCREEN_ON
12-29 21:00:29.578  1676  1676 I HwSwingEyeGazeHub: refreshScreenOutTime is beginning !
12-29 21:00:29.578  1676  1676 I HwSwingEyeGazeHub: screenOffTimeOut = 120000 , mLastRemainTime = 120000
12-29 21:00:29.578  1676  1676 I HwSwingEyeGazeHub: PowerManagerCallback not registered yet !
12-29 21:00:29.578  1676  1676 I HwSwingEyeGazeHub: registerPowerManagerCallback remainTime = 16000
12-29 21:00:29.578  1676  1676 I HwSwingEyeGazeHub: do registerPowerManagerCallback
12-29 21:00:29.578  1676  1676 I PowerManagerService: registerScreenStateCallback success, schedulEyeDetectTimeout
